Simu1_1 2021-11-23 11:06:37 8208 正常|好点 true 浮点型r/R
Simu1_1 2021-11-23 11:06:38 8208 正常|好点 true 浮点型r/R
Simu1_1 2021-11-23 11:06:39 8208 正常|好点 true 浮点型r/R
Simu1_1 2021-11-23 11:06:40 8208 正常|好点 true 浮点型r/R
Simu1_1 2021-11-23 11:06:41 8208 正常|好点 true 浮点型r/R
Simu1_1 2021-11-23 11:06:42 8208 正常|好点 true 浮点型r/R
Simu1_1 2021-11-23 11:06:43 8208 正常|好点 true 浮点型r/R
Simu1_1 2021-11-23 11:06:44 8208 正常|好点 true 浮点型r/R
Simu1_1 2021-11-23 11:06:45 8208 正常|好点 true 浮点型r/R
Simu1_1 2021-11-23 11:06:46 8208 正常|好点 true 浮点型r/R
Simu1_1 2021-11-23 11:06:47 8208 正常|好点 true 浮点型r/R
Simu1_1 2021-11-23 11:06:48 8208 正常|好点 true 浮点型r/R
Simu1_1 2021-11-23 11:06:49 8208 正常|好点 true 浮点型r/R
Simu1_1 2021-11-23 11:06:50 8208 正常|好点 true 浮点型r/R
Simu1_1 2021-11-23 11:06:51 8208 正常|好点 true 浮点型r/R
Simu1_1 2021-11-23 11:06:52 8208 正常|好点 true 浮点型r/R
Simu1_1 2021-11-23 11:06:53 8208 正常|好点 true 浮点型r/R
Simu1_1 2021-11-23 11:06:54 8208 正常|好点 true 浮点型r/R
Simu1_1 2021-11-23 11:06:55 8208 正常|好点 true 浮点型r/R
Simu1_1 2021-11-23 11:06:56 8208 正常|好点 true 浮点型r/R
Simu1_1 2021-11-23 11:06:57 8208 正常|好点 true 浮点型r/R
Simu1_1 2021-11-23 11:06:58 8208 正常|好点 true 浮点型r/R
Simu1_1 2021-11-23 11:06:59 8208 正常|好点 true 浮点型r/R
Simu1_1 2021-11-23 11:07:00 8208 正常|好点 true 浮点型r/R
Simu1_1 2021-11-23 11:07:01 8208 正常|好点 true 浮点型r/R
Simu1_1 2021-11-23 11:07:02 8208 正常|好点 true 浮点型r/R
Simu1_1 2021-11-23 11:07:03 8208 正常|好点 true 浮点型r/R
Simu1_1 2021-11-23 11:07:04 8208 正常|好点 true 浮点型r/R
Simu1_1 2021-11-23 11:07:05 8208 正常|好点 true 浮点型r/R
Simu1_1 2021-11-23 11:07:06 8208 正常|好点 true 浮点型r/R
Simu1_1 2021-11-23 11:07:07 8208 正常|好点 true 浮点型r/R
Simu1_1 2021-11-23 11:07:08 8208 正常|好点 false 浮点型r/R
Simu1_1 2021-11-23 11:07:09 8208 正常|好点 true 浮点型r/R
Simu1_1 2021-11-23 11:07:10 8208 正常|好点 true 浮点型r/R
Simu1_1 2021-11-23 11:07:11 8208 正常|好点 true 浮点型r/R
Simu1_1 2021-11-23 11:07:12 8208 正常|好点 true 浮点型r/R
Simu1_1 2021-11-23 11:07:13 8208 正常|好点 true 浮点型r/R
Simu1_1 2021-11-23 11:07:14 8208 正常|好点 true 浮点型r/R
Simu1_1 2021-11-23 11:07:15 8208 正常|好点 true 浮点型r/R
Simu1_1 2021-11-23 11:07:16 8208 正常|好点 true 浮点型r/R
Simu1_1 2021-11-23 11:07:17 8208 正常|好点 true 浮点型r/R
Simu1_1 2021-11-23 11:07:18 8208 正常|好点 true 浮点型r/R
Simu1_1 2021-11-23 11:07:19 8208 正常|好点 true 浮点型r/R
Simu1_1 2021-11-23 11:07:20 8208 正常|好点 true 浮点型r/R
Simu1_1 2021-11-23 11:07:21 8208 正常|好点 true 浮点型r/R
Simu1_1 2021-11-23 11:07:22 8208 正常|好点 true 浮点型r/R
Simu1_1 2021-11-23 11:07:23 8208 正常|好点 true 浮点型r/R
Simu1_1 2021-11-23 11:07:24 8208 正常|好点 true 浮点型r/R
Simu1_1 2021-11-23 11:07:25 8208 正常|好点 true 浮点型r/R
Simu1_1 2021-11-23 11:07:26 8208 正常|好点 true 浮点型r/R
Simu1_1 2021-11-23 11:07:27 8208 正常|好点 true 浮点型r/R
Simu1_1 2021-11-23 11:07:28 8208 正常|好点 true 浮点型r/R
Simu1_1 2021-11-23 11:07:29 8208 正常|好点 true 浮点型r/R
Simu1_1 2021-11-23 11:07:30 8208 正常|好点 true 浮点型r/R
Simu1_1 2021-11-23 11:07:31 8208 正常|好点 true 浮点型r/R
Simu1_1 2021-11-23 11:07:32 8208 正常|好点 true 浮点型r/R
Simu1_1 2021-11-23 11:07:33 8208 正常|好点 true 浮点型r/R
Simu1_1 2021-11-23 11:07:34 8208 正常|好点 true 浮点型r/R
Simu1_1 2021-11-23 11:07:35 8208 正常|好点 true 浮点型r/R
Simu1_1 2021-11-23 11:07:36 8208 正常|好点 true 浮点型r/R
Simu1_1 2021-11-23 11:07:37 8208 正常|好点 true 浮点型r/R
Simu1_1 2021-11-23 11:07:38 8208 正常|好点 true 浮点型r/R
Simu1_1 2021-11-23 11:07:39 8208 正常|好点 true 浮点型r/R
Simu1_1 2021-11-23 11:07:40 8208 正常|好点 true 浮点型r/R
Simu1_1 2021-11-23 11:07:41 8208 正常|好点 true 浮点型r/R
Simu1_1 2021-11-23 11:07:42 8208 正常|好点 true 浮点型r/R
Simu1_1 2021-11-23 11:07:43 8208 正常|好点 true 浮点型r/R
Simu1_1 2021-11-23 11:07:44 8208 正常|好点 true 浮点型r/R
Simu1_1 2021-11-23 11:07:45 8208 正常|好点 true 浮点型r/R
Simu1_1 2021-11-23 11:07:46 8208 正常|好点 true 浮点型r/R
Simu1_1 2021-11-23 11:07:47 8208 正常|好点 true 浮点型r/R
Simu1_1 2021-11-23 11:07:48 8208 正常|好点 true 浮点型r/R
Simu1_1 2021-11-23 11:07:49 8208 正常|好点 true 浮点型r/R
Simu1_1 2021-11-23 11:07:50 8208 正常|好点 true 浮点型r/R
Simu1_1 2021-11-23 11:07:51 8208 正常|好点 true 浮点型r/R
Simu1_1 2021-11-23 11:07:52 8208 正常|好点 true 浮点型r/R
Simu1_1 2021-11-23 11:07:53 8208 正常|好点 true 浮点型r/R
Simu1_1 2021-11-23 11:07:54 8208 正常|好点 true 浮点型r/R
Simu1_1 2021-11-23 11:07:55 8208 正常|好点 true 浮点型r/R
Simu1_1 2021-11-23 11:07:56 8208 正常|好点 true 浮点型r/R
Simu1_1 2021-11-23 11:07:57 8208 正常|好点 true 浮点型r/R
Simu1_1 2021-11-23 11:07:58 8208 正常|好点 true 浮点型r/R
Simu1_1 2021-11-23 11:07:59 8208 正常|好点 true 浮点型r/R
Simu1_1 2021-11-23 11:08:00 8208 正常|好点 true 浮点型r/R
Simu1_1 2021-11-23 11:08:01 8208 正常|好点 true 浮点型r/R
Simu1_1 2021-11-23 11:08:02 8208 正常|好点 true 浮点型r/R
Simu1_1 2021-11-23 11:08:03 8208 正常|好点 true 浮点型r/R
Simu1_1 2021-11-23 11:08:04 8208 正常|好点 true 浮点型r/R
Simu1_1 2021-11-23 11:08:05 8208 正常|好点 true 浮点型r/R
Simu1_1 2021-11-23 11:08:06 8208 正常|好点 true 浮点型r/R
Simu1_1 2021-11-23 11:08:07 8208 正常|好点 true 浮点型r/R
Simu1_1 2021-11-23 11:08:08 8208 正常|好点 true 浮点型r/R
Simu1_1 2021-11-23 11:08:09 8208 正常|好点 true 浮点型r/R
Simu1_1 2021-11-23 11:08:10 8208 正常|好点 true 浮点型r/R
Simu1_1 2021-11-23 11:08:11 8208 正常|好点 true 浮点型r/R
Simu1_1 2021-11-23 11:08:12 8208 正常|好点 true 浮点型r/R
Simu1_1 2021-11-23 11:08:13 8208 正常|好点 true 浮点型r/R
Simu1_1 2021-11-23 11:08:14 8208 正常|好点 true 浮点型r/R
Simu1_1 2021-11-23 11:08:15 8208 正常|好点 true 浮点型r/R
Simu1_1 2021-11-23 11:08:16 8208 正常|好点 true 浮点型r/R
Simu1_1 2021-11-23 11:08:17 8208 正常|好点 true 浮点型r/R
Simu1_1 2021-11-23 11:08:18 8208 正常|好点 true 浮点型r/R
Simu1_1 2021-11-23 11:08:19 8208 正常|好点 true 浮点型r/R
Simu1_1 2021-11-23 11:08:20 8208 正常|好点 true 浮点型r/R
Simu1_1 2021-11-23 11:08:21 8208 正常|好点 true 浮点型r/R
Simu1_1 2021-11-23 11:08:22 8208 正常|好点 true 浮点型r/R
Simu1_1 2021-11-23 11:08:23 8208 正常|好点 true 浮点型r/R
Simu1_1 2021-11-23 11:08:24 8208 正常|好点 true 浮点型r/R
Simu1_1 2021-11-23 11:08:25 8208 正常|好点 true 浮点型r/R
Simu1_1 2021-11-23 11:08:26 8208 正常|好点 true 浮点型r/R
Simu1_1 2021-11-23 11:08:27 8208 正常|好点 true 浮点型r/R
Simu1_1 2021-11-23 11:08:28 8208 正常|好点 true 浮点型r/R
Simu1_1 2021-11-23 11:08:29 8208 正常|好点 true 浮点型r/R
Simu1_1 2021-11-23 11:08:30 8208 正常|好点 true 浮点型r/R
Simu1_1 2021-11-23 11:08:31 8208 正常|好点 true 浮点型r/R
Simu1_1 2021-11-23 11:08:32 8208 正常|好点 true 浮点型r/R
Simu1_1 2021-11-23 11:08:33 8208 正常|好点 true 浮点型r/R
Simu1_1 2021-11-23 11:08:34 8208 正常|好点 true 浮点型r/R
Simu1_1 2021-11-23 11:08:35 8208 正常|好点 true 浮点型r/R
Simu1_1 2021-11-23 11:08:36 8208 正常|好点 true 浮点型r/R
Simu1_1 2021-11-23 11:08:37 8208 正常|好点 true 浮点型r/R
Simu1_1 2021-11-23 11:08:38 8208 正常|好点 true 浮点型r/R
Simu1_1 2021-11-23 11:08:39 8208 正常|好点 true 浮点型r/R
Simu1_1 2021-11-23 11:08:40 8208 正常|好点 true 浮点型r/R
Simu1_1 2021-11-23 11:08:41 8208 正常|好点 true 浮点型r/R
Simu1_1 2021-11-23 11:08:42 8208 正常|好点 true 浮点型r/R
Simu1_1 2021-11-23 11:08:43 8208 正常|好点 true 浮点型r/R
Simu1_1 2021-11-23 11:08:44 8208 正常|好点 true 浮点型r/R
Simu1_1 2021-11-23 11:08:45 8208 正常|好点 true 浮点型r/R
Simu1_1 2021-11-23 11:08:46 8208 正常|好点 true 浮点型r/R
Simu1_1 2021-11-23 11:08:47 8208 正常|好点 true 浮点型r/R
Simu1_1 2021-11-23 11:08:48 8208 正常|好点 true 浮点型r/R
Simu1_1 2021-11-23 11:08:49 8208 正常|好点 true 浮点型r/R
Simu1_1 2021-11-23 11:08:50 8208 正常|好点 true 浮点型r/R
Simu1_1 2021-11-23 11:08:51 8208 正常|好点 true 浮点型r/R
Simu1_1 2021-11-23 11:08:52 8208 正常|好点 true 浮点型r/R
Simu1_1 2021-11-23 11:08:53 8208 正常|好点 true 浮点型r/R
Simu1_1 2021-11-23 11:08:54 8208 正常|好点 true 浮点型r/R
Simu1_1 2021-11-23 11:08:55 8208 正常|好点 true 浮点型r/R
Simu1_1 2021-11-23 11:08:56 8208 正常|好点 true 浮点型r/R
Simu1_1 2021-11-23 11:08:57 8208 正常|好点 true 浮点型r/R
Simu1_1 2021-11-23 11:08:58 8208 正常|好点 true 浮点型r/R
Simu1_1 2021-11-23 11:08:59 8208 正常|好点 true 浮点型r/R
Simu1_1 2021-11-23 11:09:00 8208 正常|好点 true 浮点型r/R
Simu1_1 2021-11-23 11:09:01 8208 正常|好点 true 浮点型r/R
Simu1_1 2021-11-23 11:09:02 8208 正常|好点 true 浮点型r/R
Simu1_1 2021-11-23 11:09:03 8208 正常|好点 true 浮点型r/R
Simu1_1 2021-11-23 11:09:04 8208 正常|好点 true 浮点型r/R
Simu1_1 2021-11-23 11:09:05 8208 正常|好点 true 浮点型r/R
Simu1_1 2021-11-23 11:09:06 8208 正常|好点 true 浮点型r/R
Simu1_1 2021-11-23 11:09:07 8208 正常|好点 true 浮点型r/R
Simu1_1 2021-11-23 11:09:08 8208 正常|好点 true 浮点型r/R
Simu1_1 2021-11-23 11:09:09 8208 正常|好点 true 浮点型r/R
Simu1_1 2021-11-23 11:09:10 8208 正常|好点 true 浮点型r/R
Simu1_1 2021-11-23 11:09:11 8208 正常|好点 true 浮点型r/R
Simu1_1 2021-11-23 11:09:12 8208 正常|好点 true 浮点型r/R
Simu1_1 2021-11-23 11:09:13 8208 正常|好点 true 浮点型r/R
Simu1_1 2021-11-23 11:09:14 8208 正常|好点 true 浮点型r/R
Simu1_1 2021-11-23 11:09:15 8208 正常|好点 true 浮点型r/R
Simu1_1 2021-11-23 11:09:16 8208 正常|好点 true 浮点型r/R
Simu1_1 2021-11-23 11:09:17 8208 正常|好点 true 浮点型r/R
Simu1_1 2021-11-23 11:09:18 8208 正常|好点 true 浮点型r/R
Simu1_1 2021-11-23 11:09:19 8208 正常|好点 true 浮点型r/R
Simu1_1 2021-11-23 11:09:20 8208 正常|好点 true 浮点型r/R
Simu1_1 2021-11-23 11:09:21 8208 正常|好点 true 浮点型r/R
Simu1_1 2021-11-23 11:09:22 8208 正常|好点 true 浮点型r/R
Simu1_1 2021-11-23 11:09:23 8208 正常|好点 true 浮点型r/R
Simu1_1 2021-11-23 11:09:24 8208 正常|好点 true 浮点型r/R
Simu1_1 2021-11-23 11:09:25 8208 正常|好点 true 浮点型r/R
Simu1_1 2021-11-23 11:09:26 8208 正常|好点 true 浮点型r/R
Simu1_1 2021-11-23 11:09:27 8208 正常|好点 true 浮点型r/R
Simu1_1 2021-11-23 11:09:28 8208 正常|好点 true 浮点型r/R
Simu1_1 2021-11-23 11:09:29 8208 正常|好点 true 浮点型r/R
Simu1_1 2021-11-23 11:09:30 8208 正常|好点 true 浮点型r/R
Simu1_1 2021-11-23 11:09:31 8208 正常|好点 true 浮点型r/R
Simu1_1 2021-11-23 11:09:32 8208 正常|好点 true 浮点型r/R
Simu1_1 2021-11-23 11:09:33 8208 正常|好点 true 浮点型r/R
Simu1_1 2021-11-23 11:09:34 8208 正常|好点 true 浮点型r/R
Simu1_1 2021-11-23 11:09:35 8208 正常|好点 true 浮点型r/R
Simu1_1 2021-11-23 11:09:36 8208 正常|好点 true 浮点型r/R
Simu1_1 2021-11-23 11:09:37 8208 正常|好点 true 浮点型r/R
Simu1_1 2021-11-23 11:09:38 8208 正常|好点 false 浮点型r/R
Simu1_1 2021-11-23 11:09:39 8208 正常|好点 true 浮点型r/R
Simu1_1 2021-11-23 11:09:40 8208 正常|好点 true 浮点型r/R
Simu1_1 2021-11-23 11:09:41 8208 正常|好点 true 浮点型r/R
Simu1_1 2021-11-23 11:09:42 8208 正常|好点 true 浮点型r/R
Simu1_1 2021-11-23 11:09:43 8208 正常|好点 true 浮点型r/R
Simu1_1 2021-11-23 11:09:44 8208 正常|好点 true 浮点型r/R
Simu1_1 2021-11-23 11:09:45 8208 正常|好点 true 浮点型r/R
Simu1_1 2021-11-23 11:09:46 8208 正常|好点 true 浮点型r/R
Simu1_1 2021-11-23 11:09:47 8208 正常|好点 true 浮点型r/R
Simu1_1 2021-11-23 11:09:48 8208 正常|好点 true 浮点型r/R
Simu1_1 2021-11-23 11:09:49 8208 正常|好点 true 浮点型r/R
Simu1_1 2021-11-23 11:09:50 8208 正常|好点 true 浮点型r/R
Simu1_1 2021-11-23 11:09:51 8208 正常|好点 true 浮点型r/R
Simu1_1 2021-11-23 11:09:52 8208 正常|好点 true 浮点型r/R
Simu1_1 2021-11-23 11:09:53 8208 正常|好点 true 浮点型r/R
Simu1_1 2021-11-23 11:09:54 8208 正常|好点 true 浮点型r/R
Simu1_1 2021-11-23 11:09:55 8208 正常|好点 true 浮点型r/R
Simu1_1 2021-11-23 11:09:56 8208 正常|好点 true 浮点型r/R
Simu1_1 2021-11-23 11:09:57 8208 正常|好点 true 浮点型r/R
Simu1_1 2021-11-23 11:09:58 8208 正常|好点 true 浮点型r/R
Simu1_1 2021-11-23 11:09:59 8208 正常|好点 true 浮点型r/R
Simu1_1 2021-11-23 11:10:00 8208 正常|好点 true 浮点型r/R
Simu1_1 2021-11-23 11:10:01 8208 正常|好点 true 浮点型r/R
Simu1_1 2021-11-23 11:10:02 8208 正常|好点 true 浮点型r/R
Simu1_1 2021-11-23 11:10:03 8208 正常|好点 true 浮点型r/R
Simu1_1 2021-11-23 11:10:04 8208 正常|好点 true 浮点型r/R
Simu1_1 2021-11-23 11:10:05 8208 正常|好点 true 浮点型r/R
Simu1_1 2021-11-23 11:10:06 8208 正常|好点 true 浮点型r/R
Simu1_1 2021-11-23 11:10:07 8208 正常|好点 true 浮点型r/R
Simu1_1 2021-11-23 11:10:08 8208 正常|好点 true 浮点型r/R
Simu1_1 2021-11-23 11:10:09 8208 正常|好点 true 浮点型r/R
Simu1_1 2021-11-23 11:10:10 8208 正常|好点 true 浮点型r/R
Simu1_1 2021-11-23 11:10:11 8208 正常|好点 true 浮点型r/R
Simu1_1 2021-11-23 11:10:12 8208 正常|好点 true 浮点型r/R
Simu1_1 2021-11-23 11:10:13 8208 正常|好点 true 浮点型r/R
Simu1_1 2021-11-23 11:10:14 8208 正常|好点 true 浮点型r/R
Simu1_1 2021-11-23 11:10:15 8208 正常|好点 true 浮点型r/R
Simu1_1 2021-11-23 11:10:16 8208 正常|好点 true 浮点型r/R
Simu1_1 2021-11-23 11:10:17 8208 正常|好点 true 浮点型r/R
Simu1_1 2021-11-23 11:10:18 8208 正常|好点 true 浮点型r/R
Simu1_1 2021-11-23 11:10:19 8208 正常|好点 true 浮点型r/R
Simu1_1 2021-11-23 11:10:20 8208 正常|好点 true 浮点型r/R
Simu1_1 2021-11-23 11:10:21 8208 正常|好点 true 浮点型r/R
Simu1_1 2021-11-23 11:10:22 8208 正常|好点 true 浮点型r/R
Simu1_1 2021-11-23 11:10:23 8208 正常|好点 true 浮点型r/R
Simu1_1 2021-11-23 11:10:24 8208 正常|好点 true 浮点型r/R
Simu1_1 2021-11-23 11:10:25 8208 正常|好点 true 浮点型r/R
Simu1_1 2021-11-23 11:10:26 8208 正常|好点 true 浮点型r/R
Simu1_1 2021-11-23 11:10:27 8208 正常|好点 true 浮点型r/R
Simu1_1 2021-11-23 11:10:28 8208 正常|好点 true 浮点型r/R
Simu1_1 2021-11-23 11:10:29 8208 正常|好点 true 浮点型r/R
Simu1_1 2021-11-23 11:10:30 8208 正常|好点 true 浮点型r/R
Simu1_1 2021-11-23 11:10:31 8208 正常|好点 true 浮点型r/R
Simu1_1 2021-11-23 11:10:32 8208 正常|好点 true 浮点型r/R
Simu1_1 2021-11-23 11:10:33 8208 正常|好点 true 浮点型r/R
Simu1_1 2021-11-23 11:10:34 8208 正常|好点 true 浮点型r/R
Simu1_1 2021-11-23 11:10:35 8208 正常|好点 true 浮点型r/R
Simu1_1 2021-11-23 11:10:36 8208 正常|好点 true 浮点型r/R
Simu1_1 2021-11-23 11:10:37 8208 正常|好点 true 浮点型r/R
Simu1_1 2021-11-23 11:10:38 8208 正常|好点 true 浮点型r/R
Simu1_1 2021-11-23 11:10:39 8208 正常|好点 true 浮点型r/R
Simu1_1 2021-11-23 11:10:40 8208 正常|好点 true 浮点型r/R
Simu1_1 2021-11-23 11:10:41 8208 正常|好点 true 浮点型r/R
Simu1_1 2021-11-23 11:10:42 8208 正常|好点 true 浮点型r/R
Simu1_1 2021-11-23 11:10:43 8208 正常|好点 true 浮点型r/R
Simu1_1 2021-11-23 11:10:44 8208 正常|好点 true 浮点型r/R
Simu1_1 2021-11-23 11:10:45 8208 正常|好点 true 浮点型r/R
Simu1_1 2021-11-23 11:10:46 8208 正常|好点 true 浮点型r/R
Simu1_1 2021-11-23 11:10:47 8208 正常|好点 true 浮点型r/R
Simu1_1 2021-11-23 11:10:48 8208 正常|好点 true 浮点型r/R
Simu1_1 2021-11-23 11:10:49 8208 正常|好点 true 浮点型r/R
Simu1_1 2021-11-23 11:10:50 8208 正常|好点 true 浮点型r/R
Simu1_1 2021-11-23 11:10:51 8208 正常|好点 true 浮点型r/R
Simu1_1 2021-11-23 11:10:52 8208 正常|好点 true 浮点型r/R
Simu1_1 2021-11-23 11:10:53 8208 正常|好点 true 浮点型r/R
Simu1_1 2021-11-23 11:10:54 8208 正常|好点 true 浮点型r/R
Simu1_1 2021-11-23 11:10:55 8208 正常|好点 true 浮点型r/R
Simu1_1 2021-11-23 11:10:56 8208 正常|好点 true 浮点型r/R
Simu1_1 2021-11-23 11:10:57 8208 正常|好点 true 浮点型r/R
Simu1_1 2021-11-23 11:10:58 8208 正常|好点 true 浮点型r/R
Simu1_1 2021-11-23 11:10:59 8208 正常|好点 true 浮点型r/R
Simu1_1 2021-11-23 11:11:00 8208 正常|好点 true 浮点型r/R
Simu1_1 2021-11-23 11:11:01 8208 正常|好点 true 浮点型r/R
Simu1_1 2021-11-23 11:11:02 8208 正常|好点 true 浮点型r/R
Simu1_1 2021-11-23 11:11:03 8208 正常|好点 true 浮点型r/R
Simu1_1 2021-11-23 11:11:04 8208 正常|好点 true 浮点型r/R
Simu1_1 2021-11-23 11:11:05 8208 正常|好点 true 浮点型r/R
Simu1_1 2021-11-23 11:11:06 8208 正常|好点 true 浮点型r/R
Simu1_1 2021-11-23 11:11:07 8208 正常|好点 true 浮点型r/R
Simu1_1 2021-11-23 11:11:08 8208 正常|好点 true 浮点型r/R
Simu1_1 2021-11-23 11:11:09 8208 正常|好点 true 浮点型r/R
Simu1_1 2021-11-23 11:11:10 8208 正常|好点 true 浮点型r/R
Simu1_1 2021-11-23 11:11:11 8208 正常|好点 true 浮点型r/R
Simu1_1 2021-11-23 11:11:12 8208 正常|好点 true 浮点型r/R
Simu1_1 2021-11-23 11:11:13 8208 正常|好点 true 浮点型r/R
Simu1_1 2021-11-23 11:11:14 8208 正常|好点 true 浮点型r/R
Simu1_1 2021-11-23 11:11:15 8208 正常|好点 true 浮点型r/R
Simu1_1 2021-11-23 11:11:16 8208 正常|好点 true 浮点型r/R
Simu1_1 2021-11-23 11:11:17 8208 正常|好点 true 浮点型r/R
Simu1_1 2021-11-23 11:11:18 8208 正常|好点 true 浮点型r/R
Simu1_1 2021-11-23 11:11:19 8208 正常|好点 true 浮点型r/R
Simu1_1 2021-11-23 11:11:20 8208 正常|好点 true 浮点型r/R
Simu1_1 2021-11-23 11:11:21 8208 正常|好点 true 浮点型r/R
Simu1_1 2021-11-23 11:11:22 8208 正常|好点 true 浮点型r/R
Simu1_1 2021-11-23 11:11:23 8208 正常|好点 true 浮点型r/R
Simu1_1 2021-11-23 11:11:24 8208 正常|好点 true 浮点型r/R
Simu1_1 2021-11-23 11:11:25 8208 正常|好点 true 浮点型r/R
Simu1_1 2021-11-23 11:11:26 8208 正常|好点 true 浮点型r/R
Simu1_1 2021-11-23 11:11:27 8208 正常|好点 true 浮点型r/R
Simu1_1 2021-11-23 11:11:28 8208 正常|好点 true 浮点型r/R
Simu1_1 2021-11-23 11:11:29 8208 正常|好点 true 浮点型r/R
Simu1_1 2021-11-23 11:11:30 8208 正常|好点 true 浮点型r/R
Simu1_1 2021-11-23 11:11:31 8208 正常|好点 true 浮点型r/R
Simu1_1 2021-11-23 11:11:32 8208 正常|好点 true 浮点型r/R
Simu1_1 2021-11-23 11:11:33 8208 正常|好点 true 浮点型r/R
Simu1_1 2021-11-23 11:11:34 8208 正常|好点 true 浮点型r/R
Simu1_1 2021-11-23 11:11:35 8208 正常|好点 true 浮点型r/R
Simu1_1 2021-11-23 11:11:36 8208 正常|好点 true 浮点型r/R
Simu1_1 2021-11-23 11:11:37 8208 正常|好点 true 浮点型r/R
Simu1_1 2021-11-23 11:11:38 8208 正常|好点 true 浮点型r/R
Simu1_1 2021-11-23 11:11:39 8208 正常|好点 true 浮点型r/R
Simu1_1 2021-11-23 11:11:40 8208 正常|好点 true 浮点型r/R
Simu1_1 2021-11-23 11:11:41 8208 正常|好点 true 浮点型r/R
Simu1_1 2021-11-23 11:11:42 8208 正常|好点 true 浮点型r/R
Simu1_1 2021-11-23 11:11:43 8208 正常|好点 true 浮点型r/R
Simu1_1 2021-11-23 11:11:44 8208 正常|好点 true 浮点型r/R
Simu1_1 2021-11-23 11:11:45 8208 正常|好点 true 浮点型r/R
Simu1_1 2021-11-23 11:11:46 8208 正常|好点 true 浮点型r/R
Simu1_1 2021-11-23 11:11:47 8208 正常|好点 true 浮点型r/R
Simu1_1 2021-11-23 11:11:48 8208 正常|好点 true 浮点型r/R
Simu1_1 2021-11-23 11:11:49 8208 正常|好点 true 浮点型r/R
Simu1_1 2021-11-23 11:11:50 8208 正常|好点 true 浮点型r/R
Simu1_1 2021-11-23 11:11:51 8208 正常|好点 true 浮点型r/R
Simu1_1 2021-11-23 11:11:52 8208 正常|好点 true 浮点型r/R
Simu1_1 2021-11-23 11:11:53 8208 正常|好点 true 浮点型r/R
Simu1_1 2021-11-23 11:11:54 8208 正常|好点 true 浮点型r/R
Simu1_1 2021-11-23 11:11:55 8208 正常|好点 true 浮点型r/R
Simu1_1 2021-11-23 11:11:56 8208 正常|好点 true 浮点型r/R
Simu1_1 2021-11-23 11:11:57 8208 正常|好点 true 浮点型r/R
Simu1_1 2021-11-23 11:11:58 8208 正常|好点 true 浮点型r/R
Simu1_1 2021-11-23 11:11:59 8208 正常|好点 true 浮点型r/R
Simu1_1 2021-11-23 11:12:00 8208 正常|好点 true 浮点型r/R
Simu1_1 2021-11-23 11:12:01 8208 正常|好点 true 浮点型r/R
Simu1_1 2021-11-23 11:12:02 8208 正常|好点 true 浮点型r/R
Simu1_1 2021-11-23 11:12:03 8208 正常|好点 true 浮点型r/R
Simu1_1 2021-11-23 11:12:04 8208 正常|好点 true 浮点型r/R
Simu1_1 2021-11-23 11:12:05 8208 正常|好点 true 浮点型r/R
Simu1_1 2021-11-23 11:12:06 8208 正常|好点 true 浮点型r/R
Simu1_1 2021-11-23 11:12:07 8208 正常|好点 true 浮点型r/R
Simu1_1 2021-11-23 11:12:08 8208 正常|好点 false 浮点型r/R
Simu1_1 2021-11-23 11:12:09 8208 正常|好点 true 浮点型r/R
Simu1_1 2021-11-23 11:12:10 8208 正常|好点 true 浮点型r/R
Simu1_1 2021-11-23 11:12:11 8208 正常|好点 true 浮点型r/R
Simu1_1 2021-11-23 11:12:12 8208 正常|好点 true 浮点型r/R
Simu1_1 2021-11-23 11:12:13 8208 正常|好点 true 浮点型r/R
Simu1_1 2021-11-23 11:12:14 8208 正常|好点 true 浮点型r/R
Simu1_1 2021-11-23 11:12:15 8208 正常|好点 true 浮点型r/R
Simu1_1 2021-11-23 11:12:16 8208 正常|好点 true 浮点型r/R
Simu1_1 2021-11-23 11:12:17 8208 正常|好点 true 浮点型r/R
Simu1_1 2021-11-23 11:12:18 8208 正常|好点 true 浮点型r/R
Simu1_1 2021-11-23 11:12:19 8208 正常|好点 true 浮点型r/R
Simu1_1 2021-11-23 11:12:20 8208 正常|好点 true 浮点型r/R
Simu1_1 2021-11-23 11:12:21 8208 正常|好点 true 浮点型r/R
Simu1_1 2021-11-23 11:12:22 8208 正常|好点 true 浮点型r/R
Simu1_1 2021-11-23 11:12:23 8208 正常|好点 true 浮点型r/R
Simu1_1 2021-11-23 11:12:24 8208 正常|好点 true 浮点型r/R
Simu1_1 2021-11-23 11:12:25 8208 正常|好点 true 浮点型r/R
Simu1_1 2021-11-23 11:12:26 8208 正常|好点 true 浮点型r/R
Simu1_1 2021-11-23 11:12:27 8208 正常|好点 true 浮点型r/R
Simu1_1 2021-11-23 11:12:28 8208 正常|好点 true 浮点型r/R
Simu1_1 2021-11-23 11:12:29 8208 正常|好点 true 浮点型r/R
Simu1_1 2021-11-23 11:12:30 8208 正常|好点 true 浮点型r/R
Simu1_1 2021-11-23 11:12:31 8208 正常|好点 true 浮点型r/R
Simu1_1 2021-11-23 11:12:32 8208 正常|好点 true 浮点型r/R
Simu1_1 2021-11-23 11:12:33 8208 正常|好点 true 浮点型r/R
Simu1_1 2021-11-23 11:12:34 8208 正常|好点 true 浮点型r/R
Simu1_1 2021-11-23 11:12:35 8208 正常|好点 true 浮点型r/R
Simu1_1 2021-11-23 11:12:36 8208 正常|好点 true 浮点型r/R
Simu1_1 2021-11-23 11:12:37 8208 正常|好点 true 浮点型r/R
Simu1_1 2021-11-23 11:12:38 8208 正常|好点 true 浮点型r/R
Simu1_1 2021-11-23 11:12:39 8208 正常|好点 true 浮点型r/R
Simu1_1 2021-11-23 11:12:40 8208 正常|好点 true 浮点型r/R
Simu1_1 2021-11-23 11:12:41 8208 正常|好点 true 浮点型r/R
Simu1_1 2021-11-23 11:12:42 8208 正常|好点 true 浮点型r/R
Simu1_1 2021-11-23 11:12:43 8208 正常|好点 true 浮点型r/R
Simu1_1 2021-11-23 11:12:44 8208 正常|好点 true 浮点型r/R
Simu1_1 2021-11-23 11:12:45 8208 正常|好点 true 浮点型r/R
Simu1_1 2021-11-23 11:12:46 8208 正常|好点 true 浮点型r/R
Simu1_1 2021-11-23 11:12:47 8208 正常|好点 true 浮点型r/R
Simu1_1 2021-11-23 11:12:48 8208 正常|好点 true 浮点型r/R
Simu1_1 2021-11-23 11:12:49 8208 正常|好点 true 浮点型r/R
Simu1_1 2021-11-23 11:12:50 8208 正常|好点 true 浮点型r/R
Simu1_1 2021-11-23 11:12:51 8208 正常|好点 true 浮点型r/R
Simu1_1 2021-11-23 11:12:52 8208 正常|好点 true 浮点型r/R
Simu1_1 2021-11-23 11:12:53 8208 正常|好点 true 浮点型r/R
Simu1_1 2021-11-23 11:12:54 8208 正常|好点 true 浮点型r/R
Simu1_1 2021-11-23 11:12:55 8208 正常|好点 true 浮点型r/R
Simu1_1 2021-11-23 11:12:56 8208 正常|好点 true 浮点型r/R
Simu1_1 2021-11-23 11:12:57 8208 正常|好点 true 浮点型r/R
Simu1_1 2021-11-23 11:12:58 8208 正常|好点 true 浮点型r/R
Simu1_1 2021-11-23 11:12:59 8208 正常|好点 true 浮点型r/R
Simu1_1 2021-11-23 11:13:00 8208 正常|好点 true 浮点型r/R
Simu1_1 2021-11-23 11:13:01 8208 正常|好点 true 浮点型r/R
Simu1_1 2021-11-23 11:13:02 8208 正常|好点 true 浮点型r/R
Simu1_1 2021-11-23 11:13:03 8208 正常|好点 true 浮点型r/R
Simu1_1 2021-11-23 11:13:04 8208 正常|好点 true 浮点型r/R
Simu1_1 2021-11-23 11:13:05 8208 正常|好点 true 浮点型r/R
Simu1_1 2021-11-23 11:13:06 8208 正常|好点 true 浮点型r/R
Simu1_1 2021-11-23 11:13:07 8208 正常|好点 true 浮点型r/R
Simu1_1 2021-11-23 11:13:08 8208 正常|好点 true 浮点型r/R
Simu1_1 2021-11-23 11:13:09 8208 正常|好点 true 浮点型r/R
Simu1_1 2021-11-23 11:13:10 8208 正常|好点 true 浮点型r/R
Simu1_1 2021-11-23 11:13:11 8208 正常|好点 true 浮点型r/R
Simu1_1 2021-11-23 11:13:12 8208 正常|好点 true 浮点型r/R
Simu1_1 2021-11-23 11:13:13 8208 正常|好点 true 浮点型r/R
Simu1_1 2021-11-23 11:13:14 8208 正常|好点 true 浮点型r/R
Simu1_1 2021-11-23 11:13:15 8208 正常|好点 true 浮点型r/R
Simu1_1 2021-11-23 11:13:16 8208 正常|好点 true 浮点型r/R
Simu1_1 2021-11-23 11:13:17 8208 正常|好点 true 浮点型r/R
Simu1_1 2021-11-23 11:13:18 8208 正常|好点 true 浮点型r/R
Simu1_1 2021-11-23 11:13:19 8208 正常|好点 true 浮点型r/R
Simu1_1 2021-11-23 11:13:20 8208 正常|好点 true 浮点型r/R
Simu1_1 2021-11-23 11:13:21 8208 正常|好点 true 浮点型r/R
Simu1_1 2021-11-23 11:13:22 8208 正常|好点 true 浮点型r/R
Simu1_1 2021-11-23 11:13:23 8208 正常|好点 true 浮点型r/R
Simu1_1 2021-11-23 11:13:24 8208 正常|好点 true 浮点型r/R
Simu1_1 2021-11-23 11:13:25 8208 正常|好点 true 浮点型r/R
Simu1_1 2021-11-23 11:13:26 8208 正常|好点 true 浮点型r/R
Simu1_1 2021-11-23 11:13:27 8208 正常|好点 true 浮点型r/R
Simu1_1 2021-11-23 11:13:28 8208 正常|好点 true 浮点型r/R
Simu1_1 2021-11-23 11:13:29 8208 正常|好点 true 浮点型r/R
Simu1_1 2021-11-23 11:13:30 8208 正常|好点 true 浮点型r/R
Simu1_1 2021-11-23 11:13:31 8208 正常|好点 true 浮点型r/R
Simu1_1 2021-11-23 11:13:32 8208 正常|好点 true 浮点型r/R
Simu1_1 2021-11-23 11:13:33 8208 正常|好点 true 浮点型r/R
Simu1_1 2021-11-23 11:13:34 8208 正常|好点 true 浮点型r/R
Simu1_1 2021-11-23 11:13:35 8208 正常|好点 true 浮点型r/R
Simu1_1 2021-11-23 11:13:36 8208 正常|好点 true 浮点型r/R
Simu1_1 2021-11-23 11:13:37 8208 正常|好点 true 浮点型r/R
Simu1_1 2021-11-23 11:13:38 8208 正常|好点 true 浮点型r/R
Simu1_1 2021-11-23 11:13:39 8208 正常|好点 true 浮点型r/R
Simu1_1 2021-11-23 11:13:40 8208 正常|好点 true 浮点型r/R
Simu1_1 2021-11-23 11:13:41 8208 正常|好点 true 浮点型r/R
Simu1_1 2021-11-23 11:13:42 8208 正常|好点 true 浮点型r/R
Simu1_1 2021-11-23 11:13:43 8208 正常|好点 true 浮点型r/R
Simu1_1 2021-11-23 11:13:44 8208 正常|好点 true 浮点型r/R
Simu1_1 2021-11-23 11:13:45 8208 正常|好点 true 浮点型r/R
Simu1_1 2021-11-23 11:13:46 8208 正常|好点 true 浮点型r/R
Simu1_1 2021-11-23 11:13:47 8208 正常|好点 true 浮点型r/R
Simu1_1 2021-11-23 11:13:48 8208 正常|好点 true 浮点型r/R
Simu1_1 2021-11-23 11:13:49 8208 正常|好点 true 浮点型r/R
Simu1_1 2021-11-23 11:13:50 8208 正常|好点 true 浮点型r/R
Simu1_1 2021-11-23 11:13:51 8208 正常|好点 true 浮点型r/R
Simu1_1 2021-11-23 11:13:52 8208 正常|好点 true 浮点型r/R
Simu1_1 2021-11-23 11:13:53 8208 正常|好点 true 浮点型r/R
Simu1_1 2021-11-23 11:13:54 8208 正常|好点 true 浮点型r/R
Simu1_1 2021-11-23 11:13:55 8208 正常|好点 true 浮点型r/R
Simu1_1 2021-11-23 11:13:56 8208 正常|好点 true 浮点型r/R
Simu1_1 2021-11-23 11:13:57 8208 正常|好点 true 浮点型r/R
Simu1_1 2021-11-23 11:13:58 8208 正常|好点 true 浮点型r/R
Simu1_1 2021-11-23 11:13:59 8208 正常|好点 true 浮点型r/R
Simu1_1 2021-11-23 11:14:00 8208 正常|好点 true 浮点型r/R
Simu1_1 2021-11-23 11:14:01 8208 正常|好点 true 浮点型r/R
Simu1_1 2021-11-23 11:14:02 8208 正常|好点 true 浮点型r/R
Simu1_1 2021-11-23 11:14:03 8208 正常|好点 true 浮点型r/R
Simu1_1 2021-11-23 11:14:04 8208 正常|好点 true 浮点型r/R
Simu1_1 2021-11-23 11:14:05 8208 正常|好点 true 浮点型r/R
Simu1_1 2021-11-23 11:14:06 8208 正常|好点 true 浮点型r/R
Simu1_1 2021-11-23 11:14:07 8208 正常|好点 true 浮点型r/R
Simu1_1 2021-11-23 11:14:08 8208 正常|好点 true 浮点型r/R
Simu1_1 2021-11-23 11:14:09 8208 正常|好点 true 浮点型r/R
Simu1_1 2021-11-23 11:14:10 8208 正常|好点 true 浮点型r/R
Simu1_1 2021-11-23 11:14:11 8208 正常|好点 true 浮点型r/R
Simu1_1 2021-11-23 11:14:12 8208 正常|好点 true 浮点型r/R
Simu1_1 2021-11-23 11:14:13 8208 正常|好点 true 浮点型r/R
Simu1_1 2021-11-23 11:14:14 8208 正常|好点 true 浮点型r/R
Simu1_1 2021-11-23 11:14:15 8208 正常|好点 true 浮点型r/R
Simu1_1 2021-11-23 11:14:16 8208 正常|好点 true 浮点型r/R
Simu1_1 2021-11-23 11:14:17 8208 正常|好点 true 浮点型r/R
Simu1_1 2021-11-23 11:14:18 8208 正常|好点 true 浮点型r/R
Simu1_1 2021-11-23 11:14:19 8208 正常|好点 true 浮点型r/R
Simu1_1 2021-11-23 11:14:20 8208 正常|好点 true 浮点型r/R
Simu1_1 2021-11-23 11:14:21 8208 正常|好点 true 浮点型r/R
Simu1_1 2021-11-23 11:14:22 8208 正常|好点 true 浮点型r/R
Simu1_1 2021-11-23 11:14:23 8208 正常|好点 true 浮点型r/R
Simu1_1 2021-11-23 11:14:24 8208 正常|好点 true 浮点型r/R
Simu1_1 2021-11-23 11:14:25 8208 正常|好点 true 浮点型r/R
Simu1_1 2021-11-23 11:14:26 8208 正常|好点 true 浮点型r/R
Simu1_1 2021-11-23 11:14:27 8208 正常|好点 true 浮点型r/R
Simu1_1 2021-11-23 11:14:28 8208 正常|好点 true 浮点型r/R
Simu1_1 2021-11-23 11:14:29 8208 正常|好点 true 浮点型r/R
Simu1_1 2021-11-23 11:14:30 8208 正常|好点 true 浮点型r/R
Simu1_1 2021-11-23 11:14:31 8208 正常|好点 true 浮点型r/R
Simu1_1 2021-11-23 11:14:32 8208 正常|好点 true 浮点型r/R
Simu1_1 2021-11-23 11:14:33 8208 正常|好点 true 浮点型r/R
Simu1_1 2021-11-23 11:14:34 8208 正常|好点 true 浮点型r/R
Simu1_1 2021-11-23 11:14:35 8208 正常|好点 true 浮点型r/R
Simu1_1 2021-11-23 11:14:36 8208 正常|好点 true 浮点型r/R
Simu1_1 2021-11-23 11:14:37 8208 正常|好点 true 浮点型r/R
Simu1_1 2021-11-23 11:14:38 8208 正常|好点 false 浮点型r/R
Simu1_1 2021-11-23 11:14:39 8208 正常|好点 true 浮点型r/R
Simu1_1 2021-11-23 11:14:40 8208 正常|好点 true 浮点型r/R
Simu1_1 2021-11-23 11:14:41 8208 正常|好点 true 浮点型r/R
Simu1_1 2021-11-23 11:14:42 8208 正常|好点 true 浮点型r/R
Simu1_1 2021-11-23 11:14:43 8208 正常|好点 true 浮点型r/R
Simu1_1 2021-11-23 11:14:44 8208 正常|好点 true 浮点型r/R
Simu1_1 2021-11-23 11:14:45 8208 正常|好点 true 浮点型r/R
Simu1_1 2021-11-23 11:14:46 8208 正常|好点 true 浮点型r/R
Simu1_1 2021-11-23 11:14:47 8208 正常|好点 true 浮点型r/R
Simu1_1 2021-11-23 11:14:48 8208 正常|好点 true 浮点型r/R
Simu1_1 2021-11-23 11:14:49 8208 正常|好点 true 浮点型r/R
Simu1_1 2021-11-23 11:14:50 8208 正常|好点 true 浮点型r/R
Simu1_1 2021-11-23 11:14:51 8208 正常|好点 true 浮点型r/R
Simu1_1 2021-11-23 11:14:52 8208 正常|好点 true 浮点型r/R
Simu1_1 2021-11-23 11:14:53 8208 正常|好点 true 浮点型r/R
Simu1_1 2021-11-23 11:14:54 8208 正常|好点 true 浮点型r/R
Simu1_1 2021-11-23 11:14:55 8208 正常|好点 true 浮点型r/R
Simu1_1 2021-11-23 11:14:56 8208 正常|好点 true 浮点型r/R
Simu1_1 2021-11-23 11:14:57 8208 正常|好点 true 浮点型r/R
Simu1_1 2021-11-23 11:14:58 8208 正常|好点 true 浮点型r/R
Simu1_1 2021-11-23 11:14:59 8208 正常|好点 true 浮点型r/R
Simu1_1 2021-11-23 11:15:00 8208 正常|好点 true 浮点型r/R
Simu1_1 2021-11-23 11:15:01 8208 正常|好点 true 浮点型r/R
Simu1_1 2021-11-23 11:15:02 8208 正常|好点 true 浮点型r/R
Simu1_1 2021-11-23 11:15:03 8208 正常|好点 true 浮点型r/R
Simu1_1 2021-11-23 11:15:04 8208 正常|好点 true 浮点型r/R
Simu1_1 2021-11-23 11:15:05 8208 正常|好点 true 浮点型r/R
Simu1_1 2021-11-23 11:15:06 8208 正常|好点 true 浮点型r/R
Simu1_1 2021-11-23 11:15:07 8208 正常|好点 true 浮点型r/R
Simu1_1 2021-11-23 11:15:08 8208 正常|好点 true 浮点型r/R
Simu1_1 2021-11-23 11:15:09 8208 正常|好点 true 浮点型r/R
Simu1_1 2021-11-23 11:15:10 8208 正常|好点 true 浮点型r/R
Simu1_1 2021-11-23 11:15:11 8208 正常|好点 true 浮点型r/R
Simu1_1 2021-11-23 11:15:12 8208 正常|好点 true 浮点型r/R
Simu1_1 2021-11-23 11:15:13 8208 正常|好点 true 浮点型r/R
Simu1_1 2021-11-23 11:15:14 8208 正常|好点 true 浮点型r/R
Simu1_1 2021-11-23 11:15:15 8208 正常|好点 true 浮点型r/R
Simu1_1 2021-11-23 11:15:16 8208 正常|好点 true 浮点型r/R
Simu1_1 2021-11-23 11:15:17 8208 正常|好点 true 浮点型r/R
Simu1_1 2021-11-23 11:15:18 8208 正常|好点 true 浮点型r/R
Simu1_1 2021-11-23 11:15:19 8208 正常|好点 true 浮点型r/R
Simu1_1 2021-11-23 11:15:20 8208 正常|好点 true 浮点型r/R
Simu1_1 2021-11-23 11:15:21 8208 正常|好点 true 浮点型r/R
Simu1_1 2021-11-23 11:15:22 8208 正常|好点 true 浮点型r/R
Simu1_1 2021-11-23 11:15:23 8208 正常|好点 true 浮点型r/R
Simu1_1 2021-11-23 11:15:24 8208 正常|好点 true 浮点型r/R
Simu1_1 2021-11-23 11:15:25 8208 正常|好点 true 浮点型r/R
Simu1_1 2021-11-23 11:15:26 8208 正常|好点 true 浮点型r/R
Simu1_1 2021-11-23 11:15:27 8208 正常|好点 true 浮点型r/R
Simu1_1 2021-11-23 11:15:28 8208 正常|好点 true 浮点型r/R
Simu1_1 2021-11-23 11:15:29 8208 正常|好点 true 浮点型r/R
Simu1_1 2021-11-23 11:15:30 8208 正常|好点 true 浮点型r/R
Simu1_1 2021-11-23 11:15:31 8208 正常|好点 true 浮点型r/R
Simu1_1 2021-11-23 11:15:32 8208 正常|好点 true 浮点型r/R
Simu1_1 2021-11-23 11:15:33 8208 正常|好点 true 浮点型r/R
Simu1_1 2021-11-23 11:15:34 8208 正常|好点 true 浮点型r/R
Simu1_1 2021-11-23 11:15:35 8208 正常|好点 true 浮点型r/R
Simu1_1 2021-11-23 11:15:36 8208 正常|好点 true 浮点型r/R
Simu1_1 2021-11-23 11:15:37 8208 正常|好点 true 浮点型r/R
Simu1_1 2021-11-23 11:15:38 8208 正常|好点 true 浮点型r/R
Simu1_1 2021-11-23 11:15:39 8208 正常|好点 true 浮点型r/R
Simu1_1 2021-11-23 11:15:40 8208 正常|好点 true 浮点型r/R
Simu1_1 2021-11-23 11:15:41 8208 正常|好点 true 浮点型r/R
Simu1_1 2021-11-23 11:15:42 8208 正常|好点 true 浮点型r/R
Simu1_1 2021-11-23 11:15:43 8208 正常|好点 true 浮点型r/R
Simu1_1 2021-11-23 11:15:44 8208 正常|好点 true 浮点型r/R
Simu1_1 2021-11-23 11:15:45 8208 正常|好点 true 浮点型r/R
Simu1_1 2021-11-23 11:15:46 8208 正常|好点 true 浮点型r/R
Simu1_1 2021-11-23 11:15:47 8208 正常|好点 true 浮点型r/R
Simu1_1 2021-11-23 11:15:48 8208 正常|好点 true 浮点型r/R
Simu1_1 2021-11-23 11:15:49 8208 正常|好点 true 浮点型r/R
Simu1_1 2021-11-23 11:15:50 8208 正常|好点 true 浮点型r/R
Simu1_1 2021-11-23 11:15:51 8208 正常|好点 true 浮点型r/R
Simu1_1 2021-11-23 11:15:52 8208 正常|好点 true 浮点型r/R
Simu1_1 2021-11-23 11:15:53 8208 正常|好点 true 浮点型r/R
Simu1_1 2021-11-23 11:15:54 8208 正常|好点 true 浮点型r/R
Simu1_1 2021-11-23 11:15:55 8208 正常|好点 true 浮点型r/R
Simu1_1 2021-11-23 11:15:56 8208 正常|好点 true 浮点型r/R
Simu1_1 2021-11-23 11:15:57 8208 正常|好点 true 浮点型r/R
Simu1_1 2021-11-23 11:15:58 8208 正常|好点 true 浮点型r/R
Simu1_1 2021-11-23 11:15:59 8208 正常|好点 true 浮点型r/R
Simu1_1 2021-11-23 11:16:00 8208 正常|好点 true 浮点型r/R
Simu1_1 2021-11-23 11:16:01 8208 正常|好点 true 浮点型r/R
Simu1_1 2021-11-23 11:16:02 8208 正常|好点 true 浮点型r/R
Simu1_1 2021-11-23 11:16:03 8208 正常|好点 true 浮点型r/R
Simu1_1 2021-11-23 11:16:04 8208 正常|好点 true 浮点型r/R
Simu1_1 2021-11-23 11:16:05 8208 正常|好点 true 浮点型r/R
Simu1_1 2021-11-23 11:16:06 8208 正常|好点 true 浮点型r/R
Simu1_1 2021-11-23 11:16:07 8208 正常|好点 true 浮点型r/R
Simu1_1 2021-11-23 11:16:08 8208 正常|好点 true 浮点型r/R
Simu1_1 2021-11-23 11:16:09 8208 正常|好点 true 浮点型r/R
Simu1_1 2021-11-23 11:16:10 8208 正常|好点 true 浮点型r/R
Simu1_1 2021-11-23 11:16:11 8208 正常|好点 true 浮点型r/R
Simu1_1 2021-11-23 11:16:12 8208 正常|好点 true 浮点型r/R
Simu1_1 2021-11-23 11:16:13 8208 正常|好点 true 浮点型r/R
Simu1_1 2021-11-23 11:16:14 8208 正常|好点 true 浮点型r/R
Simu1_1 2021-11-23 11:16:15 8208 正常|好点 true 浮点型r/R
Simu1_1 2021-11-23 11:16:16 8208 正常|好点 true 浮点型r/R
Simu1_1 2021-11-23 11:16:17 8208 正常|好点 true 浮点型r/R
Simu1_1 2021-11-23 11:16:18 8208 正常|好点 true 浮点型r/R
Simu1_1 2021-11-23 11:16:19 8208 正常|好点 true 浮点型r/R
Simu1_1 2021-11-23 11:16:20 8208 正常|好点 true 浮点型r/R
Simu1_1 2021-11-23 11:16:21 8208 正常|好点 true 浮点型r/R
Simu1_1 2021-11-23 11:16:22 8208 正常|好点 true 浮点型r/R
Simu1_1 2021-11-23 11:16:23 8208 正常|好点 true 浮点型r/R
Simu1_1 2021-11-23 11:16:24 8208 正常|好点 true 浮点型r/R
Simu1_1 2021-11-23 11:16:25 8208 正常|好点 true 浮点型r/R
Simu1_1 2021-11-23 11:16:26 8208 正常|好点 true 浮点型r/R
Simu1_1 2021-11-23 11:16:27 8208 正常|好点 true 浮点型r/R
Simu1_1 2021-11-23 11:16:28 8208 正常|好点 true 浮点型r/R
Simu1_1 2021-11-23 11:16:29 8208 正常|好点 true 浮点型r/R
Simu1_1 2021-11-23 11:16:30 8208 正常|好点 true 浮点型r/R
Simu1_1 2021-11-23 11:16:31 8208 正常|好点 true 浮点型r/R
Simu1_1 2021-11-23 11:16:32 8208 正常|好点 true 浮点型r/R
Simu1_1 2021-11-23 11:16:33 8208 正常|好点 true 浮点型r/R
Simu1_1 2021-11-23 11:16:34 8208 正常|好点 true 浮点型r/R
Simu1_1 2021-11-23 11:16:35 8208 正常|好点 true 浮点型r/R
Simu1_1 2021-11-23 11:16:36 8208 正常|好点 true 浮点型r/R
Simu1_1 2021-11-23 11:16:37 8208 正常|好点 true 浮点型r/R
Simu1_1 2021-11-23 11:16:38 8208 正常|好点 true 浮点型r/R
Simu1_1 2021-11-23 11:16:39 8208 正常|好点 true 浮点型r/R
Simu1_1 2021-11-23 11:16:40 8208 正常|好点 true 浮点型r/R
Simu1_1 2021-11-23 11:16:41 8208 正常|好点 true 浮点型r/R
Simu1_1 2021-11-23 11:16:42 8208 正常|好点 true 浮点型r/R
Simu1_1 2021-11-23 11:16:43 8208 正常|好点 true 浮点型r/R
Simu1_1 2021-11-23 11:16:44 8208 正常|好点 true 浮点型r/R
Simu1_1 2021-11-23 11:16:45 8208 正常|好点 true 浮点型r/R
Simu1_1 2021-11-23 11:16:46 8208 正常|好点 true 浮点型r/R
Simu1_1 2021-11-23 11:16:47 8208 正常|好点 true 浮点型r/R
Simu1_1 2021-11-23 11:16:48 8208 正常|好点 true 浮点型r/R
Simu1_1 2021-11-23 11:16:49 8208 正常|好点 true 浮点型r/R
Simu1_1 2021-11-23 11:16:50 8208 正常|好点 true 浮点型r/R
Simu1_1 2021-11-23 11:16:51 8208 正常|好点 true 浮点型r/R
Simu1_1 2021-11-23 11:16:52 8208 正常|好点 true 浮点型r/R
Simu1_1 2021-11-23 11:16:53 8208 正常|好点 true 浮点型r/R
Simu1_1 2021-11-23 11:16:54 8208 正常|好点 true 浮点型r/R
Simu1_1 2021-11-23 11:16:55 8208 正常|好点 true 浮点型r/R
Simu1_1 2021-11-23 11:16:56 8208 正常|好点 true 浮点型r/R
Simu1_1 2021-11-23 11:16:57 8208 正常|好点 true 浮点型r/R
Simu1_1 2021-11-23 11:16:58 8208 正常|好点 true 浮点型r/R
Simu1_1 2021-11-23 11:16:59 8208 正常|好点 true 浮点型r/R
Simu1_1 2021-11-23 11:17:00 8208 正常|好点 true 浮点型r/R
Simu1_1 2021-11-23 11:17:01 8208 正常|好点 true 浮点型r/R
Simu1_1 2021-11-23 11:17:02 8208 正常|好点 true 浮点型r/R
Simu1_1 2021-11-23 11:17:03 8208 正常|好点 true 浮点型r/R
Simu1_1 2021-11-23 11:17:04 8208 正常|好点 true 浮点型r/R
Simu1_1 2021-11-23 11:17:05 8208 正常|好点 true 浮点型r/R
Simu1_1 2021-11-23 11:17:06 8208 正常|好点 true 浮点型r/R
Simu1_1 2021-11-23 11:17:07 8208 正常|好点 true 浮点型r/R
Simu1_1 2021-11-23 11:17:08 8208 正常|好点 false 浮点型r/R
Simu1_1 2021-11-23 11:17:09 8208 正常|好点 true 浮点型r/R
Simu1_1 2021-11-23 11:17:10 8208 正常|好点 true 浮点型r/R
Simu1_1 2021-11-23 11:17:11 8208 正常|好点 true 浮点型r/R
Simu1_1 2021-11-23 11:17:12 8208 正常|好点 true 浮点型r/R
Simu1_1 2021-11-23 11:17:13 8208 正常|好点 true 浮点型r/R
Simu1_1 2021-11-23 11:17:14 8208 正常|好点 true 浮点型r/R
Simu1_1 2021-11-23 11:17:15 8208 正常|好点 true 浮点型r/R
Simu1_1 2021-11-23 11:17:16 8208 正常|好点 true 浮点型r/R
Simu1_1 2021-11-23 11:17:17 8208 正常|好点 true 浮点型r/R
Simu1_1 2021-11-23 11:17:18 8208 正常|好点 true 浮点型r/R
Simu1_1 2021-11-23 11:17:19 8208 正常|好点 true 浮点型r/R
Simu1_1 2021-11-23 11:17:20 8208 正常|好点 true 浮点型r/R
Simu1_1 2021-11-23 11:17:21 8208 正常|好点 true 浮点型r/R
Simu1_1 2021-11-23 11:17:22 8208 正常|好点 true 浮点型r/R
Simu1_1 2021-11-23 11:17:23 8208 正常|好点 true 浮点型r/R
Simu1_1 2021-11-23 11:17:24 8208 正常|好点 true 浮点型r/R
Simu1_1 2021-11-23 11:17:25 8208 正常|好点 true 浮点型r/R
Simu1_1 2021-11-23 11:17:26 8208 正常|好点 true 浮点型r/R
Simu1_1 2021-11-23 11:17:27 8208 正常|好点 true 浮点型r/R
Simu1_1 2021-11-23 11:17:28 8208 正常|好点 true 浮点型r/R
Simu1_1 2021-11-23 11:17:29 8208 正常|好点 true 浮点型r/R
Simu1_1 2021-11-23 11:17:30 8208 正常|好点 true 浮点型r/R
Simu1_1 2021-11-23 11:17:31 8208 正常|好点 true 浮点型r/R
Simu1_1 2021-11-23 11:17:32 8208 正常|好点 true 浮点型r/R
Simu1_1 2021-11-23 11:17:33 8208 正常|好点 true 浮点型r/R
Simu1_1 2021-11-23 11:17:34 8208 正常|好点 true 浮点型r/R
Simu1_1 2021-11-23 11:17:35 8208 正常|好点 true 浮点型r/R
Simu1_1 2021-11-23 11:17:36 8208 正常|好点 true 浮点型r/R
Simu1_1 2021-11-23 11:17:37 8208 正常|好点 true 浮点型r/R
Simu1_1 2021-11-23 11:17:38 8208 正常|好点 true 浮点型r/R
Simu1_1 2021-11-23 11:17:39 8208 正常|好点 true 浮点型r/R
Simu1_1 2021-11-23 11:17:40 8208 正常|好点 true 浮点型r/R
Simu1_1 2021-11-23 11:17:41 8208 正常|好点 true 浮点型r/R
Simu1_1 2021-11-23 11:17:42 8208 正常|好点 true 浮点型r/R
Simu1_1 2021-11-23 11:17:43 8208 正常|好点 true 浮点型r/R
Simu1_1 2021-11-23 11:17:44 8208 正常|好点 true 浮点型r/R
Simu1_1 2021-11-23 11:17:45 8208 正常|好点 true 浮点型r/R
Simu1_1 2021-11-23 11:17:46 8208 正常|好点 true 浮点型r/R
Simu1_1 2021-11-23 11:17:47 8208 正常|好点 true 浮点型r/R
Simu1_1 2021-11-23 11:17:48 8208 正常|好点 true 浮点型r/R
Simu1_1 2021-11-23 11:17:49 8208 正常|好点 true 浮点型r/R
Simu1_1 2021-11-23 11:17:50 8208 正常|好点 true 浮点型r/R
Simu1_1 2021-11-23 11:17:51 8208 正常|好点 true 浮点型r/R
Simu1_1 2021-11-23 11:17:52 8208 正常|好点 true 浮点型r/R
Simu1_1 2021-11-23 11:17:53 8208 正常|好点 true 浮点型r/R
Simu1_1 2021-11-23 11:17:54 8208 正常|好点 true 浮点型r/R
Simu1_1 2021-11-23 11:17:55 8208 正常|好点 true 浮点型r/R
Simu1_1 2021-11-23 11:17:56 8208 正常|好点 true 浮点型r/R
Simu1_1 2021-11-23 11:17:57 8208 正常|好点 true 浮点型r/R
Simu1_1 2021-11-23 11:17:58 8208 正常|好点 true 浮点型r/R
Simu1_1 2021-11-23 11:17:59 8208 正常|好点 true 浮点型r/R
Simu1_1 2021-11-23 11:18:00 8208 正常|好点 true 浮点型r/R
Simu1_1 2021-11-23 11:18:01 8208 正常|好点 true 浮点型r/R
Simu1_1 2021-11-23 11:18:02 8208 正常|好点 true 浮点型r/R
Simu1_1 2021-11-23 11:18:03 8208 正常|好点 true 浮点型r/R
Simu1_1 2021-11-23 11:18:04 8208 正常|好点 true 浮点型r/R
Simu1_1 2021-11-23 11:18:05 8208 正常|好点 true 浮点型r/R
Simu1_1 2021-11-23 11:18:06 8208 正常|好点 true 浮点型r/R
Simu1_1 2021-11-23 11:18:07 8208 正常|好点 true 浮点型r/R
Simu1_1 2021-11-23 11:18:08 8208 正常|好点 true 浮点型r/R
Simu1_1 2021-11-23 11:18:09 8208 正常|好点 true 浮点型r/R
Simu1_1 2021-11-23 11:18:10 8208 正常|好点 true 浮点型r/R
Simu1_1 2021-11-23 11:18:11 8208 正常|好点 true 浮点型r/R
Simu1_1 2021-11-23 11:18:12 8208 正常|好点 true 浮点型r/R
Simu1_1 2021-11-23 11:18:13 8208 正常|好点 true 浮点型r/R
Simu1_1 2021-11-23 11:18:14 8208 正常|好点 true 浮点型r/R
Simu1_1 2021-11-23 11:18:15 8208 正常|好点 true 浮点型r/R
Simu1_1 2021-11-23 11:18:16 8208 正常|好点 true 浮点型r/R
Simu1_1 2021-11-23 11:18:17 8208 正常|好点 true 浮点型r/R
Simu1_1 2021-11-23 11:18:18 8208 正常|好点 true 浮点型r/R
Simu1_1 2021-11-23 11:18:19 8208 正常|好点 true 浮点型r/R
Simu1_1 2021-11-23 11:18:20 8208 正常|好点 true 浮点型r/R
Simu1_1 2021-11-23 11:18:21 8208 正常|好点 true 浮点型r/R
Simu1_1 2021-11-23 11:18:22 8208 正常|好点 true 浮点型r/R
Simu1_1 2021-11-23 11:18:23 8208 正常|好点 true 浮点型r/R
Simu1_1 2021-11-23 11:18:24 8208 正常|好点 true 浮点型r/R
Simu1_1 2021-11-23 11:18:25 8208 正常|好点 true 浮点型r/R
Simu1_1 2021-11-23 11:18:26 8208 正常|好点 true 浮点型r/R
Simu1_1 2021-11-23 11:18:27 8208 正常|好点 true 浮点型r/R
Simu1_1 2021-11-23 11:18:28 8208 正常|好点 true 浮点型r/R
Simu1_1 2021-11-23 11:18:29 8208 正常|好点 true 浮点型r/R
Simu1_1 2021-11-23 11:18:30 8208 正常|好点 true 浮点型r/R
Simu1_1 2021-11-23 11:18:31 8208 正常|好点 true 浮点型r/R
Simu1_1 2021-11-23 11:18:32 8208 正常|好点 true 浮点型r/R
Simu1_1 2021-11-23 11:18:33 8208 正常|好点 true 浮点型r/R
Simu1_1 2021-11-23 11:18:34 8208 正常|好点 true 浮点型r/R
Simu1_1 2021-11-23 11:18:35 8208 正常|好点 true 浮点型r/R
Simu1_1 2021-11-23 11:18:36 8208 正常|好点 true 浮点型r/R
Simu1_1 2021-11-23 11:18:37 8208 正常|好点 true 浮点型r/R
Simu1_1 2021-11-23 11:18:38 8208 正常|好点 true 浮点型r/R
Simu1_1 2021-11-23 11:18:39 8208 正常|好点 true 浮点型r/R
Simu1_1 2021-11-23 11:18:40 8208 正常|好点 true 浮点型r/R
Simu1_1 2021-11-23 11:18:41 8208 正常|好点 true 浮点型r/R
Simu1_1 2021-11-23 11:18:42 8208 正常|好点 true 浮点型r/R
Simu1_1 2021-11-23 11:18:43 8208 正常|好点 true 浮点型r/R
Simu1_1 2021-11-23 11:18:44 8208 正常|好点 true 浮点型r/R
Simu1_1 2021-11-23 11:18:45 8208 正常|好点 true 浮点型r/R
Simu1_1 2021-11-23 11:18:46 8208 正常|好点 true 浮点型r/R
Simu1_1 2021-11-23 11:18:47 8208 正常|好点 true 浮点型r/R
Simu1_1 2021-11-23 11:18:48 8208 正常|好点 true 浮点型r/R
Simu1_1 2021-11-23 11:18:49 8208 正常|好点 true 浮点型r/R
Simu1_1 2021-11-23 11:18:50 8208 正常|好点 true 浮点型r/R
Simu1_1 2021-11-23 11:18:51 8208 正常|好点 true 浮点型r/R
Simu1_1 2021-11-23 11:18:52 8208 正常|好点 true 浮点型r/R
Simu1_1 2021-11-23 11:18:53 8208 正常|好点 true 浮点型r/R
Simu1_1 2021-11-23 11:18:54 8208 正常|好点 true 浮点型r/R
Simu1_1 2021-11-23 11:18:55 8208 正常|好点 true 浮点型r/R
Simu1_1 2021-11-23 11:18:56 8208 正常|好点 true 浮点型r/R
Simu1_1 2021-11-23 11:18:57 8208 正常|好点 true 浮点型r/R
Simu1_1 2021-11-23 11:18:58 8208 正常|好点 true 浮点型r/R
Simu1_1 2021-11-23 11:18:59 8208 正常|好点 true 浮点型r/R
Simu1_1 2021-11-23 11:19:00 8208 正常|好点 true 浮点型r/R
Simu1_1 2021-11-23 11:19:01 8208 正常|好点 true 浮点型r/R
Simu1_1 2021-11-23 11:19:02 8208 正常|好点 true 浮点型r/R
Simu1_1 2021-11-23 11:19:03 8208 正常|好点 true 浮点型r/R
Simu1_1 2021-11-23 11:19:04 8208 正常|好点 true 浮点型r/R
Simu1_1 2021-11-23 11:19:05 8208 正常|好点 true 浮点型r/R
Simu1_1 2021-11-23 11:19:06 8208 正常|好点 true 浮点型r/R
Simu1_1 2021-11-23 11:19:07 8208 正常|好点 true 浮点型r/R
Simu1_1 2021-11-23 11:19:08 8208 正常|好点 true 浮点型r/R
Simu1_1 2021-11-23 11:19:09 8208 正常|好点 true 浮点型r/R
Simu1_1 2021-11-23 11:19:10 8208 正常|好点 true 浮点型r/R
Simu1_1 2021-11-23 11:19:11 8208 正常|好点 true 浮点型r/R
Simu1_1 2021-11-23 11:19:12 8208 正常|好点 true 浮点型r/R
Simu1_1 2021-11-23 11:19:13 8208 正常|好点 true 浮点型r/R
Simu1_1 2021-11-23 11:19:14 8208 正常|好点 true 浮点型r/R
Simu1_1 2021-11-23 11:19:15 8208 正常|好点 true 浮点型r/R
Simu1_1 2021-11-23 11:19:16 8208 正常|好点 true 浮点型r/R
Simu1_1 2021-11-23 11:19:17 8208 正常|好点 true 浮点型r/R
Simu1_1 2021-11-23 11:19:18 8208 正常|好点 true 浮点型r/R
Simu1_1 2021-11-23 11:19:19 8208 正常|好点 true 浮点型r/R
Simu1_1 2021-11-23 11:19:20 8208 正常|好点 true 浮点型r/R
Simu1_1 2021-11-23 11:19:21 8208 正常|好点 true 浮点型r/R
Simu1_1 2021-11-23 11:19:22 8208 正常|好点 true 浮点型r/R
Simu1_1 2021-11-23 11:19:23 8208 正常|好点 true 浮点型r/R
Simu1_1 2021-11-23 11:19:24 8208 正常|好点 true 浮点型r/R
Simu1_1 2021-11-23 11:19:25 8208 正常|好点 true 浮点型r/R
Simu1_1 2021-11-23 11:19:26 8208 正常|好点 true 浮点型r/R
Simu1_1 2021-11-23 11:19:27 8208 正常|好点 true 浮点型r/R
Simu1_1 2021-11-23 11:19:28 8208 正常|好点 true 浮点型r/R
Simu1_1 2021-11-23 11:19:29 8208 正常|好点 true 浮点型r/R
Simu1_1 2021-11-23 11:19:30 8208 正常|好点 true 浮点型r/R
Simu1_1 2021-11-23 11:19:31 8208 正常|好点 true 浮点型r/R
Simu1_1 2021-11-23 11:19:32 8208 正常|好点 true 浮点型r/R
Simu1_1 2021-11-23 11:19:33 8208 正常|好点 true 浮点型r/R
Simu1_1 2021-11-23 11:19:34 8208 正常|好点 true 浮点型r/R
Simu1_1 2021-11-23 11:19:35 8208 正常|好点 true 浮点型r/R
Simu1_1 2021-11-23 11:19:36 8208 正常|好点 true 浮点型r/R
Simu1_1 2021-11-23 11:19:37 8208 正常|好点 true 浮点型r/R
Simu1_1 2021-11-23 11:19:38 8208 正常|好点 false 浮点型r/R
Simu1_1 2021-11-23 11:19:39 8208 正常|好点 true 浮点型r/R
Simu1_1 2021-11-23 11:19:40 8208 正常|好点 true 浮点型r/R
Simu1_1 2021-11-23 11:19:41 8208 正常|好点 true 浮点型r/R
Simu1_1 2021-11-23 11:19:42 8208 正常|好点 true 浮点型r/R
Simu1_1 2021-11-23 11:19:43 8208 正常|好点 true 浮点型r/R
Simu1_1 2021-11-23 11:19:44 8208 正常|好点 true 浮点型r/R
Simu1_1 2021-11-23 11:19:45 8208 正常|好点 true 浮点型r/R
Simu1_1 2021-11-23 11:19:46 8208 正常|好点 true 浮点型r/R
Simu1_1 2021-11-23 11:19:47 8208 正常|好点 true 浮点型r/R
Simu1_1 2021-11-23 11:19:48 8208 正常|好点 true 浮点型r/R
Simu1_1 2021-11-23 11:19:49 8208 正常|好点 true 浮点型r/R
Simu1_1 2021-11-23 11:19:50 8208 正常|好点 true 浮点型r/R
Simu1_1 2021-11-23 11:19:51 8208 正常|好点 true 浮点型r/R
Simu1_1 2021-11-23 11:19:52 8208 正常|好点 true 浮点型r/R
Simu1_1 2021-11-23 11:19:53 8208 正常|好点 true 浮点型r/R
Simu1_1 2021-11-23 11:19:54 8208 正常|好点 true 浮点型r/R
Simu1_1 2021-11-23 11:19:55 8208 正常|好点 true 浮点型r/R
Simu1_1 2021-11-23 11:19:56 8208 正常|好点 true 浮点型r/R
Simu1_1 2021-11-23 11:19:57 8208 正常|好点 true 浮点型r/R
Simu1_1 2021-11-23 11:19:58 8208 正常|好点 true 浮点型r/R
Simu1_1 2021-11-23 11:19:59 8208 正常|好点 true 浮点型r/R
Simu1_1 2021-11-23 11:20:00 8208 正常|好点 true 浮点型r/R
Simu1_1 2021-11-23 11:20:01 8208 正常|好点 true 浮点型r/R
Simu1_1 2021-11-23 11:20:02 8208 正常|好点 true 浮点型r/R
Simu1_1 2021-11-23 11:20:03 8208 正常|好点 true 浮点型r/R
Simu1_1 2021-11-23 11:20:04 8208 正常|好点 true 浮点型r/R
Simu1_1 2021-11-23 11:20:05 8208 正常|好点 true 浮点型r/R
Simu1_1 2021-11-23 11:20:06 8208 正常|好点 true 浮点型r/R
Simu1_1 2021-11-23 11:20:07 8208 正常|好点 true 浮点型r/R
Simu1_1 2021-11-23 11:20:08 8208 正常|好点 true 浮点型r/R
Simu1_1 2021-11-23 11:20:09 8208 正常|好点 true 浮点型r/R
Simu1_1 2021-11-23 11:20:10 8208 正常|好点 true 浮点型r/R
Simu1_1 2021-11-23 11:20:11 8208 正常|好点 true 浮点型r/R
Simu1_1 2021-11-23 11:20:12 8208 正常|好点 true 浮点型r/R
Simu1_1 2021-11-23 11:20:13 8208 正常|好点 true 浮点型r/R
Simu1_1 2021-11-23 11:20:14 8208 正常|好点 true 浮点型r/R
Simu1_1 2021-11-23 11:20:15 8208 正常|好点 true 浮点型r/R
Simu1_1 2021-11-23 11:20:16 8208 正常|好点 true 浮点型r/R
Simu1_1 2021-11-23 11:20:17 8208 正常|好点 true 浮点型r/R
Simu1_1 2021-11-23 11:20:18 8208 正常|好点 true 浮点型r/R
Simu1_1 2021-11-23 11:20:19 8208 正常|好点 true 浮点型r/R
Simu1_1 2021-11-23 11:20:20 8208 正常|好点 true 浮点型r/R
Simu1_1 2021-11-23 11:20:21 8208 正常|好点 true 浮点型r/R
Simu1_1 2021-11-23 11:20:22 8208 正常|好点 true 浮点型r/R
Simu1_1 2021-11-23 11:20:23 8208 正常|好点 true 浮点型r/R
Simu1_1 2021-11-23 11:20:24 8208 正常|好点 true 浮点型r/R
Simu1_1 2021-11-23 11:20:25 8208 正常|好点 true 浮点型r/R
Simu1_1 2021-11-23 11:20:26 8208 正常|好点 true 浮点型r/R
Simu1_1 2021-11-23 11:20:27 8208 正常|好点 true 浮点型r/R
Simu1_1 2021-11-23 11:20:28 8208 正常|好点 true 浮点型r/R
Simu1_1 2021-11-23 11:20:29 8208 正常|好点 true 浮点型r/R
Simu1_1 2021-11-23 11:20:30 8208 正常|好点 true 浮点型r/R
Simu1_1 2021-11-23 11:20:31 8208 正常|好点 true 浮点型r/R
Simu1_1 2021-11-23 11:20:32 8208 正常|好点 true 浮点型r/R
Simu1_1 2021-11-23 11:20:33 8208 正常|好点 true 浮点型r/R
Simu1_1 2021-11-23 11:20:34 8208 正常|好点 true 浮点型r/R
Simu1_1 2021-11-23 11:20:35 8208 正常|好点 true 浮点型r/R
Simu1_1 2021-11-23 11:20:36 8208 正常|好点 true 浮点型r/R
Simu1_1 2021-11-23 11:20:37 8208 正常|好点 true 浮点型r/R
Simu1_1 2021-11-23 11:20:38 8208 正常|好点 true 浮点型r/R
Simu1_1 2021-11-23 11:20:39 8208 正常|好点 true 浮点型r/R
Simu1_1 2021-11-23 11:20:40 8208 正常|好点 true 浮点型r/R
Simu1_1 2021-11-23 11:20:41 8208 正常|好点 true 浮点型r/R
Simu1_1 2021-11-23 11:20:42 8208 正常|好点 true 浮点型r/R
Simu1_1 2021-11-23 11:20:43 8208 正常|好点 true 浮点型r/R
Simu1_1 2021-11-23 11:20:44 8208 正常|好点 true 浮点型r/R
Simu1_1 2021-11-23 11:20:45 8208 正常|好点 true 浮点型r/R
Simu1_1 2021-11-23 11:20:46 8208 正常|好点 true 浮点型r/R
Simu1_1 2021-11-23 11:20:47 8208 正常|好点 true 浮点型r/R
Simu1_1 2021-11-23 11:20:48 8208 正常|好点 true 浮点型r/R
Simu1_1 2021-11-23 11:20:49 8208 正常|好点 true 浮点型r/R
Simu1_1 2021-11-23 11:20:50 8208 正常|好点 true 浮点型r/R
Simu1_1 2021-11-23 11:20:51 8208 正常|好点 true 浮点型r/R
Simu1_1 2021-11-23 11:20:52 8208 正常|好点 true 浮点型r/R
Simu1_1 2021-11-23 11:20:53 8208 正常|好点 true 浮点型r/R
Simu1_1 2021-11-23 11:20:54 8208 正常|好点 true 浮点型r/R
Simu1_1 2021-11-23 11:20:55 8208 正常|好点 true 浮点型r/R
Simu1_1 2021-11-23 11:20:56 8208 正常|好点 true 浮点型r/R
Simu1_1 2021-11-23 11:20:57 8208 正常|好点 true 浮点型r/R
Simu1_1 2021-11-23 11:20:58 8208 正常|好点 true 浮点型r/R
Simu1_1 2021-11-23 11:20:59 8208 正常|好点 true 浮点型r/R
Simu1_1 2021-11-23 11:21:00 8208 正常|好点 true 浮点型r/R
Simu1_1 2021-11-23 11:21:01 8208 正常|好点 true 浮点型r/R
Simu1_1 2021-11-23 11:21:02 8208 正常|好点 true 浮点型r/R
Simu1_1 2021-11-23 11:21:03 8208 正常|好点 true 浮点型r/R
Simu1_1 2021-11-23 11:21:04 8208 正常|好点 true 浮点型r/R
Simu1_1 2021-11-23 11:21:05 8208 正常|好点 true 浮点型r/R
Simu1_1 2021-11-23 11:21:06 8208 正常|好点 true 浮点型r/R
Simu1_1 2021-11-23 11:21:07 8208 正常|好点 true 浮点型r/R
Simu1_1 2021-11-23 11:21:08 8208 正常|好点 true 浮点型r/R
Simu1_1 2021-11-23 11:21:09 8208 正常|好点 true 浮点型r/R
Simu1_1 2021-11-23 11:21:10 8208 正常|好点 true 浮点型r/R
Simu1_1 2021-11-23 11:21:11 8208 正常|好点 true 浮点型r/R
Simu1_1 2021-11-23 11:21:12 8208 正常|好点 true 浮点型r/R
Simu1_1 2021-11-23 11:21:13 8208 正常|好点 true 浮点型r/R
Simu1_1 2021-11-23 11:21:14 8208 正常|好点 true 浮点型r/R
Simu1_1 2021-11-23 11:21:15 8208 正常|好点 true 浮点型r/R
Simu1_1 2021-11-23 11:21:16 8208 正常|好点 true 浮点型r/R
Simu1_1 2021-11-23 11:21:17 8208 正常|好点 true 浮点型r/R
Simu1_1 2021-11-23 11:21:18 8208 正常|好点 true 浮点型r/R
Simu1_1 2021-11-23 11:21:19 8208 正常|好点 true 浮点型r/R
Simu1_1 2021-11-23 11:21:20 8208 正常|好点 true 浮点型r/R
Simu1_1 2021-11-23 11:21:21 8208 正常|好点 true 浮点型r/R
Simu1_1 2021-11-23 11:21:22 8208 正常|好点 true 浮点型r/R
Simu1_1 2021-11-23 11:21:23 8208 正常|好点 true 浮点型r/R
Simu1_1 2021-11-23 11:21:24 8208 正常|好点 true 浮点型r/R
Simu1_1 2021-11-23 11:21:25 8208 正常|好点 true 浮点型r/R
Simu1_1 2021-11-23 11:21:26 8208 正常|好点 true 浮点型r/R
Simu1_1 2021-11-23 11:21:27 8208 正常|好点 true 浮点型r/R
Simu1_1 2021-11-23 11:21:28 8208 正常|好点 true 浮点型r/R
Simu1_1 2021-11-23 11:21:29 8208 正常|好点 true 浮点型r/R
Simu1_1 2021-11-23 11:21:30 8208 正常|好点 true 浮点型r/R
Simu1_1 2021-11-23 11:21:31 8208 正常|好点 true 浮点型r/R
Simu1_1 2021-11-23 11:21:32 8208 正常|好点 true 浮点型r/R
Simu1_1 2021-11-23 11:21:33 8208 正常|好点 true 浮点型r/R
Simu1_1 2021-11-23 11:21:34 8208 正常|好点 true 浮点型r/R
Simu1_1 2021-11-23 11:21:35 8208 正常|好点 true 浮点型r/R
Simu1_1 2021-11-23 11:21:36 8208 正常|好点 true 浮点型r/R
Simu1_1 2021-11-23 11:21:37 8208 正常|好点 true 浮点型r/R
Simu1_1 2021-11-23 11:21:38 8208 正常|好点 true 浮点型r/R
Simu1_1 2021-11-23 11:21:39 8208 正常|好点 true 浮点型r/R
Simu1_1 2021-11-23 11:21:40 8208 正常|好点 true 浮点型r/R
Simu1_1 2021-11-23 11:21:41 8208 正常|好点 true 浮点型r/R
Simu1_1 2021-11-23 11:21:42 8208 正常|好点 true 浮点型r/R
Simu1_1 2021-11-23 11:21:43 8208 正常|好点 true 浮点型r/R
Simu1_1 2021-11-23 11:21:44 8208 正常|好点 true 浮点型r/R
Simu1_1 2021-11-23 11:21:45 8208 正常|好点 true 浮点型r/R
Simu1_1 2021-11-23 11:21:46 8208 正常|好点 true 浮点型r/R
Simu1_1 2021-11-23 11:21:47 8208 正常|好点 true 浮点型r/R
Simu1_1 2021-11-23 11:21:48 8208 正常|好点 true 浮点型r/R
Simu1_1 2021-11-23 11:21:49 8208 正常|好点 true 浮点型r/R
Simu1_1 2021-11-23 11:21:50 8208 正常|好点 true 浮点型r/R
Simu1_1 2021-11-23 11:21:51 8208 正常|好点 true 浮点型r/R
Simu1_1 2021-11-23 11:21:52 8208 正常|好点 true 浮点型r/R
Simu1_1 2021-11-23 11:21:53 8208 正常|好点 true 浮点型r/R
Simu1_1 2021-11-23 11:21:54 8208 正常|好点 true 浮点型r/R
Simu1_1 2021-11-23 11:21:55 8208 正常|好点 true 浮点型r/R
Simu1_1 2021-11-23 11:21:56 8208 正常|好点 true 浮点型r/R
Simu1_1 2021-11-23 11:21:57 8208 正常|好点 true 浮点型r/R
Simu1_1 2021-11-23 11:21:58 8208 正常|好点 true 浮点型r/R
Simu1_1 2021-11-23 11:21:59 8208 正常|好点 true 浮点型r/R
Simu1_1 2021-11-23 11:22:00 8208 正常|好点 true 浮点型r/R
Simu1_1 2021-11-23 11:22:01 8208 正常|好点 true 浮点型r/R
Simu1_1 2021-11-23 11:22:02 8208 正常|好点 true 浮点型r/R
Simu1_1 2021-11-23 11:22:03 8208 正常|好点 true 浮点型r/R
Simu1_1 2021-11-23 11:22:04 8208 正常|好点 true 浮点型r/R
Simu1_1 2021-11-23 11:22:05 8208 正常|好点 true 浮点型r/R
Simu1_1 2021-11-23 11:22:06 8208 正常|好点 true 浮点型r/R
Simu1_1 2021-11-23 11:22:07 8208 正常|好点 true 浮点型r/R
Simu1_1 2021-11-23 11:22:08 8208 正常|好点 false 浮点型r/R
Simu1_1 2021-11-23 11:22:09 8208 正常|好点 true 浮点型r/R
Simu1_1 2021-11-23 11:22:10 8208 正常|好点 true 浮点型r/R
Simu1_1 2021-11-23 11:22:11 8208 正常|好点 true 浮点型r/R
Simu1_1 2021-11-23 11:22:12 8208 正常|好点 true 浮点型r/R
Simu1_1 2021-11-23 11:22:13 8208 正常|好点 true 浮点型r/R
Simu1_1 2021-11-23 11:22:14 8208 正常|好点 true 浮点型r/R
Simu1_1 2021-11-23 11:22:15 8208 正常|好点 true 浮点型r/R
Simu1_1 2021-11-23 11:22:16 8208 正常|好点 true 浮点型r/R
Simu1_1 2021-11-23 11:22:17 8208 正常|好点 true 浮点型r/R
Simu1_1 2021-11-23 11:22:18 8208 正常|好点 true 浮点型r/R
Simu1_1 2021-11-23 11:22:19 8208 正常|好点 true 浮点型r/R
Simu1_1 2021-11-23 11:22:20 8208 正常|好点 true 浮点型r/R
Simu1_1 2021-11-23 11:22:21 8208 正常|好点 true 浮点型r/R
Simu1_1 2021-11-23 11:22:22 8208 正常|好点 true 浮点型r/R
Simu1_1 2021-11-23 11:22:23 8208 正常|好点 true 浮点型r/R
Simu1_1 2021-11-23 11:22:24 8208 正常|好点 true 浮点型r/R
Simu1_1 2021-11-23 11:22:25 8208 正常|好点 true 浮点型r/R
Simu1_1 2021-11-23 11:22:26 8208 正常|好点 true 浮点型r/R
Simu1_1 2021-11-23 11:22:27 8208 正常|好点 true 浮点型r/R
Simu1_1 2021-11-23 11:22:28 8208 正常|好点 true 浮点型r/R
Simu1_1 2021-11-23 11:22:29 8208 正常|好点 true 浮点型r/R
Simu1_1 2021-11-23 11:22:30 8208 正常|好点 true 浮点型r/R
Simu1_1 2021-11-23 11:22:31 8208 正常|好点 true 浮点型r/R
Simu1_1 2021-11-23 11:22:32 8208 正常|好点 true 浮点型r/R
Simu1_1 2021-11-23 11:22:33 8208 正常|好点 true 浮点型r/R
Simu1_1 2021-11-23 11:22:34 8208 正常|好点 true 浮点型r/R
Simu1_1 2021-11-23 11:22:35 8208 正常|好点 true 浮点型r/R
Simu1_1 2021-11-23 11:22:36 8208 正常|好点 true 浮点型r/R
Simu1_1 2021-11-23 11:22:37 8208 正常|好点 true 浮点型r/R
Simu1_1 2021-11-23 11:22:38 8208 正常|好点 true 浮点型r/R
Simu1_1 2021-11-23 11:22:39 8208 正常|好点 true 浮点型r/R
Simu1_1 2021-11-23 11:22:40 8208 正常|好点 true 浮点型r/R
Simu1_1 2021-11-23 11:22:41 8208 正常|好点 true 浮点型r/R
Simu1_1 2021-11-23 11:22:42 8208 正常|好点 true 浮点型r/R
Simu1_1 2021-11-23 11:22:43 8208 正常|好点 true 浮点型r/R
Simu1_1 2021-11-23 11:22:44 8208 正常|好点 true 浮点型r/R
Simu1_1 2021-11-23 11:22:45 8208 正常|好点 true 浮点型r/R
Simu1_1 2021-11-23 11:22:46 8208 正常|好点 true 浮点型r/R
Simu1_1 2021-11-23 11:22:47 8208 正常|好点 true 浮点型r/R
Simu1_1 2021-11-23 11:22:48 8208 正常|好点 true 浮点型r/R
Simu1_1 2021-11-23 11:22:49 8208 正常|好点 true 浮点型r/R
Simu1_1 2021-11-23 11:22:50 8208 正常|好点 true 浮点型r/R
Simu1_1 2021-11-23 11:22:51 8208 正常|好点 true 浮点型r/R
Simu1_1 2021-11-23 11:22:52 8208 正常|好点 true 浮点型r/R
Simu1_1 2021-11-23 11:22:53 8208 正常|好点 true 浮点型r/R
Simu1_1 2021-11-23 11:22:54 8208 正常|好点 true 浮点型r/R
Simu1_1 2021-11-23 11:22:55 8208 正常|好点 true 浮点型r/R
Simu1_1 2021-11-23 11:22:56 8208 正常|好点 true 浮点型r/R
Simu1_1 2021-11-23 11:22:57 8208 正常|好点 true 浮点型r/R
Simu1_1 2021-11-23 11:22:58 8208 正常|好点 true 浮点型r/R
Simu1_1 2021-11-23 11:22:59 8208 正常|好点 true 浮点型r/R
Simu1_1 2021-11-23 11:23:00 8208 正常|好点 true 浮点型r/R
Simu1_1 2021-11-23 11:23:01 8208 正常|好点 true 浮点型r/R
Simu1_1 2021-11-23 11:23:02 8208 正常|好点 true 浮点型r/R
Simu1_1 2021-11-23 11:23:03 8208 正常|好点 true 浮点型r/R
Simu1_1 2021-11-23 11:23:04 8208 正常|好点 true 浮点型r/R
Simu1_1 2021-11-23 11:23:05 8208 正常|好点 true 浮点型r/R
Simu1_1 2021-11-23 11:23:06 8208 正常|好点 true 浮点型r/R
Simu1_1 2021-11-23 11:23:07 8208 正常|好点 true 浮点型r/R
Simu1_1 2021-11-23 11:23:08 8208 正常|好点 true 浮点型r/R
Simu1_1 2021-11-23 11:23:09 8208 正常|好点 true 浮点型r/R
Simu1_1 2021-11-23 11:23:10 8208 正常|好点 true 浮点型r/R
Simu1_1 2021-11-23 11:23:11 8208 正常|好点 true 浮点型r/R
Simu1_1 2021-11-23 11:23:12 8208 正常|好点 true 浮点型r/R
Simu1_1 2021-11-23 11:23:13 8208 正常|好点 true 浮点型r/R
Simu1_1 2021-11-23 11:23:14 8208 正常|好点 true 浮点型r/R
Simu1_1 2021-11-23 11:23:15 8208 正常|好点 true 浮点型r/R
Simu1_1 2021-11-23 11:23:16 8208 正常|好点 true 浮点型r/R
Simu1_1 2021-11-23 11:23:17 8208 正常|好点 true 浮点型r/R
Simu1_1 2021-11-23 11:23:18 8208 正常|好点 true 浮点型r/R
Simu1_1 2021-11-23 11:23:19 8208 正常|好点 true 浮点型r/R
Simu1_1 2021-11-23 11:23:20 8208 正常|好点 true 浮点型r/R
Simu1_1 2021-11-23 11:23:21 8208 正常|好点 true 浮点型r/R
Simu1_1 2021-11-23 11:23:22 8208 正常|好点 true 浮点型r/R
Simu1_1 2021-11-23 11:23:23 8208 正常|好点 true 浮点型r/R
Simu1_1 2021-11-23 11:23:24 8208 正常|好点 true 浮点型r/R
Simu1_1 2021-11-23 11:23:25 8208 正常|好点 true 浮点型r/R
Simu1_1 2021-11-23 11:23:26 8208 正常|好点 true 浮点型r/R
Simu1_1 2021-11-23 11:23:27 8208 正常|好点 true 浮点型r/R
Simu1_1 2021-11-23 11:23:28 8208 正常|好点 true 浮点型r/R
Simu1_1 2021-11-23 11:23:29 8208 正常|好点 true 浮点型r/R
Simu1_1 2021-11-23 11:23:30 8208 正常|好点 true 浮点型r/R
Simu1_1 2021-11-23 11:23:31 8208 正常|好点 true 浮点型r/R
Simu1_1 2021-11-23 11:23:32 8208 正常|好点 true 浮点型r/R
Simu1_1 2021-11-23 11:23:33 8208 正常|好点 true 浮点型r/R
Simu1_1 2021-11-23 11:23:34 8208 正常|好点 true 浮点型r/R
Simu1_1 2021-11-23 11:23:35 8208 正常|好点 true 浮点型r/R
Simu1_1 2021-11-23 11:23:36 8208 正常|好点 true 浮点型r/R
Simu1_1 2021-11-23 11:23:37 8208 正常|好点 true 浮点型r/R
Simu1_1 2021-11-23 11:23:38 8208 正常|好点 true 浮点型r/R
Simu1_1 2021-11-23 11:23:39 8208 正常|好点 true 浮点型r/R
Simu1_1 2021-11-23 11:23:40 8208 正常|好点 true 浮点型r/R
Simu1_1 2021-11-23 11:23:41 8208 正常|好点 true 浮点型r/R
Simu1_1 2021-11-23 11:23:42 8208 正常|好点 true 浮点型r/R
Simu1_1 2021-11-23 11:23:43 8208 正常|好点 true 浮点型r/R
Simu1_1 2021-11-23 11:23:44 8208 正常|好点 true 浮点型r/R
Simu1_1 2021-11-23 11:23:45 8208 正常|好点 true 浮点型r/R
Simu1_1 2021-11-23 11:23:46 8208 正常|好点 true 浮点型r/R
Simu1_1 2021-11-23 11:23:47 8208 正常|好点 true 浮点型r/R
Simu1_1 2021-11-23 11:23:48 8208 正常|好点 true 浮点型r/R
Simu1_1 2021-11-23 11:23:49 8208 正常|好点 true 浮点型r/R
Simu1_1 2021-11-23 11:23:50 8208 正常|好点 true 浮点型r/R
Simu1_1 2021-11-23 11:23:51 8208 正常|好点 true 浮点型r/R
Simu1_1 2021-11-23 11:23:52 8208 正常|好点 true 浮点型r/R
Simu1_1 2021-11-23 11:23:53 8208 正常|好点 true 浮点型r/R
Simu1_1 2021-11-23 11:23:54 8208 正常|好点 true 浮点型r/R
Simu1_1 2021-11-23 11:23:55 8208 正常|好点 true 浮点型r/R
Simu1_1 2021-11-23 11:23:56 8208 正常|好点 true 浮点型r/R
Simu1_1 2021-11-23 11:23:57 8208 正常|好点 true 浮点型r/R
Simu1_1 2021-11-23 11:23:58 8208 正常|好点 true 浮点型r/R
Simu1_1 2021-11-23 11:23:59 8208 正常|好点 true 浮点型r/R
Simu1_1 2021-11-23 11:24:00 8208 正常|好点 true 浮点型r/R
Simu1_1 2021-11-23 11:24:01 8208 正常|好点 true 浮点型r/R
Simu1_1 2021-11-23 11:24:02 8208 正常|好点 true 浮点型r/R
Simu1_1 2021-11-23 11:24:03 8208 正常|好点 true 浮点型r/R
Simu1_1 2021-11-23 11:24:04 8208 正常|好点 true 浮点型r/R
Simu1_1 2021-11-23 11:24:05 8208 正常|好点 true 浮点型r/R
Simu1_1 2021-11-23 11:24:06 8208 正常|好点 true 浮点型r/R
Simu1_1 2021-11-23 11:24:07 8208 正常|好点 true 浮点型r/R
Simu1_1 2021-11-23 11:24:08 8208 正常|好点 true 浮点型r/R
Simu1_1 2021-11-23 11:24:09 8208 正常|好点 true 浮点型r/R
Simu1_1 2021-11-23 11:24:10 8208 正常|好点 true 浮点型r/R
Simu1_1 2021-11-23 11:24:11 8208 正常|好点 true 浮点型r/R
Simu1_1 2021-11-23 11:24:12 8208 正常|好点 true 浮点型r/R
Simu1_1 2021-11-23 11:24:13 8208 正常|好点 true 浮点型r/R
Simu1_1 2021-11-23 11:24:14 8208 正常|好点 true 浮点型r/R
Simu1_1 2021-11-23 11:24:15 8208 正常|好点 true 浮点型r/R
Simu1_1 2021-11-23 11:24:16 8208 正常|好点 true 浮点型r/R
Simu1_1 2021-11-23 11:24:17 8208 正常|好点 true 浮点型r/R
Simu1_1 2021-11-23 11:24:18 8208 正常|好点 true 浮点型r/R
Simu1_1 2021-11-23 11:24:19 8208 正常|好点 true 浮点型r/R
Simu1_1 2021-11-23 11:24:20 8208 正常|好点 true 浮点型r/R
Simu1_1 2021-11-23 11:24:21 8208 正常|好点 true 浮点型r/R
Simu1_1 2021-11-23 11:24:22 8208 正常|好点 true 浮点型r/R
Simu1_1 2021-11-23 11:24:23 8208 正常|好点 true 浮点型r/R
Simu1_1 2021-11-23 11:24:24 8208 正常|好点 true 浮点型r/R
Simu1_1 2021-11-23 11:24:25 8208 正常|好点 true 浮点型r/R
Simu1_1 2021-11-23 11:24:26 8208 正常|好点 true 浮点型r/R
Simu1_1 2021-11-23 11:24:27 8208 正常|好点 true 浮点型r/R
Simu1_1 2021-11-23 11:24:28 8208 正常|好点 true 浮点型r/R
Simu1_1 2021-11-23 11:24:29 8208 正常|好点 true 浮点型r/R
Simu1_1 2021-11-23 11:24:30 8208 正常|好点 true 浮点型r/R
Simu1_1 2021-11-23 11:24:31 8208 正常|好点 true 浮点型r/R
Simu1_1 2021-11-23 11:24:32 8208 正常|好点 true 浮点型r/R
Simu1_1 2021-11-23 11:24:33 8208 正常|好点 true 浮点型r/R
Simu1_1 2021-11-23 11:24:34 8208 正常|好点 true 浮点型r/R
Simu1_1 2021-11-23 11:24:35 8208 正常|好点 true 浮点型r/R
Simu1_1 2021-11-23 11:24:36 8208 正常|好点 true 浮点型r/R
Simu1_1 2021-11-23 11:24:37 8208 正常|好点 true 浮点型r/R
Simu1_1 2021-11-23 11:24:38 8208 正常|好点 false 浮点型r/R
Simu1_1 2021-11-23 11:24:39 8208 正常|好点 true 浮点型r/R
Simu1_1 2021-11-23 11:24:40 8208 正常|好点 true 浮点型r/R
Simu1_1 2021-11-23 11:24:41 8208 正常|好点 true 浮点型r/R
Simu1_1 2021-11-23 11:24:42 8208 正常|好点 true 浮点型r/R
Simu1_1 2021-11-23 11:24:43 8208 正常|好点 true 浮点型r/R
Simu1_1 2021-11-23 11:24:44 8208 正常|好点 true 浮点型r/R
Simu1_1 2021-11-23 11:24:45 8208 正常|好点 true 浮点型r/R
Simu1_1 2021-11-23 11:24:46 8208 正常|好点 true 浮点型r/R
Simu1_1 2021-11-23 11:24:47 8208 正常|好点 true 浮点型r/R
Simu1_1 2021-11-23 11:24:48 8208 正常|好点 true 浮点型r/R
Simu1_1 2021-11-23 11:24:49 8208 正常|好点 true 浮点型r/R
Simu1_1 2021-11-23 11:24:50 8208 正常|好点 true 浮点型r/R
Simu1_1 2021-11-23 11:24:51 8208 正常|好点 true 浮点型r/R
Simu1_1 2021-11-23 11:24:52 8208 正常|好点 true 浮点型r/R
Simu1_1 2021-11-23 11:24:53 8208 正常|好点 true 浮点型r/R
Simu1_1 2021-11-23 11:24:54 8208 正常|好点 true 浮点型r/R
Simu1_1 2021-11-23 11:24:55 8208 正常|好点 true 浮点型r/R
Simu1_1 2021-11-23 11:24:56 8208 正常|好点 true 浮点型r/R
Simu1_1 2021-11-23 11:24:57 8208 正常|好点 true 浮点型r/R
Simu1_1 2021-11-23 11:24:58 8208 正常|好点 true 浮点型r/R
Simu1_1 2021-11-23 11:24:59 8208 正常|好点 true 浮点型r/R
Simu1_1 2021-11-23 11:25:00 8208 正常|好点 true 浮点型r/R
Simu1_1 2021-11-23 11:25:01 8208 正常|好点 true 浮点型r/R
Simu1_1 2021-11-23 11:25:02 8208 正常|好点 true 浮点型r/R
Simu1_1 2021-11-23 11:25:03 8208 正常|好点 true 浮点型r/R
Simu1_1 2021-11-23 11:25:04 8208 正常|好点 true 浮点型r/R
Simu1_1 2021-11-23 11:25:05 8208 正常|好点 true 浮点型r/R
Simu1_1 2021-11-23 11:25:06 8208 正常|好点 true 浮点型r/R
Simu1_1 2021-11-23 11:25:07 8208 正常|好点 true 浮点型r/R
Simu1_1 2021-11-23 11:25:08 8208 正常|好点 true 浮点型r/R
Simu1_1 2021-11-23 11:25:09 8208 正常|好点 true 浮点型r/R
Simu1_1 2021-11-23 11:25:10 8208 正常|好点 true 浮点型r/R
Simu1_1 2021-11-23 11:25:11 8208 正常|好点 true 浮点型r/R
Simu1_1 2021-11-23 11:25:12 8208 正常|好点 true 浮点型r/R
Simu1_1 2021-11-23 11:25:13 8208 正常|好点 true 浮点型r/R
Simu1_1 2021-11-23 11:25:14 8208 正常|好点 true 浮点型r/R
Simu1_1 2021-11-23 11:25:15 8208 正常|好点 true 浮点型r/R
Simu1_1 2021-11-23 11:25:16 8208 正常|好点 true 浮点型r/R
Simu1_1 2021-11-23 11:25:17 8208 正常|好点 true 浮点型r/R
Simu1_1 2021-11-23 11:25:18 8208 正常|好点 true 浮点型r/R
Simu1_1 2021-11-23 11:25:19 8208 正常|好点 true 浮点型r/R
Simu1_1 2021-11-23 11:25:20 8208 正常|好点 true 浮点型r/R
Simu1_1 2021-11-23 11:25:21 8208 正常|好点 true 浮点型r/R
Simu1_1 2021-11-23 11:25:22 8208 正常|好点 true 浮点型r/R
Simu1_1 2021-11-23 11:25:23 8208 正常|好点 true 浮点型r/R
Simu1_1 2021-11-23 11:25:24 8208 正常|好点 true 浮点型r/R
Simu1_1 2021-11-23 11:25:25 8208 正常|好点 true 浮点型r/R
Simu1_1 2021-11-23 11:25:26 8208 正常|好点 true 浮点型r/R
Simu1_1 2021-11-23 11:25:27 8208 正常|好点 true 浮点型r/R
Simu1_1 2021-11-23 11:25:28 8208 正常|好点 true 浮点型r/R
Simu1_1 2021-11-23 11:25:29 8208 正常|好点 true 浮点型r/R
Simu1_1 2021-11-23 11:25:30 8208 正常|好点 true 浮点型r/R
Simu1_1 2021-11-23 11:25:31 8208 正常|好点 true 浮点型r/R
Simu1_1 2021-11-23 11:25:32 8208 正常|好点 true 浮点型r/R
Simu1_1 2021-11-23 11:25:33 8208 正常|好点 true 浮点型r/R
Simu1_1 2021-11-23 11:25:34 8208 正常|好点 true 浮点型r/R
Simu1_1 2021-11-23 11:25:35 8208 正常|好点 true 浮点型r/R
Simu1_1 2021-11-23 11:25:36 8208 正常|好点 true 浮点型r/R
Simu1_1 2021-11-23 11:25:37 8208 正常|好点 true 浮点型r/R
Simu1_1 2021-11-23 11:25:38 8208 正常|好点 true 浮点型r/R
Simu1_1 2021-11-23 11:25:39 8208 正常|好点 true 浮点型r/R
Simu1_1 2021-11-23 11:25:40 8208 正常|好点 true 浮点型r/R
Simu1_1 2021-11-23 11:25:41 8208 正常|好点 true 浮点型r/R
Simu1_1 2021-11-23 11:25:42 8208 正常|好点 true 浮点型r/R
Simu1_1 2021-11-23 11:25:43 8208 正常|好点 true 浮点型r/R
Simu1_1 2021-11-23 11:25:44 8208 正常|好点 true 浮点型r/R
Simu1_1 2021-11-23 11:25:45 8208 正常|好点 true 浮点型r/R
Simu1_1 2021-11-23 11:25:46 8208 正常|好点 true 浮点型r/R
Simu1_1 2021-11-23 11:25:47 8208 正常|好点 true 浮点型r/R
Simu1_1 2021-11-23 11:25:48 8208 正常|好点 true 浮点型r/R
Simu1_1 2021-11-23 11:25:49 8208 正常|好点 true 浮点型r/R
Simu1_1 2021-11-23 11:25:50 8208 正常|好点 true 浮点型r/R
Simu1_1 2021-11-23 11:25:51 8208 正常|好点 true 浮点型r/R
Simu1_1 2021-11-23 11:25:52 8208 正常|好点 true 浮点型r/R
Simu1_1 2021-11-23 11:25:53 8208 正常|好点 true 浮点型r/R
Simu1_1 2021-11-23 11:25:54 8208 正常|好点 true 浮点型r/R
Simu1_1 2021-11-23 11:25:55 8208 正常|好点 true 浮点型r/R
Simu1_1 2021-11-23 11:25:56 8208 正常|好点 true 浮点型r/R
Simu1_1 2021-11-23 11:25:57 8208 正常|好点 true 浮点型r/R
Simu1_1 2021-11-23 11:25:58 8208 正常|好点 true 浮点型r/R
Simu1_1 2021-11-23 11:25:59 8208 正常|好点 true 浮点型r/R
Simu1_1 2021-11-23 11:26:00 8208 正常|好点 true 浮点型r/R
Simu1_1 2021-11-23 11:26:01 8208 正常|好点 true 浮点型r/R
Simu1_1 2021-11-23 11:26:02 8208 正常|好点 true 浮点型r/R
Simu1_1 2021-11-23 11:26:03 8208 正常|好点 true 浮点型r/R
Simu1_1 2021-11-23 11:26:04 8208 正常|好点 true 浮点型r/R
Simu1_1 2021-11-23 11:26:05 8208 正常|好点 true 浮点型r/R
Simu1_1 2021-11-23 11:26:06 8208 正常|好点 true 浮点型r/R
Simu1_1 2021-11-23 11:26:07 8208 正常|好点 true 浮点型r/R
Simu1_1 2021-11-23 11:26:08 8208 正常|好点 true 浮点型r/R
Simu1_1 2021-11-23 11:26:09 8208 正常|好点 true 浮点型r/R
Simu1_1 2021-11-23 11:26:10 8208 正常|好点 true 浮点型r/R
Simu1_1 2021-11-23 11:26:11 8208 正常|好点 true 浮点型r/R
Simu1_1 2021-11-23 11:26:12 8208 正常|好点 true 浮点型r/R
Simu1_1 2021-11-23 11:26:13 8208 正常|好点 true 浮点型r/R
Simu1_1 2021-11-23 11:26:14 8208 正常|好点 true 浮点型r/R
Simu1_1 2021-11-23 11:26:15 8208 正常|好点 true 浮点型r/R
Simu1_1 2021-11-23 11:26:16 8208 正常|好点 true 浮点型r/R
Simu1_1 2021-11-23 11:26:17 8208 正常|好点 true 浮点型r/R
Simu1_1 2021-11-23 11:26:18 8208 正常|好点 true 浮点型r/R
Simu1_1 2021-11-23 11:26:19 8208 正常|好点 true 浮点型r/R
Simu1_1 2021-11-23 11:26:20 8208 正常|好点 true 浮点型r/R
Simu1_1 2021-11-23 11:26:21 8208 正常|好点 true 浮点型r/R
Simu1_1 2021-11-23 11:26:22 8208 正常|好点 true 浮点型r/R
Simu1_1 2021-11-23 11:26:23 8208 正常|好点 true 浮点型r/R
Simu1_1 2021-11-23 11:26:24 8208 正常|好点 true 浮点型r/R
Simu1_1 2021-11-23 11:26:25 8208 正常|好点 true 浮点型r/R
Simu1_1 2021-11-23 11:26:26 8208 正常|好点 true 浮点型r/R
Simu1_1 2021-11-23 11:26:27 8208 正常|好点 true 浮点型r/R
Simu1_1 2021-11-23 11:26:28 8208 正常|好点 true 浮点型r/R
Simu1_1 2021-11-23 11:26:29 8208 正常|好点 true 浮点型r/R
Simu1_1 2021-11-23 11:26:30 8208 正常|好点 true 浮点型r/R
Simu1_1 2021-11-23 11:26:31 8208 正常|好点 true 浮点型r/R
Simu1_1 2021-11-23 11:26:32 8208 正常|好点 true 浮点型r/R
Simu1_1 2021-11-23 11:26:33 8208 正常|好点 true 浮点型r/R
Simu1_1 2021-11-23 11:26:34 8208 正常|好点 true 浮点型r/R
Simu1_1 2021-11-23 11:26:35 8208 正常|好点 true 浮点型r/R
Simu1_1 2021-11-23 11:26:36 8208 正常|好点 true 浮点型r/R
Simu1_1 2021-11-23 11:26:37 8208 正常|好点 true 浮点型r/R
Simu1_1 2021-11-23 11:26:38 8208 正常|好点 true 浮点型r/R
Simu1_1 2021-11-23 11:26:39 8208 正常|好点 true 浮点型r/R
Simu1_1 2021-11-23 11:26:40 8208 正常|好点 true 浮点型r/R
Simu1_1 2021-11-23 11:26:41 8208 正常|好点 true 浮点型r/R
Simu1_1 2021-11-23 11:26:42 8208 正常|好点 true 浮点型r/R
Simu1_1 2021-11-23 11:26:43 8208 正常|好点 true 浮点型r/R
Simu1_1 2021-11-23 11:26:44 8208 正常|好点 true 浮点型r/R
Simu1_1 2021-11-23 11:26:45 8208 正常|好点 true 浮点型r/R
Simu1_1 2021-11-23 11:26:46 8208 正常|好点 true 浮点型r/R
Simu1_1 2021-11-23 11:26:47 8208 正常|好点 true 浮点型r/R
Simu1_1 2021-11-23 11:26:48 8208 正常|好点 true 浮点型r/R
Simu1_1 2021-11-23 11:26:49 8208 正常|好点 true 浮点型r/R
Simu1_1 2021-11-23 11:26:50 8208 正常|好点 true 浮点型r/R
Simu1_1 2021-11-23 11:26:51 8208 正常|好点 true 浮点型r/R
Simu1_1 2021-11-23 11:26:52 8208 正常|好点 true 浮点型r/R
Simu1_1 2021-11-23 11:26:53 8208 正常|好点 true 浮点型r/R
Simu1_1 2021-11-23 11:26:54 8208 正常|好点 true 浮点型r/R
Simu1_1 2021-11-23 11:26:55 8208 正常|好点 true 浮点型r/R
Simu1_1 2021-11-23 11:26:56 8208 正常|好点 true 浮点型r/R
Simu1_1 2021-11-23 11:26:57 8208 正常|好点 true 浮点型r/R
Simu1_1 2021-11-23 11:26:58 8208 正常|好点 true 浮点型r/R
Simu1_1 2021-11-23 11:26:59 8208 正常|好点 true 浮点型r/R
Simu1_1 2021-11-23 11:27:00 8208 正常|好点 true 浮点型r/R
Simu1_1 2021-11-23 11:27:01 8208 正常|好点 true 浮点型r/R
Simu1_1 2021-11-23 11:27:02 8208 正常|好点 true 浮点型r/R
Simu1_1 2021-11-23 11:27:03 8208 正常|好点 true 浮点型r/R
Simu1_1 2021-11-23 11:27:04 8208 正常|好点 true 浮点型r/R
Simu1_1 2021-11-23 11:27:05 8208 正常|好点 true 浮点型r/R
Simu1_1 2021-11-23 11:27:06 8208 正常|好点 true 浮点型r/R
Simu1_1 2021-11-23 11:27:07 8208 正常|好点 true 浮点型r/R
Simu1_1 2021-11-23 11:27:08 8208 正常|好点 false 浮点型r/R
Simu1_1 2021-11-23 11:27:09 8208 正常|好点 true 浮点型r/R
Simu1_1 2021-11-23 11:27:10 8208 正常|好点 true 浮点型r/R
Simu1_1 2021-11-23 11:27:11 8208 正常|好点 true 浮点型r/R
Simu1_1 2021-11-23 11:27:12 8208 正常|好点 true 浮点型r/R
Simu1_1 2021-11-23 11:27:13 8208 正常|好点 true 浮点型r/R
Simu1_1 2021-11-23 11:27:14 8208 正常|好点 true 浮点型r/R
Simu1_1 2021-11-23 11:27:15 8208 正常|好点 true 浮点型r/R
Simu1_1 2021-11-23 11:27:16 8208 正常|好点 true 浮点型r/R
Simu1_1 2021-11-23 11:27:17 8208 正常|好点 true 浮点型r/R
Simu1_1 2021-11-23 11:27:18 8208 正常|好点 true 浮点型r/R
Simu1_1 2021-11-23 11:27:19 8208 正常|好点 true 浮点型r/R
Simu1_1 2021-11-23 11:27:20 8208 正常|好点 true 浮点型r/R
Simu1_1 2021-11-23 11:27:21 8208 正常|好点 true 浮点型r/R
Simu1_1 2021-11-23 11:27:22 8208 正常|好点 true 浮点型r/R
Simu1_1 2021-11-23 11:27:23 8208 正常|好点 true 浮点型r/R
Simu1_1 2021-11-23 11:27:24 8208 正常|好点 true 浮点型r/R
Simu1_1 2021-11-23 11:27:25 8208 正常|好点 true 浮点型r/R
Simu1_1 2021-11-23 11:27:26 8208 正常|好点 true 浮点型r/R
Simu1_1 2021-11-23 11:27:27 8208 正常|好点 true 浮点型r/R
Simu1_1 2021-11-23 11:27:28 8208 正常|好点 true 浮点型r/R
Simu1_1 2021-11-23 11:27:29 8208 正常|好点 true 浮点型r/R
Simu1_1 2021-11-23 11:27:30 8208 正常|好点 true 浮点型r/R
Simu1_1 2021-11-23 11:27:31 8208 正常|好点 true 浮点型r/R
Simu1_1 2021-11-23 11:27:32 8208 正常|好点 true 浮点型r/R
Simu1_1 2021-11-23 11:27:33 8208 正常|好点 true 浮点型r/R
Simu1_1 2021-11-23 11:27:34 8208 正常|好点 true 浮点型r/R
Simu1_1 2021-11-23 11:27:35 8208 正常|好点 true 浮点型r/R
Simu1_1 2021-11-23 11:27:36 8208 正常|好点 true 浮点型r/R
Simu1_1 2021-11-23 11:27:37 8208 正常|好点 true 浮点型r/R
Simu1_1 2021-11-23 11:27:38 8208 正常|好点 true 浮点型r/R
Simu1_1 2021-11-23 11:27:39 8208 正常|好点 true 浮点型r/R
Simu1_1 2021-11-23 11:27:40 8208 正常|好点 true 浮点型r/R
Simu1_1 2021-11-23 11:27:41 8208 正常|好点 true 浮点型r/R
Simu1_1 2021-11-23 11:27:42 8208 正常|好点 true 浮点型r/R
Simu1_1 2021-11-23 11:27:43 8208 正常|好点 true 浮点型r/R
Simu1_1 2021-11-23 11:27:44 8208 正常|好点 true 浮点型r/R
Simu1_1 2021-11-23 11:27:45 8208 正常|好点 true 浮点型r/R
Simu1_1 2021-11-23 11:27:46 8208 正常|好点 true 浮点型r/R
Simu1_1 2021-11-23 11:27:47 8208 正常|好点 true 浮点型r/R
Simu1_1 2021-11-23 11:27:48 8208 正常|好点 true 浮点型r/R
Simu1_1 2021-11-23 11:27:49 8208 正常|好点 true 浮点型r/R
Simu1_1 2021-11-23 11:27:50 8208 正常|好点 true 浮点型r/R
Simu1_1 2021-11-23 11:27:51 8208 正常|好点 true 浮点型r/R
Simu1_1 2021-11-23 11:27:52 8208 正常|好点 true 浮点型r/R
Simu1_1 2021-11-23 11:27:53 8208 正常|好点 true 浮点型r/R
Simu1_1 2021-11-23 11:27:54 8208 正常|好点 true 浮点型r/R
Simu1_1 2021-11-23 11:27:55 8208 正常|好点 true 浮点型r/R
Simu1_1 2021-11-23 11:27:56 8208 正常|好点 true 浮点型r/R
Simu1_1 2021-11-23 11:27:57 8208 正常|好点 true 浮点型r/R
Simu1_1 2021-11-23 11:27:58 8208 正常|好点 true 浮点型r/R
Simu1_1 2021-11-23 11:27:59 8208 正常|好点 true 浮点型r/R
Simu1_1 2021-11-23 11:28:00 8208 正常|好点 true 浮点型r/R
Simu1_1 2021-11-23 11:28:01 8208 正常|好点 true 浮点型r/R
Simu1_1 2021-11-23 11:28:02 8208 正常|好点 true 浮点型r/R
Simu1_1 2021-11-23 11:28:03 8208 正常|好点 true 浮点型r/R
Simu1_1 2021-11-23 11:28:04 8208 正常|好点 true 浮点型r/R
Simu1_1 2021-11-23 11:28:05 8208 正常|好点 true 浮点型r/R
Simu1_1 2021-11-23 11:28:06 8208 正常|好点 true 浮点型r/R
Simu1_1 2021-11-23 11:28:07 8208 正常|好点 true 浮点型r/R
Simu1_1 2021-11-23 11:28:08 8208 正常|好点 true 浮点型r/R
Simu1_1 2021-11-23 11:28:09 8208 正常|好点 true 浮点型r/R
Simu1_1 2021-11-23 11:28:10 8208 正常|好点 true 浮点型r/R
Simu1_1 2021-11-23 11:28:11 8208 正常|好点 true 浮点型r/R
Simu1_1 2021-11-23 11:28:12 8208 正常|好点 true 浮点型r/R
Simu1_1 2021-11-23 11:28:13 8208 正常|好点 true 浮点型r/R
Simu1_1 2021-11-23 11:28:14 8208 正常|好点 true 浮点型r/R
Simu1_1 2021-11-23 11:28:15 8208 正常|好点 true 浮点型r/R
Simu1_1 2021-11-23 11:28:16 8208 正常|好点 true 浮点型r/R
Simu1_1 2021-11-23 11:28:17 8208 正常|好点 true 浮点型r/R
Simu1_1 2021-11-23 11:28:18 8208 正常|好点 true 浮点型r/R
Simu1_1 2021-11-23 11:28:19 8208 正常|好点 true 浮点型r/R
Simu1_1 2021-11-23 11:28:20 8208 正常|好点 true 浮点型r/R
Simu1_1 2021-11-23 11:28:21 8208 正常|好点 true 浮点型r/R
Simu1_1 2021-11-23 11:28:22 8208 正常|好点 true 浮点型r/R
Simu1_1 2021-11-23 11:28:23 8208 正常|好点 true 浮点型r/R
Simu1_1 2021-11-23 11:28:24 8208 正常|好点 true 浮点型r/R
Simu1_1 2021-11-23 11:28:25 8208 正常|好点 true 浮点型r/R
Simu1_1 2021-11-23 11:28:26 8208 正常|好点 true 浮点型r/R
Simu1_1 2021-11-23 11:28:27 8208 正常|好点 true 浮点型r/R
Simu1_1 2021-11-23 11:28:28 8208 正常|好点 true 浮点型r/R
Simu1_1 2021-11-23 11:28:29 8208 正常|好点 true 浮点型r/R
Simu1_1 2021-11-23 11:28:30 8208 正常|好点 true 浮点型r/R
Simu1_1 2021-11-23 11:28:31 8208 正常|好点 true 浮点型r/R
Simu1_1 2021-11-23 11:28:32 8208 正常|好点 true 浮点型r/R
Simu1_1 2021-11-23 11:28:33 8208 正常|好点 true 浮点型r/R
Simu1_1 2021-11-23 11:28:34 8208 正常|好点 true 浮点型r/R
Simu1_1 2021-11-23 11:28:35 8208 正常|好点 true 浮点型r/R
Simu1_1 2021-11-23 11:28:36 8208 正常|好点 true 浮点型r/R
Simu1_1 2021-11-23 11:28:37 8208 正常|好点 true 浮点型r/R
Simu1_1 2021-11-23 11:28:38 8208 正常|好点 true 浮点型r/R
Simu1_1 2021-11-23 11:28:39 8208 正常|好点 true 浮点型r/R
Simu1_1 2021-11-23 11:28:40 8208 正常|好点 true 浮点型r/R
Simu1_1 2021-11-23 11:28:41 8208 正常|好点 true 浮点型r/R
Simu1_1 2021-11-23 11:28:42 8208 正常|好点 true 浮点型r/R
Simu1_1 2021-11-23 11:28:43 8208 正常|好点 true 浮点型r/R
Simu1_1 2021-11-23 11:28:44 8208 正常|好点 true 浮点型r/R
Simu1_1 2021-11-23 11:28:45 8208 正常|好点 true 浮点型r/R
Simu1_1 2021-11-23 11:28:46 8208 正常|好点 true 浮点型r/R
Simu1_1 2021-11-23 11:28:47 8208 正常|好点 true 浮点型r/R
Simu1_1 2021-11-23 11:28:48 8208 正常|好点 true 浮点型r/R
Simu1_1 2021-11-23 11:28:49 8208 正常|好点 true 浮点型r/R
Simu1_1 2021-11-23 11:28:50 8208 正常|好点 true 浮点型r/R
Simu1_1 2021-11-23 11:28:51 8208 正常|好点 true 浮点型r/R
Simu1_1 2021-11-23 11:28:52 8208 正常|好点 true 浮点型r/R
Simu1_1 2021-11-23 11:28:53 8208 正常|好点 true 浮点型r/R
Simu1_1 2021-11-23 11:28:54 8208 正常|好点 true 浮点型r/R
Simu1_1 2021-11-23 11:28:55 8208 正常|好点 true 浮点型r/R
Simu1_1 2021-11-23 11:28:56 8208 正常|好点 true 浮点型r/R
Simu1_1 2021-11-23 11:28:57 8208 正常|好点 true 浮点型r/R
Simu1_1 2021-11-23 11:28:58 8208 正常|好点 true 浮点型r/R
Simu1_1 2021-11-23 11:28:59 8208 正常|好点 true 浮点型r/R
Simu1_1 2021-11-23 11:29:00 8208 正常|好点 true 浮点型r/R
Simu1_1 2021-11-23 11:29:01 8208 正常|好点 true 浮点型r/R
Simu1_1 2021-11-23 11:29:02 8208 正常|好点 true 浮点型r/R
Simu1_1 2021-11-23 11:29:03 8208 正常|好点 true 浮点型r/R
Simu1_1 2021-11-23 11:29:04 8208 正常|好点 true 浮点型r/R
Simu1_1 2021-11-23 11:29:05 8208 正常|好点 true 浮点型r/R
Simu1_1 2021-11-23 11:29:06 8208 正常|好点 true 浮点型r/R
Simu1_1 2021-11-23 11:29:07 8208 正常|好点 true 浮点型r/R
Simu1_1 2021-11-23 11:29:08 8208 正常|好点 true 浮点型r/R
Simu1_1 2021-11-23 11:29:09 8208 正常|好点 true 浮点型r/R
Simu1_1 2021-11-23 11:29:10 8208 正常|好点 true 浮点型r/R
Simu1_1 2021-11-23 11:29:11 8208 正常|好点 true 浮点型r/R
Simu1_1 2021-11-23 11:29:12 8208 正常|好点 true 浮点型r/R
Simu1_1 2021-11-23 11:29:13 8208 正常|好点 true 浮点型r/R
Simu1_1 2021-11-23 11:29:14 8208 正常|好点 true 浮点型r/R
Simu1_1 2021-11-23 11:29:15 8208 正常|好点 true 浮点型r/R
Simu1_1 2021-11-23 11:29:16 8208 正常|好点 true 浮点型r/R
Simu1_1 2021-11-23 11:29:17 8208 正常|好点 true 浮点型r/R
Simu1_1 2021-11-23 11:29:18 8208 正常|好点 true 浮点型r/R
Simu1_1 2021-11-23 11:29:19 8208 正常|好点 true 浮点型r/R
Simu1_1 2021-11-23 11:29:20 8208 正常|好点 true 浮点型r/R
Simu1_1 2021-11-23 11:29:21 8208 正常|好点 true 浮点型r/R
Simu1_1 2021-11-23 11:29:22 8208 正常|好点 true 浮点型r/R
Simu1_1 2021-11-23 11:29:23 8208 正常|好点 true 浮点型r/R
Simu1_1 2021-11-23 11:29:24 8208 正常|好点 true 浮点型r/R
Simu1_1 2021-11-23 11:29:25 8208 正常|好点 true 浮点型r/R
Simu1_1 2021-11-23 11:29:26 8208 正常|好点 true 浮点型r/R
Simu1_1 2021-11-23 11:29:27 8208 正常|好点 true 浮点型r/R
Simu1_1 2021-11-23 11:29:28 8208 正常|好点 true 浮点型r/R
Simu1_1 2021-11-23 11:29:29 8208 正常|好点 true 浮点型r/R
Simu1_1 2021-11-23 11:29:30 8208 正常|好点 true 浮点型r/R
Simu1_1 2021-11-23 11:29:31 8208 正常|好点 true 浮点型r/R
Simu1_1 2021-11-23 11:29:32 8208 正常|好点 true 浮点型r/R
Simu1_1 2021-11-23 11:29:33 8208 正常|好点 true 浮点型r/R
Simu1_1 2021-11-23 11:29:34 8208 正常|好点 true 浮点型r/R
Simu1_1 2021-11-23 11:29:35 8208 正常|好点 true 浮点型r/R
Simu1_1 2021-11-23 11:29:36 8208 正常|好点 true 浮点型r/R
Simu1_1 2021-11-23 11:29:37 8208 正常|好点 true 浮点型r/R
Simu1_1 2021-11-23 11:29:38 8208 正常|好点 false 浮点型r/R
Simu1_1 2021-11-23 11:29:39 8208 正常|好点 true 浮点型r/R
Simu1_1 2021-11-23 11:29:40 8208 正常|好点 true 浮点型r/R
Simu1_1 2021-11-23 11:29:41 8208 正常|好点 true 浮点型r/R
Simu1_1 2021-11-23 11:29:42 8208 正常|好点 true 浮点型r/R
Simu1_1 2021-11-23 11:29:43 8208 正常|好点 true 浮点型r/R
Simu1_1 2021-11-23 11:29:44 8208 正常|好点 true 浮点型r/R
Simu1_1 2021-11-23 11:29:45 8208 正常|好点 true 浮点型r/R
Simu1_1 2021-11-23 11:29:46 8208 正常|好点 true 浮点型r/R
Simu1_1 2021-11-23 11:29:47 8208 正常|好点 true 浮点型r/R
Simu1_1 2021-11-23 11:29:48 8208 正常|好点 true 浮点型r/R
Simu1_1 2021-11-23 11:29:49 8208 正常|好点 true 浮点型r/R
Simu1_1 2021-11-23 11:29:50 8208 正常|好点 true 浮点型r/R
Simu1_1 2021-11-23 11:29:51 8208 正常|好点 true 浮点型r/R
Simu1_1 2021-11-23 11:29:52 8208 正常|好点 true 浮点型r/R
Simu1_1 2021-11-23 11:29:53 8208 正常|好点 true 浮点型r/R
Simu1_1 2021-11-23 11:29:54 8208 正常|好点 true 浮点型r/R
Simu1_1 2021-11-23 11:29:55 8208 正常|好点 true 浮点型r/R
Simu1_1 2021-11-23 11:29:56 8208 正常|好点 true 浮点型r/R
Simu1_1 2021-11-23 11:29:57 8208 正常|好点 true 浮点型r/R
Simu1_1 2021-11-23 11:29:58 8208 正常|好点 true 浮点型r/R
Simu1_1 2021-11-23 11:29:59 8208 正常|好点 true 浮点型r/R
Simu1_1 2021-11-23 11:30:00 8208 正常|好点 true 浮点型r/R
Simu1_1 2021-11-23 11:30:01 8208 正常|好点 true 浮点型r/R
Simu1_1 2021-11-23 11:30:02 8208 正常|好点 true 浮点型r/R
Simu1_1 2021-11-23 11:30:03 8208 正常|好点 true 浮点型r/R
Simu1_1 2021-11-23 11:30:04 8208 正常|好点 true 浮点型r/R
Simu1_1 2021-11-23 11:30:05 8208 正常|好点 true 浮点型r/R
Simu1_1 2021-11-23 11:30:06 8208 正常|好点 true 浮点型r/R
Simu1_1 2021-11-23 11:30:07 8208 正常|好点 true 浮点型r/R
Simu1_1 2021-11-23 11:30:08 8208 正常|好点 true 浮点型r/R
Simu1_1 2021-11-23 11:30:09 8208 正常|好点 true 浮点型r/R
Simu1_1 2021-11-23 11:30:10 8208 正常|好点 true 浮点型r/R
Simu1_1 2021-11-23 11:30:11 8208 正常|好点 true 浮点型r/R
Simu1_1 2021-11-23 11:30:12 8208 正常|好点 true 浮点型r/R
Simu1_1 2021-11-23 11:30:13 8208 正常|好点 true 浮点型r/R
Simu1_1 2021-11-23 11:30:14 8208 正常|好点 true 浮点型r/R
Simu1_1 2021-11-23 11:30:15 8208 正常|好点 true 浮点型r/R
Simu1_1 2021-11-23 11:30:16 8208 正常|好点 true 浮点型r/R
Simu1_1 2021-11-23 11:30:17 8208 正常|好点 true 浮点型r/R
Simu1_1 2021-11-23 11:30:18 8208 正常|好点 true 浮点型r/R
Simu1_1 2021-11-23 11:30:19 8208 正常|好点 true 浮点型r/R
Simu1_1 2021-11-23 11:30:20 8208 正常|好点 true 浮点型r/R
Simu1_1 2021-11-23 11:30:21 8208 正常|好点 true 浮点型r/R
Simu1_1 2021-11-23 11:30:22 8208 正常|好点 true 浮点型r/R
Simu1_1 2021-11-23 11:30:23 8208 正常|好点 true 浮点型r/R
Simu1_1 2021-11-23 11:30:24 8208 正常|好点 true 浮点型r/R
Simu1_1 2021-11-23 11:30:25 8208 正常|好点 true 浮点型r/R
Simu1_1 2021-11-23 11:30:26 8208 正常|好点 true 浮点型r/R
Simu1_1 2021-11-23 11:30:27 8208 正常|好点 true 浮点型r/R
Simu1_1 2021-11-23 11:30:28 8208 正常|好点 true 浮点型r/R
Simu1_1 2021-11-23 11:30:29 8208 正常|好点 true 浮点型r/R
Simu1_1 2021-11-23 11:30:30 8208 正常|好点 true 浮点型r/R
Simu1_1 2021-11-23 11:30:31 8208 正常|好点 true 浮点型r/R
Simu1_1 2021-11-23 11:30:32 8208 正常|好点 true 浮点型r/R
Simu1_1 2021-11-23 11:30:33 8208 正常|好点 true 浮点型r/R
Simu1_1 2021-11-23 11:30:34 8208 正常|好点 true 浮点型r/R
Simu1_1 2021-11-23 11:30:35 8208 正常|好点 true 浮点型r/R
Simu1_1 2021-11-23 11:30:36 8208 正常|好点 true 浮点型r/R
Simu1_1 2021-11-23 11:30:37 8208 正常|好点 true 浮点型r/R
Simu1_1 2021-11-23 11:30:38 8208 正常|好点 true 浮点型r/R
Simu1_1 2021-11-23 11:30:39 8208 正常|好点 true 浮点型r/R
Simu1_1 2021-11-23 11:30:40 8208 正常|好点 true 浮点型r/R
Simu1_1 2021-11-23 11:30:41 8208 正常|好点 true 浮点型r/R
Simu1_1 2021-11-23 11:30:42 8208 正常|好点 true 浮点型r/R
Simu1_1 2021-11-23 11:30:43 8208 正常|好点 true 浮点型r/R
Simu1_1 2021-11-23 11:30:44 8208 正常|好点 true 浮点型r/R
Simu1_1 2021-11-23 11:30:45 8208 正常|好点 true 浮点型r/R
Simu1_1 2021-11-23 11:30:46 8208 正常|好点 true 浮点型r/R
Simu1_1 2021-11-23 11:30:47 8208 正常|好点 true 浮点型r/R
Simu1_1 2021-11-23 11:30:48 8208 正常|好点 true 浮点型r/R
Simu1_1 2021-11-23 11:30:49 8208 正常|好点 true 浮点型r/R
Simu1_1 2021-11-23 11:30:50 8208 正常|好点 true 浮点型r/R
Simu1_1 2021-11-23 11:30:51 8208 正常|好点 true 浮点型r/R
Simu1_1 2021-11-23 11:30:52 8208 正常|好点 true 浮点型r/R
Simu1_1 2021-11-23 11:30:53 8208 正常|好点 true 浮点型r/R
Simu1_1 2021-11-23 11:30:54 8208 正常|好点 true 浮点型r/R
Simu1_1 2021-11-23 11:30:55 8208 正常|好点 true 浮点型r/R
Simu1_1 2021-11-23 11:30:56 8208 正常|好点 true 浮点型r/R
Simu1_1 2021-11-23 11:30:57 8208 正常|好点 true 浮点型r/R
Simu1_1 2021-11-23 11:30:58 8208 正常|好点 true 浮点型r/R
Simu1_1 2021-11-23 11:30:59 8208 正常|好点 true 浮点型r/R
Simu1_1 2021-11-23 11:31:00 8208 正常|好点 true 浮点型r/R
Simu1_1 2021-11-23 11:31:01 8208 正常|好点 true 浮点型r/R
Simu1_1 2021-11-23 11:31:02 8208 正常|好点 true 浮点型r/R
Simu1_1 2021-11-23 11:31:03 8208 正常|好点 true 浮点型r/R
Simu1_1 2021-11-23 11:31:04 8208 正常|好点 true 浮点型r/R
Simu1_1 2021-11-23 11:31:05 8208 正常|好点 true 浮点型r/R
Simu1_1 2021-11-23 11:31:06 8208 正常|好点 true 浮点型r/R
Simu1_1 2021-11-23 11:31:07 8208 正常|好点 true 浮点型r/R
Simu1_1 2021-11-23 11:31:08 8208 正常|好点 true 浮点型r/R
Simu1_1 2021-11-23 11:31:09 8208 正常|好点 true 浮点型r/R
Simu1_1 2021-11-23 11:31:10 8208 正常|好点 true 浮点型r/R
Simu1_1 2021-11-23 11:31:11 8208 正常|好点 true 浮点型r/R
Simu1_1 2021-11-23 11:31:12 8208 正常|好点 true 浮点型r/R
Simu1_1 2021-11-23 11:31:13 8208 正常|好点 true 浮点型r/R
Simu1_1 2021-11-23 11:31:14 8208 正常|好点 true 浮点型r/R
Simu1_1 2021-11-23 11:31:15 8208 正常|好点 true 浮点型r/R
Simu1_1 2021-11-23 11:31:16 8208 正常|好点 true 浮点型r/R
Simu1_1 2021-11-23 11:31:17 8208 正常|好点 true 浮点型r/R
Simu1_1 2021-11-23 11:31:18 8208 正常|好点 true 浮点型r/R
Simu1_1 2021-11-23 11:31:19 8208 正常|好点 true 浮点型r/R
Simu1_1 2021-11-23 11:31:20 8208 正常|好点 true 浮点型r/R
Simu1_1 2021-11-23 11:31:21 8208 正常|好点 true 浮点型r/R
Simu1_1 2021-11-23 11:31:22 8208 正常|好点 true 浮点型r/R
Simu1_1 2021-11-23 11:31:23 8208 正常|好点 true 浮点型r/R
Simu1_1 2021-11-23 11:31:24 8208 正常|好点 true 浮点型r/R
Simu1_1 2021-11-23 11:31:25 8208 正常|好点 true 浮点型r/R
Simu1_1 2021-11-23 11:31:26 8208 正常|好点 true 浮点型r/R
Simu1_1 2021-11-23 11:31:27 8208 正常|好点 true 浮点型r/R
Simu1_1 2021-11-23 11:31:28 8208 正常|好点 true 浮点型r/R
Simu1_1 2021-11-23 11:31:29 8208 正常|好点 true 浮点型r/R
Simu1_1 2021-11-23 11:31:30 8208 正常|好点 true 浮点型r/R
Simu1_1 2021-11-23 11:31:31 8208 正常|好点 true 浮点型r/R
Simu1_1 2021-11-23 11:31:32 8208 正常|好点 true 浮点型r/R
Simu1_1 2021-11-23 11:31:33 8208 正常|好点 true 浮点型r/R
Simu1_1 2021-11-23 11:31:34 8208 正常|好点 true 浮点型r/R
Simu1_1 2021-11-23 11:31:35 8208 正常|好点 true 浮点型r/R
Simu1_1 2021-11-23 11:31:36 8208 正常|好点 true 浮点型r/R
Simu1_1 2021-11-23 11:31:37 8208 正常|好点 true 浮点型r/R
Simu1_1 2021-11-23 11:31:38 8208 正常|好点 true 浮点型r/R
Simu1_1 2021-11-23 11:31:39 8208 正常|好点 true 浮点型r/R
Simu1_1 2021-11-23 11:31:40 8208 正常|好点 true 浮点型r/R
Simu1_1 2021-11-23 11:31:41 8208 正常|好点 true 浮点型r/R
Simu1_1 2021-11-23 11:31:42 8208 正常|好点 true 浮点型r/R
Simu1_1 2021-11-23 11:31:43 8208 正常|好点 true 浮点型r/R
Simu1_1 2021-11-23 11:31:44 8208 正常|好点 true 浮点型r/R
Simu1_1 2021-11-23 11:31:45 8208 正常|好点 true 浮点型r/R
Simu1_1 2021-11-23 11:31:46 8208 正常|好点 true 浮点型r/R
Simu1_1 2021-11-23 11:31:47 8208 正常|好点 true 浮点型r/R
Simu1_1 2021-11-23 11:31:48 8208 正常|好点 true 浮点型r/R
Simu1_1 2021-11-23 11:31:49 8208 正常|好点 true 浮点型r/R
Simu1_1 2021-11-23 11:31:50 8208 正常|好点 true 浮点型r/R
Simu1_1 2021-11-23 11:31:51 8208 正常|好点 true 浮点型r/R
Simu1_1 2021-11-23 11:31:52 8208 正常|好点 true 浮点型r/R
Simu1_1 2021-11-23 11:31:53 8208 正常|好点 true 浮点型r/R
Simu1_1 2021-11-23 11:31:54 8208 正常|好点 true 浮点型r/R
Simu1_1 2021-11-23 11:31:55 8208 正常|好点 true 浮点型r/R
Simu1_1 2021-11-23 11:31:56 8208 正常|好点 true 浮点型r/R
Simu1_1 2021-11-23 11:31:57 8208 正常|好点 true 浮点型r/R
Simu1_1 2021-11-23 11:31:58 8208 正常|好点 true 浮点型r/R
Simu1_1 2021-11-23 11:31:59 8208 正常|好点 true 浮点型r/R
Simu1_1 2021-11-23 11:32:00 8208 正常|好点 true 浮点型r/R
Simu1_1 2021-11-23 11:32:01 8208 正常|好点 true 浮点型r/R
Simu1_1 2021-11-23 11:32:02 8208 正常|好点 true 浮点型r/R
Simu1_1 2021-11-23 11:32:03 8208 正常|好点 true 浮点型r/R
Simu1_1 2021-11-23 11:32:04 8208 正常|好点 true 浮点型r/R
Simu1_1 2021-11-23 11:32:05 8208 正常|好点 true 浮点型r/R
Simu1_1 2021-11-23 11:32:06 8208 正常|好点 true 浮点型r/R
Simu1_1 2021-11-23 11:32:07 8208 正常|好点 true 浮点型r/R
Simu1_1 2021-11-23 11:32:08 8208 正常|好点 false 浮点型r/R
Simu1_1 2021-11-23 11:32:09 8208 正常|好点 true 浮点型r/R
Simu1_1 2021-11-23 11:32:10 8208 正常|好点 true 浮点型r/R
Simu1_1 2021-11-23 11:32:11 8208 正常|好点 true 浮点型r/R
Simu1_1 2021-11-23 11:32:12 8208 正常|好点 true 浮点型r/R
Simu1_1 2021-11-23 11:32:13 8208 正常|好点 true 浮点型r/R
Simu1_1 2021-11-23 11:32:14 8208 正常|好点 true 浮点型r/R
Simu1_1 2021-11-23 11:32:15 8208 正常|好点 true 浮点型r/R
Simu1_1 2021-11-23 11:32:16 8208 正常|好点 true 浮点型r/R
Simu1_1 2021-11-23 11:32:17 8208 正常|好点 true 浮点型r/R
Simu1_1 2021-11-23 11:32:18 8208 正常|好点 true 浮点型r/R
Simu1_1 2021-11-23 11:32:19 8208 正常|好点 true 浮点型r/R
Simu1_1 2021-11-23 11:32:20 8208 正常|好点 true 浮点型r/R
Simu1_1 2021-11-23 11:32:21 8208 正常|好点 true 浮点型r/R
Simu1_1 2021-11-23 11:32:22 8208 正常|好点 true 浮点型r/R
Simu1_1 2021-11-23 11:32:23 8208 正常|好点 true 浮点型r/R
Simu1_1 2021-11-23 11:32:24 8208 正常|好点 true 浮点型r/R
Simu1_1 2021-11-23 11:32:25 8208 正常|好点 true 浮点型r/R
Simu1_1 2021-11-23 11:32:26 8208 正常|好点 true 浮点型r/R
Simu1_1 2021-11-23 11:32:27 8208 正常|好点 true 浮点型r/R
Simu1_1 2021-11-23 11:32:28 8208 正常|好点 true 浮点型r/R
Simu1_1 2021-11-23 11:32:29 8208 正常|好点 true 浮点型r/R
Simu1_1 2021-11-23 11:32:30 8208 正常|好点 true 浮点型r/R
Simu1_1 2021-11-23 11:32:31 8208 正常|好点 true 浮点型r/R
Simu1_1 2021-11-23 11:32:32 8208 正常|好点 true 浮点型r/R
Simu1_1 2021-11-23 11:32:33 8208 正常|好点 true 浮点型r/R
Simu1_1 2021-11-23 11:32:34 8208 正常|好点 true 浮点型r/R
Simu1_1 2021-11-23 11:32:35 8208 正常|好点 true 浮点型r/R
Simu1_1 2021-11-23 11:32:36 8208 正常|好点 true 浮点型r/R
Simu1_1 2021-11-23 11:32:37 8208 正常|好点 true 浮点型r/R
Simu1_1 2021-11-23 11:32:38 8208 正常|好点 true 浮点型r/R
Simu1_1 2021-11-23 11:32:39 8208 正常|好点 true 浮点型r/R
Simu1_1 2021-11-23 11:32:40 8208 正常|好点 true 浮点型r/R
Simu1_1 2021-11-23 11:32:41 8208 正常|好点 true 浮点型r/R
Simu1_1 2021-11-23 11:32:42 8208 正常|好点 true 浮点型r/R
Simu1_1 2021-11-23 11:32:43 8208 正常|好点 true 浮点型r/R
Simu1_1 2021-11-23 11:32:44 8208 正常|好点 true 浮点型r/R
Simu1_1 2021-11-23 11:32:45 8208 正常|好点 true 浮点型r/R
Simu1_1 2021-11-23 11:32:46 8208 正常|好点 true 浮点型r/R
Simu1_1 2021-11-23 11:32:47 8208 正常|好点 true 浮点型r/R
Simu1_1 2021-11-23 11:32:48 8208 正常|好点 true 浮点型r/R
Simu1_1 2021-11-23 11:32:49 8208 正常|好点 true 浮点型r/R
Simu1_1 2021-11-23 11:32:50 8208 正常|好点 true 浮点型r/R
Simu1_1 2021-11-23 11:32:51 8208 正常|好点 true 浮点型r/R
Simu1_1 2021-11-23 11:32:52 8208 正常|好点 true 浮点型r/R
Simu1_1 2021-11-23 11:32:53 8208 正常|好点 true 浮点型r/R
Simu1_1 2021-11-23 11:32:54 8208 正常|好点 true 浮点型r/R
Simu1_1 2021-11-23 11:32:55 8208 正常|好点 true 浮点型r/R
Simu1_1 2021-11-23 11:32:56 8208 正常|好点 true 浮点型r/R
Simu1_1 2021-11-23 11:32:57 8208 正常|好点 true 浮点型r/R
Simu1_1 2021-11-23 11:32:58 8208 正常|好点 true 浮点型r/R
Simu1_1 2021-11-23 11:32:59 8208 正常|好点 true 浮点型r/R
Simu1_1 2021-11-23 11:33:00 8208 正常|好点 true 浮点型r/R
Simu1_1 2021-11-23 11:33:01 8208 正常|好点 true 浮点型r/R
Simu1_1 2021-11-23 11:33:02 8208 正常|好点 true 浮点型r/R
Simu1_1 2021-11-23 11:33:03 8208 正常|好点 true 浮点型r/R
Simu1_1 2021-11-23 11:33:04 8208 正常|好点 true 浮点型r/R
Simu1_1 2021-11-23 11:33:05 8208 正常|好点 true 浮点型r/R
Simu1_1 2021-11-23 11:33:06 8208 正常|好点 true 浮点型r/R
Simu1_1 2021-11-23 11:33:07 8208 正常|好点 true 浮点型r/R
Simu1_1 2021-11-23 11:33:08 8208 正常|好点 true 浮点型r/R
Simu1_1 2021-11-23 11:33:09 8208 正常|好点 true 浮点型r/R
Simu1_1 2021-11-23 11:33:10 8208 正常|好点 true 浮点型r/R
Simu1_1 2021-11-23 11:33:11 8208 正常|好点 true 浮点型r/R
Simu1_1 2021-11-23 11:33:12 8208 正常|好点 true 浮点型r/R
Simu1_1 2021-11-23 11:33:13 8208 正常|好点 true 浮点型r/R
Simu1_1 2021-11-23 11:33:14 8208 正常|好点 true 浮点型r/R
Simu1_1 2021-11-23 11:33:15 8208 正常|好点 true 浮点型r/R
Simu1_1 2021-11-23 11:33:16 8208 正常|好点 true 浮点型r/R
Simu1_1 2021-11-23 11:33:17 8208 正常|好点 true 浮点型r/R
Simu1_1 2021-11-23 11:33:18 8208 正常|好点 true 浮点型r/R
Simu1_1 2021-11-23 11:33:19 8208 正常|好点 true 浮点型r/R
Simu1_1 2021-11-23 11:33:20 8208 正常|好点 true 浮点型r/R
Simu1_1 2021-11-23 11:33:21 8208 正常|好点 true 浮点型r/R
Simu1_1 2021-11-23 11:33:22 8208 正常|好点 true 浮点型r/R
Simu1_1 2021-11-23 11:33:23 8208 正常|好点 true 浮点型r/R
Simu1_1 2021-11-23 11:33:24 8208 正常|好点 true 浮点型r/R
Simu1_1 2021-11-23 11:33:25 8208 正常|好点 true 浮点型r/R
Simu1_1 2021-11-23 11:33:26 8208 正常|好点 true 浮点型r/R
Simu1_1 2021-11-23 11:33:27 8208 正常|好点 true 浮点型r/R
Simu1_1 2021-11-23 11:33:28 8208 正常|好点 true 浮点型r/R
Simu1_1 2021-11-23 11:33:29 8208 正常|好点 true 浮点型r/R
Simu1_1 2021-11-23 11:33:30 8208 正常|好点 true 浮点型r/R
Simu1_1 2021-11-23 11:33:31 8208 正常|好点 true 浮点型r/R
Simu1_1 2021-11-23 11:33:32 8208 正常|好点 true 浮点型r/R
Simu1_1 2021-11-23 11:33:33 8208 正常|好点 true 浮点型r/R
Simu1_1 2021-11-23 11:33:34 8208 正常|好点 true 浮点型r/R
Simu1_1 2021-11-23 11:33:35 8208 正常|好点 true 浮点型r/R
Simu1_1 2021-11-23 11:33:36 8208 正常|好点 true 浮点型r/R
Simu1_1 2021-11-23 11:33:37 8208 正常|好点 true 浮点型r/R
Simu1_1 2021-11-23 11:33:38 8208 正常|好点 true 浮点型r/R
Simu1_1 2021-11-23 11:33:39 8208 正常|好点 true 浮点型r/R
Simu1_1 2021-11-23 11:33:40 8208 正常|好点 true 浮点型r/R
Simu1_1 2021-11-23 11:33:41 8208 正常|好点 true 浮点型r/R
Simu1_1 2021-11-23 11:33:42 8208 正常|好点 true 浮点型r/R
Simu1_1 2021-11-23 11:33:43 8208 正常|好点 true 浮点型r/R
Simu1_1 2021-11-23 11:33:44 8208 正常|好点 true 浮点型r/R
Simu1_1 2021-11-23 11:33:45 8208 正常|好点 true 浮点型r/R
Simu1_1 2021-11-23 11:33:46 8208 正常|好点 true 浮点型r/R
Simu1_1 2021-11-23 11:33:47 8208 正常|好点 true 浮点型r/R
Simu1_1 2021-11-23 11:33:48 8208 正常|好点 true 浮点型r/R
Simu1_1 2021-11-23 11:33:49 8208 正常|好点 true 浮点型r/R
Simu1_1 2021-11-23 11:33:50 8208 正常|好点 true 浮点型r/R
Simu1_1 2021-11-23 11:33:51 8208 正常|好点 true 浮点型r/R
Simu1_1 2021-11-23 11:33:52 8208 正常|好点 true 浮点型r/R
Simu1_1 2021-11-23 11:33:53 8208 正常|好点 true 浮点型r/R
Simu1_1 2021-11-23 11:33:54 8208 正常|好点 true 浮点型r/R
Simu1_1 2021-11-23 11:33:55 8208 正常|好点 true 浮点型r/R
Simu1_1 2021-11-23 11:33:56 8208 正常|好点 true 浮点型r/R
Simu1_1 2021-11-23 11:33:57 8208 正常|好点 true 浮点型r/R
Simu1_1 2021-11-23 11:33:58 8208 正常|好点 true 浮点型r/R
Simu1_1 2021-11-23 11:33:59 8208 正常|好点 true 浮点型r/R
Simu1_1 2021-11-23 11:34:00 8208 正常|好点 true 浮点型r/R
Simu1_1 2021-11-23 11:34:01 8208 正常|好点 true 浮点型r/R
Simu1_1 2021-11-23 11:34:02 8208 正常|好点 true 浮点型r/R
Simu1_1 2021-11-23 11:34:03 8208 正常|好点 true 浮点型r/R
Simu1_1 2021-11-23 11:34:04 8208 正常|好点 true 浮点型r/R
Simu1_1 2021-11-23 11:34:05 8208 正常|好点 true 浮点型r/R
Simu1_1 2021-11-23 11:34:06 8208 正常|好点 true 浮点型r/R
Simu1_1 2021-11-23 11:34:07 8208 正常|好点 true 浮点型r/R
Simu1_1 2021-11-23 11:34:08 8208 正常|好点 true 浮点型r/R
Simu1_1 2021-11-23 11:34:09 8208 正常|好点 true 浮点型r/R
Simu1_1 2021-11-23 11:34:10 8208 正常|好点 true 浮点型r/R
Simu1_1 2021-11-23 11:34:11 8208 正常|好点 true 浮点型r/R
Simu1_1 2021-11-23 11:34:12 8208 正常|好点 true 浮点型r/R
Simu1_1 2021-11-23 11:34:13 8208 正常|好点 true 浮点型r/R
Simu1_1 2021-11-23 11:34:14 8208 正常|好点 true 浮点型r/R
Simu1_1 2021-11-23 11:34:15 8208 正常|好点 true 浮点型r/R
Simu1_1 2021-11-23 11:34:16 8208 正常|好点 true 浮点型r/R
Simu1_1 2021-11-23 11:34:17 8208 正常|好点 true 浮点型r/R
Simu1_1 2021-11-23 11:34:18 8208 正常|好点 true 浮点型r/R
Simu1_1 2021-11-23 11:34:19 8208 正常|好点 true 浮点型r/R
Simu1_1 2021-11-23 11:34:20 8208 正常|好点 true 浮点型r/R
Simu1_1 2021-11-23 11:34:21 8208 正常|好点 true 浮点型r/R
Simu1_1 2021-11-23 11:34:22 8208 正常|好点 true 浮点型r/R
Simu1_1 2021-11-23 11:34:23 8208 正常|好点 true 浮点型r/R
Simu1_1 2021-11-23 11:34:24 8208 正常|好点 true 浮点型r/R
Simu1_1 2021-11-23 11:34:25 8208 正常|好点 true 浮点型r/R
Simu1_1 2021-11-23 11:34:26 8208 正常|好点 true 浮点型r/R
Simu1_1 2021-11-23 11:34:27 8208 正常|好点 true 浮点型r/R
Simu1_1 2021-11-23 11:34:28 8208 正常|好点 true 浮点型r/R
Simu1_1 2021-11-23 11:34:29 8208 正常|好点 true 浮点型r/R
Simu1_1 2021-11-23 11:34:30 8208 正常|好点 true 浮点型r/R
Simu1_1 2021-11-23 11:34:31 8208 正常|好点 true 浮点型r/R
Simu1_1 2021-11-23 11:34:32 8208 正常|好点 true 浮点型r/R
Simu1_1 2021-11-23 11:34:33 8208 正常|好点 true 浮点型r/R
Simu1_1 2021-11-23 11:34:34 8208 正常|好点 true 浮点型r/R
Simu1_1 2021-11-23 11:34:35 8208 正常|好点 true 浮点型r/R
Simu1_1 2021-11-23 11:34:36 8208 正常|好点 true 浮点型r/R
Simu1_1 2021-11-23 11:34:37 8208 正常|好点 true 浮点型r/R
Simu1_1 2021-11-23 11:34:38 8208 正常|好点 false 浮点型r/R
Simu1_1 2021-11-23 11:34:39 8208 正常|好点 true 浮点型r/R
Simu1_1 2021-11-23 11:34:40 8208 正常|好点 true 浮点型r/R
Simu1_1 2021-11-23 11:34:41 8208 正常|好点 true 浮点型r/R
Simu1_1 2021-11-23 11:34:42 8208 正常|好点 true 浮点型r/R
Simu1_1 2021-11-23 11:34:43 8208 正常|好点 true 浮点型r/R
Simu1_1 2021-11-23 11:34:44 8208 正常|好点 true 浮点型r/R
Simu1_1 2021-11-23 11:34:45 8208 正常|好点 true 浮点型r/R
Simu1_1 2021-11-23 11:34:46 8208 正常|好点 true 浮点型r/R
Simu1_1 2021-11-23 11:34:47 8208 正常|好点 true 浮点型r/R
Simu1_1 2021-11-23 11:34:48 8208 正常|好点 true 浮点型r/R
Simu1_1 2021-11-23 11:34:49 8208 正常|好点 true 浮点型r/R
Simu1_1 2021-11-23 11:34:50 8208 正常|好点 true 浮点型r/R
Simu1_1 2021-11-23 11:34:51 8208 正常|好点 true 浮点型r/R
Simu1_1 2021-11-23 11:34:52 8208 正常|好点 true 浮点型r/R
Simu1_1 2021-11-23 11:34:53 8208 正常|好点 true 浮点型r/R
Simu1_1 2021-11-23 11:34:54 8208 正常|好点 true 浮点型r/R
Simu1_1 2021-11-23 11:34:55 8208 正常|好点 true 浮点型r/R
Simu1_1 2021-11-23 11:34:56 8208 正常|好点 true 浮点型r/R
Simu1_1 2021-11-23 11:34:57 8208 正常|好点 true 浮点型r/R
Simu1_1 2021-11-23 11:34:58 8208 正常|好点 true 浮点型r/R
Simu1_1 2021-11-23 11:34:59 8208 正常|好点 true 浮点型r/R
Simu1_1 2021-11-23 11:35:00 8208 正常|好点 true 浮点型r/R
Simu1_1 2021-11-23 11:35:01 8208 正常|好点 true 浮点型r/R
Simu1_1 2021-11-23 11:35:02 8208 正常|好点 true 浮点型r/R
Simu1_1 2021-11-23 11:35:03 8208 正常|好点 true 浮点型r/R
Simu1_1 2021-11-23 11:35:04 8208 正常|好点 true 浮点型r/R
Simu1_1 2021-11-23 11:35:05 8208 正常|好点 true 浮点型r/R
Simu1_1 2021-11-23 11:35:06 8208 正常|好点 true 浮点型r/R
Simu1_1 2021-11-23 11:35:07 8208 正常|好点 true 浮点型r/R
Simu1_1 2021-11-23 11:35:08 8208 正常|好点 true 浮点型r/R
Simu1_1 2021-11-23 11:35:09 8208 正常|好点 true 浮点型r/R
Simu1_1 2021-11-23 11:35:10 8208 正常|好点 true 浮点型r/R
Simu1_1 2021-11-23 11:35:11 8208 正常|好点 true 浮点型r/R
Simu1_1 2021-11-23 11:35:12 8208 正常|好点 true 浮点型r/R
Simu1_1 2021-11-23 11:35:13 8208 正常|好点 true 浮点型r/R
Simu1_1 2021-11-23 11:35:14 8208 正常|好点 true 浮点型r/R
Simu1_1 2021-11-23 11:35:15 8208 正常|好点 true 浮点型r/R
Simu1_1 2021-11-23 11:35:16 8208 正常|好点 true 浮点型r/R
Simu1_1 2021-11-23 11:35:17 8208 正常|好点 true 浮点型r/R
Simu1_1 2021-11-23 11:35:18 8208 正常|好点 true 浮点型r/R
Simu1_1 2021-11-23 11:35:19 8208 正常|好点 true 浮点型r/R
Simu1_1 2021-11-23 11:35:20 8208 正常|好点 true 浮点型r/R
Simu1_1 2021-11-23 11:35:21 8208 正常|好点 true 浮点型r/R
Simu1_1 2021-11-23 11:35:22 8208 正常|好点 true 浮点型r/R
Simu1_1 2021-11-23 11:35:23 8208 正常|好点 true 浮点型r/R
Simu1_1 2021-11-23 11:35:24 8208 正常|好点 true 浮点型r/R
Simu1_1 2021-11-23 11:35:25 8208 正常|好点 true 浮点型r/R
Simu1_1 2021-11-23 11:35:26 8208 正常|好点 true 浮点型r/R
Simu1_1 2021-11-23 11:35:27 8208 正常|好点 true 浮点型r/R
Simu1_1 2021-11-23 11:35:28 8208 正常|好点 true 浮点型r/R
Simu1_1 2021-11-23 11:35:29 8208 正常|好点 true 浮点型r/R
Simu1_1 2021-11-23 11:35:30 8208 正常|好点 true 浮点型r/R
Simu1_1 2021-11-23 11:35:31 8208 正常|好点 true 浮点型r/R
Simu1_1 2021-11-23 11:35:32 8208 正常|好点 true 浮点型r/R
Simu1_1 2021-11-23 11:35:33 8208 正常|好点 true 浮点型r/R
Simu1_1 2021-11-23 11:35:34 8208 正常|好点 true 浮点型r/R
Simu1_1 2021-11-23 11:35:35 8208 正常|好点 true 浮点型r/R
Simu1_1 2021-11-23 11:35:36 8208 正常|好点 true 浮点型r/R
Simu1_1 2021-11-23 11:35:37 8208 正常|好点 true 浮点型r/R
Simu1_1 2021-11-23 11:35:38 8208 正常|好点 true 浮点型r/R
Simu1_1 2021-11-23 11:35:39 8208 正常|好点 true 浮点型r/R
Simu1_1 2021-11-23 11:35:40 8208 正常|好点 true 浮点型r/R
Simu1_1 2021-11-23 11:35:41 8208 正常|好点 true 浮点型r/R
Simu1_1 2021-11-23 11:35:42 8208 正常|好点 true 浮点型r/R
Simu1_1 2021-11-23 11:35:43 8208 正常|好点 true 浮点型r/R
Simu1_1 2021-11-23 11:35:44 8208 正常|好点 true 浮点型r/R
Simu1_1 2021-11-23 11:35:45 8208 正常|好点 true 浮点型r/R
Simu1_1 2021-11-23 11:35:46 8208 正常|好点 true 浮点型r/R
Simu1_1 2021-11-23 11:35:47 8208 正常|好点 true 浮点型r/R
Simu1_1 2021-11-23 11:35:48 8208 正常|好点 true 浮点型r/R
Simu1_1 2021-11-23 11:35:49 8208 正常|好点 true 浮点型r/R
Simu1_1 2021-11-23 11:35:50 8208 正常|好点 true 浮点型r/R
Simu1_1 2021-11-23 11:35:51 8208 正常|好点 true 浮点型r/R
Simu1_1 2021-11-23 11:35:52 8208 正常|好点 true 浮点型r/R
Simu1_1 2021-11-23 11:35:53 8208 正常|好点 true 浮点型r/R
Simu1_1 2021-11-23 11:35:54 8208 正常|好点 true 浮点型r/R
Simu1_1 2021-11-23 11:35:55 8208 正常|好点 true 浮点型r/R
Simu1_1 2021-11-23 11:35:56 8208 正常|好点 true 浮点型r/R
Simu1_1 2021-11-23 11:35:57 8208 正常|好点 true 浮点型r/R
Simu1_1 2021-11-23 11:35:58 8208 正常|好点 true 浮点型r/R
Simu1_1 2021-11-23 11:35:59 8208 正常|好点 true 浮点型r/R
Simu1_1 2021-11-23 11:36:00 8208 正常|好点 true 浮点型r/R
Simu1_1 2021-11-23 11:36:01 8208 正常|好点 true 浮点型r/R
Simu1_1 2021-11-23 11:36:02 8208 正常|好点 true 浮点型r/R
Simu1_1 2021-11-23 11:36:03 8208 正常|好点 true 浮点型r/R
Simu1_1 2021-11-23 11:36:04 8208 正常|好点 true 浮点型r/R
Simu1_1 2021-11-23 11:36:05 8208 正常|好点 true 浮点型r/R
Simu1_1 2021-11-23 11:36:06 8208 正常|好点 true 浮点型r/R
Simu1_1 2021-11-23 11:36:07 8208 正常|好点 true 浮点型r/R
Simu1_1 2021-11-23 11:36:08 8208 正常|好点 true 浮点型r/R
Simu1_1 2021-11-23 11:36:09 8208 正常|好点 true 浮点型r/R
Simu1_1 2021-11-23 11:36:10 8208 正常|好点 true 浮点型r/R
Simu1_1 2021-11-23 11:36:11 8208 正常|好点 true 浮点型r/R
Simu1_1 2021-11-23 11:36:12 8208 正常|好点 true 浮点型r/R
Simu1_1 2021-11-23 11:36:13 8208 正常|好点 true 浮点型r/R
Simu1_1 2021-11-23 11:36:14 8208 正常|好点 true 浮点型r/R
Simu1_1 2021-11-23 11:36:15 8208 正常|好点 true 浮点型r/R
Simu1_1 2021-11-23 11:36:16 8208 正常|好点 true 浮点型r/R
Simu1_1 2021-11-23 11:36:17 8208 正常|好点 true 浮点型r/R
Simu1_1 2021-11-23 11:36:18 8208 正常|好点 true 浮点型r/R
Simu1_1 2021-11-23 11:36:19 8208 正常|好点 true 浮点型r/R
Simu1_1 2021-11-23 11:36:20 8208 正常|好点 true 浮点型r/R
Simu1_1 2021-11-23 11:36:21 8208 正常|好点 true 浮点型r/R
Simu1_1 2021-11-23 11:36:22 8208 正常|好点 true 浮点型r/R
Simu1_1 2021-11-23 11:36:23 8208 正常|好点 true 浮点型r/R
Simu1_1 2021-11-23 11:36:24 8208 正常|好点 true 浮点型r/R
Simu1_1 2021-11-23 11:36:25 8208 正常|好点 true 浮点型r/R
Simu1_1 2021-11-23 11:36:26 8208 正常|好点 true 浮点型r/R
Simu1_1 2021-11-23 11:36:27 8208 正常|好点 true 浮点型r/R
Simu1_1 2021-11-23 11:36:28 8208 正常|好点 true 浮点型r/R
Simu1_1 2021-11-23 11:36:29 8208 正常|好点 true 浮点型r/R
Simu1_1 2021-11-23 11:36:30 8208 正常|好点 true 浮点型r/R
Simu1_1 2021-11-23 11:36:31 8208 正常|好点 true 浮点型r/R
Simu1_1 2021-11-23 11:36:32 8208 正常|好点 true 浮点型r/R
Simu1_1 2021-11-23 11:36:33 8208 正常|好点 true 浮点型r/R
Simu1_1 2021-11-23 11:36:34 8208 正常|好点 true 浮点型r/R
Simu1_1 2021-11-23 11:36:35 8208 正常|好点 true 浮点型r/R
Simu1_1 2021-11-23 11:36:36 8208 正常|好点 true 浮点型r/R
Simu1_1 2021-11-23 11:36:37 8208 正常|好点 true 浮点型r/R
Simu1_1 2021-11-23 11:36:38 8208 正常|好点 true 浮点型r/R
Simu1_1 2021-11-23 11:36:39 8208 正常|好点 true 浮点型r/R
Simu1_1 2021-11-23 11:36:40 8208 正常|好点 true 浮点型r/R
Simu1_1 2021-11-23 11:36:41 8208 正常|好点 true 浮点型r/R
Simu1_1 2021-11-23 11:36:42 8208 正常|好点 true 浮点型r/R
Simu1_1 2021-11-23 11:36:43 8208 正常|好点 true 浮点型r/R
Simu1_1 2021-11-23 11:36:44 8208 正常|好点 true 浮点型r/R
Simu1_1 2021-11-23 11:36:45 8208 正常|好点 true 浮点型r/R
Simu1_1 2021-11-23 11:36:46 8208 正常|好点 true 浮点型r/R
Simu1_1 2021-11-23 11:36:47 8208 正常|好点 true 浮点型r/R
Simu1_1 2021-11-23 11:36:48 8208 正常|好点 true 浮点型r/R
Simu1_1 2021-11-23 11:36:49 8208 正常|好点 true 浮点型r/R
Simu1_1 2021-11-23 11:36:50 8208 正常|好点 true 浮点型r/R
Simu1_1 2021-11-23 11:36:51 8208 正常|好点 true 浮点型r/R
Simu1_1 2021-11-23 11:36:52 8208 正常|好点 true 浮点型r/R
Simu1_1 2021-11-23 11:36:53 8208 正常|好点 true 浮点型r/R
Simu1_1 2021-11-23 11:36:54 8208 正常|好点 true 浮点型r/R
Simu1_1 2021-11-23 11:36:55 8208 正常|好点 true 浮点型r/R
Simu1_1 2021-11-23 11:36:56 8208 正常|好点 true 浮点型r/R
Simu1_1 2021-11-23 11:36:57 8208 正常|好点 true 浮点型r/R
Simu1_1 2021-11-23 11:36:58 8208 正常|好点 true 浮点型r/R
Simu1_1 2021-11-23 11:36:59 8208 正常|好点 true 浮点型r/R
Simu1_1 2021-11-23 11:37:00 8208 正常|好点 true 浮点型r/R
Simu1_1 2021-11-23 11:37:01 8208 正常|好点 true 浮点型r/R
Simu1_1 2021-11-23 11:37:02 8208 正常|好点 true 浮点型r/R
Simu1_1 2021-11-23 11:37:03 8208 正常|好点 true 浮点型r/R
Simu1_1 2021-11-23 11:37:04 8208 正常|好点 true 浮点型r/R
Simu1_1 2021-11-23 11:37:05 8208 正常|好点 true 浮点型r/R
Simu1_1 2021-11-23 11:37:06 8208 正常|好点 true 浮点型r/R
Simu1_1 2021-11-23 11:37:07 8208 正常|好点 true 浮点型r/R
Simu1_1 2021-11-23 11:37:08 8208 正常|好点 false 浮点型r/R
Simu1_1 2021-11-23 11:37:09 8208 正常|好点 true 浮点型r/R
Simu1_1 2021-11-23 11:37:10 8208 正常|好点 true 浮点型r/R
Simu1_1 2021-11-23 11:37:11 8208 正常|好点 true 浮点型r/R
Simu1_1 2021-11-23 11:37:12 8208 正常|好点 true 浮点型r/R
Simu1_1 2021-11-23 11:37:13 8208 正常|好点 true 浮点型r/R
Simu1_1 2021-11-23 11:37:14 8208 正常|好点 true 浮点型r/R
Simu1_1 2021-11-23 11:37:15 8208 正常|好点 true 浮点型r/R
Simu1_1 2021-11-23 11:37:16 8208 正常|好点 true 浮点型r/R
Simu1_1 2021-11-23 11:37:17 8208 正常|好点 true 浮点型r/R
Simu1_1 2021-11-23 11:37:18 8208 正常|好点 true 浮点型r/R
Simu1_1 2021-11-23 11:37:19 8208 正常|好点 true 浮点型r/R
Simu1_1 2021-11-23 11:37:20 8208 正常|好点 true 浮点型r/R
Simu1_1 2021-11-23 11:37:21 8208 正常|好点 true 浮点型r/R
Simu1_1 2021-11-23 11:37:22 8208 正常|好点 true 浮点型r/R
Simu1_1 2021-11-23 11:37:23 8208 正常|好点 true 浮点型r/R
Simu1_1 2021-11-23 11:37:24 8208 正常|好点 true 浮点型r/R
Simu1_1 2021-11-23 11:37:25 8208 正常|好点 true 浮点型r/R
Simu1_1 2021-11-23 11:37:26 8208 正常|好点 true 浮点型r/R
Simu1_1 2021-11-23 11:37:27 8208 正常|好点 true 浮点型r/R
Simu1_1 2021-11-23 11:37:28 8208 正常|好点 true 浮点型r/R
Simu1_1 2021-11-23 11:37:29 8208 正常|好点 true 浮点型r/R
Simu1_1 2021-11-23 11:37:30 8208 正常|好点 true 浮点型r/R
Simu1_1 2021-11-23 11:37:31 8208 正常|好点 true 浮点型r/R
Simu1_1 2021-11-23 11:37:32 8208 正常|好点 true 浮点型r/R
Simu1_1 2021-11-23 11:37:33 8208 正常|好点 true 浮点型r/R
Simu1_1 2021-11-23 11:37:34 8208 正常|好点 true 浮点型r/R
Simu1_1 2021-11-23 11:37:35 8208 正常|好点 true 浮点型r/R
Simu1_1 2021-11-23 11:37:36 8208 正常|好点 true 浮点型r/R
Simu1_1 2021-11-23 11:37:37 8208 正常|好点 true 浮点型r/R
Simu1_1 2021-11-23 11:37:38 8208 正常|好点 true 浮点型r/R
Simu1_1 2021-11-23 11:37:39 8208 正常|好点 true 浮点型r/R
Simu1_1 2021-11-23 11:37:40 8208 正常|好点 true 浮点型r/R
Simu1_1 2021-11-23 11:37:41 8208 正常|好点 true 浮点型r/R
Simu1_1 2021-11-23 11:37:42 8208 正常|好点 true 浮点型r/R
Simu1_1 2021-11-23 11:37:43 8208 正常|好点 true 浮点型r/R
Simu1_1 2021-11-23 11:37:44 8208 正常|好点 true 浮点型r/R
Simu1_1 2021-11-23 11:37:45 8208 正常|好点 true 浮点型r/R
Simu1_1 2021-11-23 11:37:46 8208 正常|好点 true 浮点型r/R
Simu1_1 2021-11-23 11:37:47 8208 正常|好点 true 浮点型r/R
Simu1_1 2021-11-23 11:37:48 8208 正常|好点 true 浮点型r/R
Simu1_1 2021-11-23 11:37:49 8208 正常|好点 true 浮点型r/R
Simu1_1 2021-11-23 11:37:50 8208 正常|好点 true 浮点型r/R
Simu1_1 2021-11-23 11:37:51 8208 正常|好点 true 浮点型r/R
Simu1_1 2021-11-23 11:37:52 8208 正常|好点 true 浮点型r/R
Simu1_1 2021-11-23 11:37:53 8208 正常|好点 true 浮点型r/R
Simu1_1 2021-11-23 11:37:54 8208 正常|好点 true 浮点型r/R
Simu1_1 2021-11-23 11:37:55 8208 正常|好点 true 浮点型r/R
Simu1_1 2021-11-23 11:37:56 8208 正常|好点 true 浮点型r/R
Simu1_1 2021-11-23 11:37:57 8208 正常|好点 true 浮点型r/R
Simu1_1 2021-11-23 11:37:58 8208 正常|好点 true 浮点型r/R
Simu1_1 2021-11-23 11:37:59 8208 正常|好点 true 浮点型r/R
Simu1_1 2021-11-23 11:38:00 8208 正常|好点 true 浮点型r/R
Simu1_1 2021-11-23 11:38:01 8208 正常|好点 true 浮点型r/R
Simu1_1 2021-11-23 11:38:02 8208 正常|好点 true 浮点型r/R
Simu1_1 2021-11-23 11:38:03 8208 正常|好点 true 浮点型r/R
Simu1_1 2021-11-23 11:38:04 8208 正常|好点 true 浮点型r/R
Simu1_1 2021-11-23 11:38:05 8208 正常|好点 true 浮点型r/R
Simu1_1 2021-11-23 11:38:06 8208 正常|好点 true 浮点型r/R
Simu1_1 2021-11-23 11:38:07 8208 正常|好点 true 浮点型r/R
Simu1_1 2021-11-23 11:38:08 8208 正常|好点 true 浮点型r/R
Simu1_1 2021-11-23 11:38:09 8208 正常|好点 true 浮点型r/R
Simu1_1 2021-11-23 11:38:10 8208 正常|好点 true 浮点型r/R
Simu1_1 2021-11-23 11:38:11 8208 正常|好点 true 浮点型r/R
Simu1_1 2021-11-23 11:38:12 8208 正常|好点 true 浮点型r/R
Simu1_1 2021-11-23 11:38:13 8208 正常|好点 true 浮点型r/R
Simu1_1 2021-11-23 11:38:14 8208 正常|好点 true 浮点型r/R
Simu1_1 2021-11-23 11:38:15 8208 正常|好点 true 浮点型r/R
Simu1_1 2021-11-23 11:38:16 8208 正常|好点 true 浮点型r/R
Simu1_1 2021-11-23 11:38:17 8208 正常|好点 true 浮点型r/R
Simu1_1 2021-11-23 11:38:18 8208 正常|好点 true 浮点型r/R
Simu1_1 2021-11-23 11:38:19 8208 正常|好点 true 浮点型r/R
Simu1_1 2021-11-23 11:38:20 8208 正常|好点 true 浮点型r/R
Simu1_1 2021-11-23 11:38:21 8208 正常|好点 true 浮点型r/R
Simu1_1 2021-11-23 11:38:22 8208 正常|好点 true 浮点型r/R
Simu1_1 2021-11-23 11:38:23 8208 正常|好点 true 浮点型r/R
Simu1_1 2021-11-23 11:38:24 8208 正常|好点 true 浮点型r/R
Simu1_1 2021-11-23 11:38:25 8208 正常|好点 true 浮点型r/R
Simu1_1 2021-11-23 11:38:26 8208 正常|好点 true 浮点型r/R
Simu1_1 2021-11-23 11:38:27 8208 正常|好点 true 浮点型r/R
Simu1_1 2021-11-23 11:38:28 8208 正常|好点 true 浮点型r/R
Simu1_1 2021-11-23 11:38:29 8208 正常|好点 true 浮点型r/R
Simu1_1 2021-11-23 11:38:30 8208 正常|好点 true 浮点型r/R
Simu1_1 2021-11-23 11:38:31 8208 正常|好点 true 浮点型r/R
Simu1_1 2021-11-23 11:38:32 8208 正常|好点 true 浮点型r/R
Simu1_1 2021-11-23 11:38:33 8208 正常|好点 true 浮点型r/R
Simu1_1 2021-11-23 11:38:34 8208 正常|好点 true 浮点型r/R
Simu1_1 2021-11-23 11:38:35 8208 正常|好点 true 浮点型r/R
Simu1_1 2021-11-23 11:38:36 8208 正常|好点 true 浮点型r/R
Simu1_1 2021-11-23 11:38:37 8208 正常|好点 true 浮点型r/R
Simu1_1 2021-11-23 11:38:38 8208 正常|好点 true 浮点型r/R
Simu1_1 2021-11-23 11:38:39 8208 正常|好点 true 浮点型r/R
Simu1_1 2021-11-23 11:38:40 8208 正常|好点 true 浮点型r/R
Simu1_1 2021-11-23 11:38:41 8208 正常|好点 true 浮点型r/R
Simu1_1 2021-11-23 11:38:42 8208 正常|好点 true 浮点型r/R
Simu1_1 2021-11-23 11:38:43 8208 正常|好点 true 浮点型r/R
Simu1_1 2021-11-23 11:38:44 8208 正常|好点 true 浮点型r/R
Simu1_1 2021-11-23 11:38:45 8208 正常|好点 true 浮点型r/R
Simu1_1 2021-11-23 11:38:46 8208 正常|好点 true 浮点型r/R
Simu1_1 2021-11-23 11:38:47 8208 正常|好点 true 浮点型r/R
Simu1_1 2021-11-23 11:38:48 8208 正常|好点 true 浮点型r/R
Simu1_1 2021-11-23 11:38:49 8208 正常|好点 true 浮点型r/R
Simu1_1 2021-11-23 11:38:50 8208 正常|好点 true 浮点型r/R
Simu1_1 2021-11-23 11:38:51 8208 正常|好点 true 浮点型r/R
Simu1_1 2021-11-23 11:38:52 8208 正常|好点 true 浮点型r/R
Simu1_1 2021-11-23 11:38:53 8208 正常|好点 true 浮点型r/R
Simu1_1 2021-11-23 11:38:54 8208 正常|好点 true 浮点型r/R
Simu1_1 2021-11-23 11:38:55 8208 正常|好点 true 浮点型r/R
Simu1_1 2021-11-23 11:38:56 8208 正常|好点 true 浮点型r/R
Simu1_1 2021-11-23 11:38:57 8208 正常|好点 true 浮点型r/R
Simu1_1 2021-11-23 11:38:58 8208 正常|好点 true 浮点型r/R
Simu1_1 2021-11-23 11:38:59 8208 正常|好点 true 浮点型r/R
Simu1_1 2021-11-23 11:39:00 8208 正常|好点 true 浮点型r/R
Simu1_1 2021-11-23 11:39:01 8208 正常|好点 true 浮点型r/R
Simu1_1 2021-11-23 11:39:02 8208 正常|好点 true 浮点型r/R
Simu1_1 2021-11-23 11:39:03 8208 正常|好点 true 浮点型r/R
Simu1_1 2021-11-23 11:39:04 8208 正常|好点 true 浮点型r/R
Simu1_1 2021-11-23 11:39:05 8208 正常|好点 true 浮点型r/R
Simu1_1 2021-11-23 11:39:06 8208 正常|好点 true 浮点型r/R
Simu1_1 2021-11-23 11:39:07 8208 正常|好点 true 浮点型r/R
Simu1_1 2021-11-23 11:39:08 8208 正常|好点 true 浮点型r/R
Simu1_1 2021-11-23 11:39:09 8208 正常|好点 true 浮点型r/R
Simu1_1 2021-11-23 11:39:10 8208 正常|好点 true 浮点型r/R
Simu1_1 2021-11-23 11:39:11 8208 正常|好点 true 浮点型r/R
Simu1_1 2021-11-23 11:39:12 8208 正常|好点 true 浮点型r/R
Simu1_1 2021-11-23 11:39:13 8208 正常|好点 true 浮点型r/R
Simu1_1 2021-11-23 11:39:14 8208 正常|好点 true 浮点型r/R
Simu1_1 2021-11-23 11:39:15 8208 正常|好点 true 浮点型r/R
Simu1_1 2021-11-23 11:39:16 8208 正常|好点 true 浮点型r/R
Simu1_1 2021-11-23 11:39:17 8208 正常|好点 true 浮点型r/R
Simu1_1 2021-11-23 11:39:18 8208 正常|好点 true 浮点型r/R
Simu1_1 2021-11-23 11:39:19 8208 正常|好点 true 浮点型r/R
Simu1_1 2021-11-23 11:39:20 8208 正常|好点 true 浮点型r/R
Simu1_1 2021-11-23 11:39:21 8208 正常|好点 true 浮点型r/R
Simu1_1 2021-11-23 11:39:22 8208 正常|好点 true 浮点型r/R
Simu1_1 2021-11-23 11:39:23 8208 正常|好点 true 浮点型r/R
Simu1_1 2021-11-23 11:39:24 8208 正常|好点 true 浮点型r/R
Simu1_1 2021-11-23 11:39:25 8208 正常|好点 true 浮点型r/R
Simu1_1 2021-11-23 11:39:26 8208 正常|好点 true 浮点型r/R
Simu1_1 2021-11-23 11:39:27 8208 正常|好点 true 浮点型r/R
Simu1_1 2021-11-23 11:39:28 8208 正常|好点 true 浮点型r/R
Simu1_1 2021-11-23 11:39:29 8208 正常|好点 true 浮点型r/R
Simu1_1 2021-11-23 11:39:30 8208 正常|好点 true 浮点型r/R
Simu1_1 2021-11-23 11:39:31 8208 正常|好点 true 浮点型r/R
Simu1_1 2021-11-23 11:39:32 8208 正常|好点 true 浮点型r/R
Simu1_1 2021-11-23 11:39:33 8208 正常|好点 true 浮点型r/R
Simu1_1 2021-11-23 11:39:34 8208 正常|好点 true 浮点型r/R
Simu1_1 2021-11-23 11:39:35 8208 正常|好点 true 浮点型r/R
Simu1_1 2021-11-23 11:39:36 8208 正常|好点 true 浮点型r/R
Simu1_1 2021-11-23 11:39:37 8208 正常|好点 true 浮点型r/R
Simu1_1 2021-11-23 11:39:38 8208 正常|好点 false 浮点型r/R
Simu1_1 2021-11-23 11:39:39 8208 正常|好点 true 浮点型r/R
Simu1_1 2021-11-23 11:39:40 8208 正常|好点 true 浮点型r/R
Simu1_1 2021-11-23 11:39:41 8208 正常|好点 true 浮点型r/R
Simu1_1 2021-11-23 11:39:42 8208 正常|好点 true 浮点型r/R
Simu1_1 2021-11-23 11:39:43 8208 正常|好点 true 浮点型r/R
Simu1_1 2021-11-23 11:39:44 8208 正常|好点 true 浮点型r/R
Simu1_1 2021-11-23 11:39:45 8208 正常|好点 true 浮点型r/R
Simu1_1 2021-11-23 11:39:46 8208 正常|好点 true 浮点型r/R
Simu1_1 2021-11-23 11:39:47 8208 正常|好点 true 浮点型r/R
Simu1_1 2021-11-23 11:39:48 8208 正常|好点 true 浮点型r/R
Simu1_1 2021-11-23 11:39:49 8208 正常|好点 true 浮点型r/R
Simu1_1 2021-11-23 11:39:50 8208 正常|好点 true 浮点型r/R
Simu1_1 2021-11-23 11:39:51 8208 正常|好点 true 浮点型r/R
Simu1_1 2021-11-23 11:39:52 8208 正常|好点 true 浮点型r/R
Simu1_1 2021-11-23 11:39:53 8208 正常|好点 true 浮点型r/R
Simu1_1 2021-11-23 11:39:54 8208 正常|好点 true 浮点型r/R
Simu1_1 2021-11-23 11:39:55 8208 正常|好点 true 浮点型r/R
Simu1_1 2021-11-23 11:39:56 8208 正常|好点 true 浮点型r/R
Simu1_1 2021-11-23 11:39:57 8208 正常|好点 true 浮点型r/R
Simu1_1 2021-11-23 11:39:58 8208 正常|好点 true 浮点型r/R
Simu1_1 2021-11-23 11:39:59 8208 正常|好点 true 浮点型r/R
Simu1_1 2021-11-23 11:40:00 8208 正常|好点 true 浮点型r/R
Simu1_1 2021-11-23 11:40:01 8208 正常|好点 true 浮点型r/R
Simu1_1 2021-11-23 11:40:02 8208 正常|好点 true 浮点型r/R
Simu1_1 2021-11-23 11:40:03 8208 正常|好点 true 浮点型r/R
Simu1_1 2021-11-23 11:40:04 8208 正常|好点 true 浮点型r/R
Simu1_1 2021-11-23 11:40:05 8208 正常|好点 true 浮点型r/R
Simu1_1 2021-11-23 11:40:06 8208 正常|好点 true 浮点型r/R
Simu1_1 2021-11-23 11:40:07 8208 正常|好点 true 浮点型r/R
Simu1_1 2021-11-23 11:40:08 8208 正常|好点 true 浮点型r/R
Simu1_1 2021-11-23 11:40:09 8208 正常|好点 true 浮点型r/R
Simu1_1 2021-11-23 11:40:10 8208 正常|好点 true 浮点型r/R
Simu1_1 2021-11-23 11:40:11 8208 正常|好点 true 浮点型r/R
Simu1_1 2021-11-23 11:40:12 8208 正常|好点 true 浮点型r/R
Simu1_1 2021-11-23 11:40:13 8208 正常|好点 true 浮点型r/R
Simu1_1 2021-11-23 11:40:14 8208 正常|好点 true 浮点型r/R
Simu1_1 2021-11-23 11:40:15 8208 正常|好点 true 浮点型r/R
Simu1_1 2021-11-23 11:40:16 8208 正常|好点 true 浮点型r/R
Simu1_1 2021-11-23 11:40:17 8208 正常|好点 true 浮点型r/R
Simu1_1 2021-11-23 11:40:18 8208 正常|好点 true 浮点型r/R
Simu1_1 2021-11-23 11:40:19 8208 正常|好点 true 浮点型r/R
Simu1_1 2021-11-23 11:40:20 8208 正常|好点 true 浮点型r/R
Simu1_1 2021-11-23 11:40:21 8208 正常|好点 true 浮点型r/R
Simu1_1 2021-11-23 11:40:22 8208 正常|好点 true 浮点型r/R
Simu1_1 2021-11-23 11:40:23 8208 正常|好点 true 浮点型r/R
Simu1_1 2021-11-23 11:40:24 8208 正常|好点 true 浮点型r/R
Simu1_1 2021-11-23 11:40:25 8208 正常|好点 true 浮点型r/R
Simu1_1 2021-11-23 11:40:26 8208 正常|好点 true 浮点型r/R
Simu1_1 2021-11-23 11:40:27 8208 正常|好点 true 浮点型r/R
Simu1_1 2021-11-23 11:40:28 8208 正常|好点 true 浮点型r/R
Simu1_1 2021-11-23 11:40:29 8208 正常|好点 true 浮点型r/R
Simu1_1 2021-11-23 11:40:30 8208 正常|好点 true 浮点型r/R
Simu1_1 2021-11-23 11:40:31 8208 正常|好点 true 浮点型r/R
Simu1_1 2021-11-23 11:40:32 8208 正常|好点 true 浮点型r/R
Simu1_1 2021-11-23 11:40:33 8208 正常|好点 true 浮点型r/R
Simu1_1 2021-11-23 11:40:34 8208 正常|好点 true 浮点型r/R
Simu1_1 2021-11-23 11:40:35 8208 正常|好点 true 浮点型r/R
Simu1_1 2021-11-23 11:40:36 8208 正常|好点 true 浮点型r/R
Simu1_1 2021-11-23 11:40:37 8208 正常|好点 true 浮点型r/R
Simu1_1 2021-11-23 11:40:38 8208 正常|好点 true 浮点型r/R
Simu1_1 2021-11-23 11:40:39 8208 正常|好点 true 浮点型r/R
Simu1_1 2021-11-23 11:40:40 8208 正常|好点 true 浮点型r/R
Simu1_1 2021-11-23 11:40:41 8208 正常|好点 true 浮点型r/R
Simu1_1 2021-11-23 11:40:42 8208 正常|好点 true 浮点型r/R
Simu1_1 2021-11-23 11:40:43 8208 正常|好点 true 浮点型r/R
Simu1_1 2021-11-23 11:40:44 8208 正常|好点 true 浮点型r/R
Simu1_1 2021-11-23 11:40:45 8208 正常|好点 true 浮点型r/R
Simu1_1 2021-11-23 11:40:46 8208 正常|好点 true 浮点型r/R
Simu1_1 2021-11-23 11:40:47 8208 正常|好点 true 浮点型r/R
Simu1_1 2021-11-23 11:40:48 8208 正常|好点 true 浮点型r/R
Simu1_1 2021-11-23 11:40:49 8208 正常|好点 true 浮点型r/R
Simu1_1 2021-11-23 11:40:50 8208 正常|好点 true 浮点型r/R
Simu1_1 2021-11-23 11:40:51 8208 正常|好点 true 浮点型r/R
Simu1_1 2021-11-23 11:40:52 8208 正常|好点 true 浮点型r/R
Simu1_1 2021-11-23 11:40:53 8208 正常|好点 true 浮点型r/R
Simu1_1 2021-11-23 11:40:54 8208 正常|好点 true 浮点型r/R
Simu1_1 2021-11-23 11:40:55 8208 正常|好点 true 浮点型r/R
Simu1_1 2021-11-23 11:40:56 8208 正常|好点 true 浮点型r/R
Simu1_1 2021-11-23 11:40:57 8208 正常|好点 true 浮点型r/R
Simu1_1 2021-11-23 11:40:58 8208 正常|好点 true 浮点型r/R
Simu1_1 2021-11-23 11:40:59 8208 正常|好点 true 浮点型r/R
Simu1_1 2021-11-23 11:41:00 8208 正常|好点 true 浮点型r/R
Simu1_1 2021-11-23 11:41:01 8208 正常|好点 true 浮点型r/R
Simu1_1 2021-11-23 11:41:02 8208 正常|好点 true 浮点型r/R
Simu1_1 2021-11-23 11:41:03 8208 正常|好点 true 浮点型r/R
Simu1_1 2021-11-23 11:41:04 8208 正常|好点 true 浮点型r/R
Simu1_1 2021-11-23 11:41:05 8208 正常|好点 true 浮点型r/R
Simu1_1 2021-11-23 11:41:06 8208 正常|好点 true 浮点型r/R
Simu1_1 2021-11-23 11:41:07 8208 正常|好点 true 浮点型r/R
Simu1_1 2021-11-23 11:41:08 8208 正常|好点 true 浮点型r/R
Simu1_1 2021-11-23 11:41:09 8208 正常|好点 true 浮点型r/R
Simu1_1 2021-11-23 11:41:10 8208 正常|好点 true 浮点型r/R
Simu1_1 2021-11-23 11:41:11 8208 正常|好点 true 浮点型r/R
Simu1_1 2021-11-23 11:41:12 8208 正常|好点 true 浮点型r/R
Simu1_1 2021-11-23 11:41:13 8208 正常|好点 true 浮点型r/R
Simu1_1 2021-11-23 11:41:14 8208 正常|好点 true 浮点型r/R
Simu1_1 2021-11-23 11:41:15 8208 正常|好点 true 浮点型r/R
Simu1_1 2021-11-23 11:41:16 8208 正常|好点 true 浮点型r/R
Simu1_1 2021-11-23 11:41:17 8208 正常|好点 true 浮点型r/R
Simu1_1 2021-11-23 11:41:18 8208 正常|好点 true 浮点型r/R
Simu1_1 2021-11-23 11:41:19 8208 正常|好点 true 浮点型r/R
Simu1_1 2021-11-23 11:41:20 8208 正常|好点 true 浮点型r/R
Simu1_1 2021-11-23 11:41:21 8208 正常|好点 true 浮点型r/R
Simu1_1 2021-11-23 11:41:22 8208 正常|好点 true 浮点型r/R
Simu1_1 2021-11-23 11:41:23 8208 正常|好点 true 浮点型r/R
Simu1_1 2021-11-23 11:41:24 8208 正常|好点 true 浮点型r/R
Simu1_1 2021-11-23 11:41:25 8208 正常|好点 true 浮点型r/R
Simu1_1 2021-11-23 11:41:26 8208 正常|好点 true 浮点型r/R
Simu1_1 2021-11-23 11:41:27 8208 正常|好点 true 浮点型r/R
Simu1_1 2021-11-23 11:41:28 8208 正常|好点 true 浮点型r/R
Simu1_1 2021-11-23 11:41:29 8208 正常|好点 true 浮点型r/R
Simu1_1 2021-11-23 11:41:30 8208 正常|好点 true 浮点型r/R
Simu1_1 2021-11-23 11:41:31 8208 正常|好点 true 浮点型r/R
Simu1_1 2021-11-23 11:41:32 8208 正常|好点 true 浮点型r/R
Simu1_1 2021-11-23 11:41:33 8208 正常|好点 true 浮点型r/R
Simu1_1 2021-11-23 11:41:34 8208 正常|好点 true 浮点型r/R
Simu1_1 2021-11-23 11:41:35 8208 正常|好点 true 浮点型r/R
Simu1_1 2021-11-23 11:41:36 8208 正常|好点 true 浮点型r/R
Simu1_1 2021-11-23 11:41:37 8208 正常|好点 true 浮点型r/R
Simu1_1 2021-11-23 11:41:38 8208 正常|好点 true 浮点型r/R
Simu1_1 2021-11-23 11:41:39 8208 正常|好点 true 浮点型r/R
Simu1_1 2021-11-23 11:41:40 8208 正常|好点 true 浮点型r/R
Simu1_1 2021-11-23 11:41:41 8208 正常|好点 true 浮点型r/R
Simu1_1 2021-11-23 11:41:42 8208 正常|好点 true 浮点型r/R
Simu1_1 2021-11-23 11:41:43 8208 正常|好点 true 浮点型r/R
Simu1_1 2021-11-23 11:41:44 8208 正常|好点 true 浮点型r/R
Simu1_1 2021-11-23 11:41:45 8208 正常|好点 true 浮点型r/R
Simu1_1 2021-11-23 11:41:46 8208 正常|好点 true 浮点型r/R
Simu1_1 2021-11-23 11:41:47 8208 正常|好点 true 浮点型r/R
Simu1_1 2021-11-23 11:41:48 8208 正常|好点 true 浮点型r/R
Simu1_1 2021-11-23 11:41:49 8208 正常|好点 true 浮点型r/R
Simu1_1 2021-11-23 11:41:50 8208 正常|好点 true 浮点型r/R
Simu1_1 2021-11-23 11:41:51 8208 正常|好点 true 浮点型r/R
Simu1_1 2021-11-23 11:41:52 8208 正常|好点 true 浮点型r/R
Simu1_1 2021-11-23 11:41:53 8208 正常|好点 true 浮点型r/R
Simu1_1 2021-11-23 11:41:54 8208 正常|好点 true 浮点型r/R
Simu1_1 2021-11-23 11:41:55 8208 正常|好点 true 浮点型r/R
Simu1_1 2021-11-23 11:41:56 8208 正常|好点 true 浮点型r/R
Simu1_1 2021-11-23 11:41:57 8208 正常|好点 true 浮点型r/R
Simu1_1 2021-11-23 11:41:58 8208 正常|好点 true 浮点型r/R
Simu1_1 2021-11-23 11:41:59 8208 正常|好点 true 浮点型r/R
Simu1_1 2021-11-23 11:42:00 8208 正常|好点 true 浮点型r/R
Simu1_1 2021-11-23 11:42:01 8208 正常|好点 true 浮点型r/R
Simu1_1 2021-11-23 11:42:02 8208 正常|好点 true 浮点型r/R
Simu1_1 2021-11-23 11:42:03 8208 正常|好点 true 浮点型r/R
Simu1_1 2021-11-23 11:42:04 8208 正常|好点 true 浮点型r/R
Simu1_1 2021-11-23 11:42:05 8208 正常|好点 true 浮点型r/R
Simu1_1 2021-11-23 11:42:06 8208 正常|好点 true 浮点型r/R
Simu1_1 2021-11-23 11:42:07 8208 正常|好点 true 浮点型r/R
Simu1_1 2021-11-23 11:42:08 8208 正常|好点 false 浮点型r/R
Simu1_1 2021-11-23 11:42:09 8208 正常|好点 true 浮点型r/R
Simu1_1 2021-11-23 11:42:10 8208 正常|好点 true 浮点型r/R
Simu1_1 2021-11-23 11:42:11 8208 正常|好点 true 浮点型r/R
Simu1_1 2021-11-23 11:42:12 8208 正常|好点 true 浮点型r/R
Simu1_1 2021-11-23 11:42:13 8208 正常|好点 true 浮点型r/R
Simu1_1 2021-11-23 11:42:14 8208 正常|好点 true 浮点型r/R
Simu1_1 2021-11-23 11:42:15 8208 正常|好点 true 浮点型r/R
Simu1_1 2021-11-23 11:42:16 8208 正常|好点 true 浮点型r/R
Simu1_1 2021-11-23 11:42:17 8208 正常|好点 true 浮点型r/R
Simu1_1 2021-11-23 11:42:18 8208 正常|好点 true 浮点型r/R
Simu1_1 2021-11-23 11:42:19 8208 正常|好点 true 浮点型r/R
Simu1_1 2021-11-23 11:42:20 8208 正常|好点 true 浮点型r/R
Simu1_1 2021-11-23 11:42:21 8208 正常|好点 true 浮点型r/R
Simu1_1 2021-11-23 11:42:22 8208 正常|好点 true 浮点型r/R
Simu1_1 2021-11-23 11:42:23 8208 正常|好点 true 浮点型r/R
Simu1_1 2021-11-23 11:42:24 8208 正常|好点 true 浮点型r/R
Simu1_1 2021-11-23 11:42:25 8208 正常|好点 true 浮点型r/R
Simu1_1 2021-11-23 11:42:26 8208 正常|好点 true 浮点型r/R
Simu1_1 2021-11-23 11:42:27 8208 正常|好点 true 浮点型r/R
Simu1_1 2021-11-23 11:42:28 8208 正常|好点 true 浮点型r/R
Simu1_1 2021-11-23 11:42:29 8208 正常|好点 true 浮点型r/R
Simu1_1 2021-11-23 11:42:30 8208 正常|好点 true 浮点型r/R
Simu1_1 2021-11-23 11:42:31 8208 正常|好点 true 浮点型r/R
Simu1_1 2021-11-23 11:42:32 8208 正常|好点 true 浮点型r/R
Simu1_1 2021-11-23 11:42:33 8208 正常|好点 true 浮点型r/R
Simu1_1 2021-11-23 11:42:34 8208 正常|好点 true 浮点型r/R
Simu1_1 2021-11-23 11:42:35 8208 正常|好点 true 浮点型r/R
Simu1_1 2021-11-23 11:42:36 8208 正常|好点 true 浮点型r/R
Simu1_1 2021-11-23 11:42:37 8208 正常|好点 true 浮点型r/R
Simu1_1 2021-11-23 11:42:38 8208 正常|好点 true 浮点型r/R
Simu1_1 2021-11-23 11:42:39 8208 正常|好点 true 浮点型r/R
Simu1_1 2021-11-23 11:42:40 8208 正常|好点 true 浮点型r/R
Simu1_1 2021-11-23 11:42:41 8208 正常|好点 true 浮点型r/R
Simu1_1 2021-11-23 11:42:42 8208 正常|好点 true 浮点型r/R
Simu1_1 2021-11-23 11:42:43 8208 正常|好点 true 浮点型r/R
Simu1_1 2021-11-23 11:42:44 8208 正常|好点 true 浮点型r/R
Simu1_1 2021-11-23 11:42:45 8208 正常|好点 true 浮点型r/R
Simu1_1 2021-11-23 11:42:46 8208 正常|好点 true 浮点型r/R
Simu1_1 2021-11-23 11:42:47 8208 正常|好点 true 浮点型r/R
Simu1_1 2021-11-23 11:42:48 8208 正常|好点 true 浮点型r/R
Simu1_1 2021-11-23 11:42:49 8208 正常|好点 true 浮点型r/R
Simu1_1 2021-11-23 11:42:50 8208 正常|好点 true 浮点型r/R
Simu1_1 2021-11-23 11:42:51 8208 正常|好点 true 浮点型r/R
Simu1_1 2021-11-23 11:42:52 8208 正常|好点 true 浮点型r/R
Simu1_1 2021-11-23 11:42:53 8208 正常|好点 true 浮点型r/R
Simu1_1 2021-11-23 11:42:54 8208 正常|好点 true 浮点型r/R
Simu1_1 2021-11-23 11:42:55 8208 正常|好点 true 浮点型r/R
Simu1_1 2021-11-23 11:42:56 8208 正常|好点 true 浮点型r/R
Simu1_1 2021-11-23 11:42:57 8208 正常|好点 true 浮点型r/R
Simu1_1 2021-11-23 11:42:58 8208 正常|好点 true 浮点型r/R
Simu1_1 2021-11-23 11:42:59 8208 正常|好点 true 浮点型r/R
Simu1_1 2021-11-23 11:43:00 8208 正常|好点 true 浮点型r/R
Simu1_1 2021-11-23 11:43:01 8208 正常|好点 true 浮点型r/R
Simu1_1 2021-11-23 11:43:02 8208 正常|好点 true 浮点型r/R
Simu1_1 2021-11-23 11:43:03 8208 正常|好点 true 浮点型r/R
Simu1_1 2021-11-23 11:43:04 8208 正常|好点 true 浮点型r/R
Simu1_1 2021-11-23 11:43:05 8208 正常|好点 true 浮点型r/R
Simu1_1 2021-11-23 11:43:06 8208 正常|好点 true 浮点型r/R
Simu1_1 2021-11-23 11:43:07 8208 正常|好点 true 浮点型r/R
Simu1_1 2021-11-23 11:43:08 8208 正常|好点 true 浮点型r/R
Simu1_1 2021-11-23 11:43:09 8208 正常|好点 true 浮点型r/R
Simu1_1 2021-11-23 11:43:10 8208 正常|好点 true 浮点型r/R
Simu1_1 2021-11-23 11:43:11 8208 正常|好点 true 浮点型r/R
Simu1_1 2021-11-23 11:43:12 8208 正常|好点 true 浮点型r/R
Simu1_1 2021-11-23 11:43:13 8208 正常|好点 true 浮点型r/R
Simu1_1 2021-11-23 11:43:14 8208 正常|好点 true 浮点型r/R
Simu1_1 2021-11-23 11:43:15 8208 正常|好点 true 浮点型r/R
Simu1_1 2021-11-23 11:43:16 8208 正常|好点 true 浮点型r/R
Simu1_1 2021-11-23 11:43:17 8208 正常|好点 true 浮点型r/R
Simu1_1 2021-11-23 11:43:18 8208 正常|好点 true 浮点型r/R
Simu1_1 2021-11-23 11:43:19 8208 正常|好点 true 浮点型r/R
Simu1_1 2021-11-23 11:43:20 8208 正常|好点 true 浮点型r/R
Simu1_1 2021-11-23 11:43:21 8208 正常|好点 true 浮点型r/R
Simu1_1 2021-11-23 11:43:22 8208 正常|好点 true 浮点型r/R
Simu1_1 2021-11-23 11:43:23 8208 正常|好点 true 浮点型r/R
Simu1_1 2021-11-23 11:43:24 8208 正常|好点 true 浮点型r/R
Simu1_1 2021-11-23 11:43:25 8208 正常|好点 true 浮点型r/R
Simu1_1 2021-11-23 11:43:26 8208 正常|好点 true 浮点型r/R
Simu1_1 2021-11-23 11:43:27 8208 正常|好点 true 浮点型r/R
Simu1_1 2021-11-23 11:43:28 8208 正常|好点 true 浮点型r/R
Simu1_1 2021-11-23 11:43:29 8208 正常|好点 true 浮点型r/R
Simu1_1 2021-11-23 11:43:30 8208 正常|好点 true 浮点型r/R
Simu1_1 2021-11-23 11:43:31 8208 正常|好点 true 浮点型r/R
Simu1_1 2021-11-23 11:43:32 8208 正常|好点 true 浮点型r/R
Simu1_1 2021-11-23 11:43:33 8208 正常|好点 true 浮点型r/R
Simu1_1 2021-11-23 11:43:34 8208 正常|好点 true 浮点型r/R
Simu1_1 2021-11-23 11:43:35 8208 正常|好点 true 浮点型r/R
Simu1_1 2021-11-23 11:43:36 8208 正常|好点 true 浮点型r/R
Simu1_1 2021-11-23 11:43:37 8208 正常|好点 true 浮点型r/R
Simu1_1 2021-11-23 11:43:38 8208 正常|好点 true 浮点型r/R
Simu1_1 2021-11-23 11:43:39 8208 正常|好点 true 浮点型r/R
Simu1_1 2021-11-23 11:43:40 8208 正常|好点 true 浮点型r/R
Simu1_1 2021-11-23 11:43:41 8208 正常|好点 true 浮点型r/R
Simu1_1 2021-11-23 11:43:42 8208 正常|好点 true 浮点型r/R
Simu1_1 2021-11-23 11:43:43 8208 正常|好点 true 浮点型r/R
Simu1_1 2021-11-23 11:43:44 8208 正常|好点 true 浮点型r/R
Simu1_1 2021-11-23 11:43:45 8208 正常|好点 true 浮点型r/R
Simu1_1 2021-11-23 11:43:46 8208 正常|好点 true 浮点型r/R
Simu1_1 2021-11-23 11:43:47 8208 正常|好点 true 浮点型r/R
Simu1_1 2021-11-23 11:43:48 8208 正常|好点 true 浮点型r/R
Simu1_1 2021-11-23 11:43:49 8208 正常|好点 true 浮点型r/R
Simu1_1 2021-11-23 11:43:50 8208 正常|好点 true 浮点型r/R
Simu1_1 2021-11-23 11:43:51 8208 正常|好点 true 浮点型r/R
Simu1_1 2021-11-23 11:43:52 8208 正常|好点 true 浮点型r/R
Simu1_1 2021-11-23 11:43:53 8208 正常|好点 true 浮点型r/R
Simu1_1 2021-11-23 11:43:54 8208 正常|好点 true 浮点型r/R
Simu1_1 2021-11-23 11:43:55 8208 正常|好点 true 浮点型r/R
Simu1_1 2021-11-23 11:43:56 8208 正常|好点 true 浮点型r/R
Simu1_1 2021-11-23 11:43:57 8208 正常|好点 true 浮点型r/R
Simu1_1 2021-11-23 11:43:58 8208 正常|好点 true 浮点型r/R
Simu1_1 2021-11-23 11:43:59 8208 正常|好点 true 浮点型r/R
Simu1_1 2021-11-23 11:44:00 8208 正常|好点 true 浮点型r/R
Simu1_1 2021-11-23 11:44:01 8208 正常|好点 true 浮点型r/R
Simu1_1 2021-11-23 11:44:02 8208 正常|好点 true 浮点型r/R
Simu1_1 2021-11-23 11:44:03 8208 正常|好点 true 浮点型r/R
Simu1_1 2021-11-23 11:44:04 8208 正常|好点 true 浮点型r/R
Simu1_1 2021-11-23 11:44:05 8208 正常|好点 true 浮点型r/R
Simu1_1 2021-11-23 11:44:06 8208 正常|好点 true 浮点型r/R
Simu1_1 2021-11-23 11:44:07 8208 正常|好点 true 浮点型r/R
Simu1_1 2021-11-23 11:44:08 8208 正常|好点 true 浮点型r/R
Simu1_1 2021-11-23 11:44:09 8208 正常|好点 true 浮点型r/R
Simu1_1 2021-11-23 11:44:10 8208 正常|好点 true 浮点型r/R
Simu1_1 2021-11-23 11:44:11 8208 正常|好点 true 浮点型r/R
Simu1_1 2021-11-23 11:44:12 8208 正常|好点 true 浮点型r/R
Simu1_1 2021-11-23 11:44:13 8208 正常|好点 true 浮点型r/R
Simu1_1 2021-11-23 11:44:14 8208 正常|好点 true 浮点型r/R
Simu1_1 2021-11-23 11:44:15 8208 正常|好点 true 浮点型r/R
Simu1_1 2021-11-23 11:44:16 8208 正常|好点 true 浮点型r/R
Simu1_1 2021-11-23 11:44:17 8208 正常|好点 true 浮点型r/R
Simu1_1 2021-11-23 11:44:18 8208 正常|好点 true 浮点型r/R
Simu1_1 2021-11-23 11:44:19 8208 正常|好点 true 浮点型r/R
Simu1_1 2021-11-23 11:44:20 8208 正常|好点 true 浮点型r/R
Simu1_1 2021-11-23 11:44:21 8208 正常|好点 true 浮点型r/R
Simu1_1 2021-11-23 11:44:22 8208 正常|好点 true 浮点型r/R
Simu1_1 2021-11-23 11:44:23 8208 正常|好点 true 浮点型r/R
Simu1_1 2021-11-23 11:44:24 8208 正常|好点 true 浮点型r/R
Simu1_1 2021-11-23 11:44:25 8208 正常|好点 true 浮点型r/R
Simu1_1 2021-11-23 11:44:26 8208 正常|好点 true 浮点型r/R
Simu1_1 2021-11-23 11:44:27 8208 正常|好点 true 浮点型r/R
Simu1_1 2021-11-23 11:44:28 8208 正常|好点 true 浮点型r/R
Simu1_1 2021-11-23 11:44:29 8208 正常|好点 true 浮点型r/R
Simu1_1 2021-11-23 11:44:30 8208 正常|好点 true 浮点型r/R
Simu1_1 2021-11-23 11:44:31 8208 正常|好点 true 浮点型r/R
Simu1_1 2021-11-23 11:44:32 8208 正常|好点 true 浮点型r/R
Simu1_1 2021-11-23 11:44:33 8208 正常|好点 true 浮点型r/R
Simu1_1 2021-11-23 11:44:34 8208 正常|好点 true 浮点型r/R
Simu1_1 2021-11-23 11:44:35 8208 正常|好点 true 浮点型r/R
Simu1_1 2021-11-23 11:44:36 8208 正常|好点 true 浮点型r/R
Simu1_1 2021-11-23 11:44:37 8208 正常|好点 true 浮点型r/R
Simu1_1 2021-11-23 11:44:38 8208 正常|好点 false 浮点型r/R
Simu1_1 2021-11-23 11:44:39 8208 正常|好点 true 浮点型r/R
Simu1_1 2021-11-23 11:44:40 8208 正常|好点 true 浮点型r/R
Simu1_1 2021-11-23 11:44:41 8208 正常|好点 true 浮点型r/R
Simu1_1 2021-11-23 11:44:42 8208 正常|好点 true 浮点型r/R
Simu1_1 2021-11-23 11:44:43 8208 正常|好点 true 浮点型r/R
Simu1_1 2021-11-23 11:44:44 8208 正常|好点 true 浮点型r/R
Simu1_1 2021-11-23 11:44:45 8208 正常|好点 true 浮点型r/R
Simu1_1 2021-11-23 11:44:46 8208 正常|好点 true 浮点型r/R
Simu1_1 2021-11-23 11:44:47 8208 正常|好点 true 浮点型r/R
Simu1_1 2021-11-23 11:44:48 8208 正常|好点 true 浮点型r/R
Simu1_1 2021-11-23 11:44:49 8208 正常|好点 true 浮点型r/R
Simu1_1 2021-11-23 11:44:50 8208 正常|好点 true 浮点型r/R
Simu1_1 2021-11-23 11:44:51 8208 正常|好点 true 浮点型r/R
Simu1_1 2021-11-23 11:44:52 8208 正常|好点 true 浮点型r/R
Simu1_1 2021-11-23 11:44:53 8208 正常|好点 true 浮点型r/R
Simu1_1 2021-11-23 11:44:54 8208 正常|好点 true 浮点型r/R
Simu1_1 2021-11-23 11:44:55 8208 正常|好点 true 浮点型r/R
Simu1_1 2021-11-23 11:44:56 8208 正常|好点 true 浮点型r/R
Simu1_1 2021-11-23 11:44:57 8208 正常|好点 true 浮点型r/R
Simu1_1 2021-11-23 11:44:58 8208 正常|好点 true 浮点型r/R
Simu1_1 2021-11-23 11:44:59 8208 正常|好点 true 浮点型r/R
Simu1_1 2021-11-23 11:45:00 8208 正常|好点 true 浮点型r/R
Simu1_1 2021-11-23 11:45:01 8208 正常|好点 true 浮点型r/R
Simu1_1 2021-11-23 11:45:02 8208 正常|好点 true 浮点型r/R
Simu1_1 2021-11-23 11:45:03 8208 正常|好点 true 浮点型r/R
Simu1_1 2021-11-23 11:45:04 8208 正常|好点 true 浮点型r/R
Simu1_1 2021-11-23 11:45:05 8208 正常|好点 true 浮点型r/R
Simu1_1 2021-11-23 11:45:06 8208 正常|好点 true 浮点型r/R
Simu1_1 2021-11-23 11:45:07 8208 正常|好点 true 浮点型r/R
Simu1_1 2021-11-23 11:45:08 8208 正常|好点 true 浮点型r/R
Simu1_1 2021-11-23 11:45:09 8208 正常|好点 true 浮点型r/R
Simu1_1 2021-11-23 11:45:10 8208 正常|好点 true 浮点型r/R
Simu1_1 2021-11-23 11:45:11 8208 正常|好点 true 浮点型r/R
Simu1_1 2021-11-23 11:45:12 8208 正常|好点 true 浮点型r/R
Simu1_1 2021-11-23 11:45:13 8208 正常|好点 true 浮点型r/R
Simu1_1 2021-11-23 11:45:14 8208 正常|好点 true 浮点型r/R
Simu1_1 2021-11-23 11:45:15 8208 正常|好点 true 浮点型r/R
Simu1_1 2021-11-23 11:45:16 8208 正常|好点 true 浮点型r/R
Simu1_1 2021-11-23 11:45:17 8208 正常|好点 true 浮点型r/R
Simu1_1 2021-11-23 11:45:18 8208 正常|好点 true 浮点型r/R
Simu1_1 2021-11-23 11:45:19 8208 正常|好点 true 浮点型r/R
Simu1_1 2021-11-23 11:45:20 8208 正常|好点 true 浮点型r/R
Simu1_1 2021-11-23 11:45:21 8208 正常|好点 true 浮点型r/R
Simu1_1 2021-11-23 11:45:22 8208 正常|好点 true 浮点型r/R
Simu1_1 2021-11-23 11:45:23 8208 正常|好点 true 浮点型r/R
Simu1_1 2021-11-23 11:45:24 8208 正常|好点 true 浮点型r/R
Simu1_1 2021-11-23 11:45:25 8208 正常|好点 true 浮点型r/R
Simu1_1 2021-11-23 11:45:26 8208 正常|好点 true 浮点型r/R
Simu1_1 2021-11-23 11:45:27 8208 正常|好点 true 浮点型r/R
Simu1_1 2021-11-23 11:45:28 8208 正常|好点 true 浮点型r/R
Simu1_1 2021-11-23 11:45:29 8208 正常|好点 true 浮点型r/R
Simu1_1 2021-11-23 11:45:30 8208 正常|好点 true 浮点型r/R
Simu1_1 2021-11-23 11:45:31 8208 正常|好点 true 浮点型r/R
Simu1_1 2021-11-23 11:45:32 8208 正常|好点 true 浮点型r/R
Simu1_1 2021-11-23 11:45:33 8208 正常|好点 true 浮点型r/R
Simu1_1 2021-11-23 11:45:34 8208 正常|好点 true 浮点型r/R
Simu1_1 2021-11-23 11:45:35 8208 正常|好点 true 浮点型r/R
Simu1_1 2021-11-23 11:45:36 8208 正常|好点 true 浮点型r/R
Simu1_1 2021-11-23 11:45:37 8208 正常|好点 true 浮点型r/R
Simu1_1 2021-11-23 11:45:38 8208 正常|好点 true 浮点型r/R
Simu1_1 2021-11-23 11:45:39 8208 正常|好点 true 浮点型r/R
Simu1_1 2021-11-23 11:45:40 8208 正常|好点 true 浮点型r/R
Simu1_1 2021-11-23 11:45:41 8208 正常|好点 true 浮点型r/R
Simu1_1 2021-11-23 11:45:42 8208 正常|好点 true 浮点型r/R
Simu1_1 2021-11-23 11:45:43 8208 正常|好点 true 浮点型r/R
Simu1_1 2021-11-23 11:45:44 8208 正常|好点 true 浮点型r/R
Simu1_1 2021-11-23 11:45:45 8208 正常|好点 true 浮点型r/R
Simu1_1 2021-11-23 11:45:46 8208 正常|好点 true 浮点型r/R
Simu1_1 2021-11-23 11:45:47 8208 正常|好点 true 浮点型r/R
Simu1_1 2021-11-23 11:45:48 8208 正常|好点 true 浮点型r/R
Simu1_1 2021-11-23 11:45:49 8208 正常|好点 true 浮点型r/R
Simu1_1 2021-11-23 11:45:50 8208 正常|好点 true 浮点型r/R
Simu1_1 2021-11-23 11:45:51 8208 正常|好点 true 浮点型r/R
Simu1_1 2021-11-23 11:45:52 8208 正常|好点 true 浮点型r/R
Simu1_1 2021-11-23 11:45:53 8208 正常|好点 true 浮点型r/R
Simu1_1 2021-11-23 11:45:54 8208 正常|好点 true 浮点型r/R
Simu1_1 2021-11-23 11:45:55 8208 正常|好点 true 浮点型r/R
Simu1_1 2021-11-23 11:45:56 8208 正常|好点 true 浮点型r/R
Simu1_1 2021-11-23 11:45:57 8208 正常|好点 true 浮点型r/R
Simu1_1 2021-11-23 11:45:58 8208 正常|好点 true 浮点型r/R
Simu1_1 2021-11-23 11:45:59 8208 正常|好点 true 浮点型r/R
Simu1_1 2021-11-23 11:46:00 8208 正常|好点 true 浮点型r/R
Simu1_1 2021-11-23 11:46:01 8208 正常|好点 true 浮点型r/R
Simu1_1 2021-11-23 11:46:02 8208 正常|好点 true 浮点型r/R
Simu1_1 2021-11-23 11:46:03 8208 正常|好点 true 浮点型r/R
Simu1_1 2021-11-23 11:46:04 8208 正常|好点 true 浮点型r/R
Simu1_1 2021-11-23 11:46:05 8208 正常|好点 true 浮点型r/R
Simu1_1 2021-11-23 11:46:06 8208 正常|好点 true 浮点型r/R
Simu1_1 2021-11-23 11:46:07 8208 正常|好点 true 浮点型r/R
Simu1_1 2021-11-23 11:46:08 8208 正常|好点 true 浮点型r/R
Simu1_1 2021-11-23 11:46:09 8208 正常|好点 true 浮点型r/R
Simu1_1 2021-11-23 11:46:10 8208 正常|好点 true 浮点型r/R
Simu1_1 2021-11-23 11:46:11 8208 正常|好点 true 浮点型r/R
Simu1_1 2021-11-23 11:46:12 8208 正常|好点 true 浮点型r/R
Simu1_1 2021-11-23 11:46:13 8208 正常|好点 true 浮点型r/R
Simu1_1 2021-11-23 11:46:14 8208 正常|好点 true 浮点型r/R
Simu1_1 2021-11-23 11:46:15 8208 正常|好点 true 浮点型r/R
Simu1_1 2021-11-23 11:46:16 8208 正常|好点 true 浮点型r/R
Simu1_1 2021-11-23 11:46:17 8208 正常|好点 true 浮点型r/R
Simu1_1 2021-11-23 11:46:18 8208 正常|好点 true 浮点型r/R
Simu1_1 2021-11-23 11:46:19 8208 正常|好点 true 浮点型r/R
Simu1_1 2021-11-23 11:46:20 8208 正常|好点 true 浮点型r/R
Simu1_1 2021-11-23 11:46:21 8208 正常|好点 true 浮点型r/R
Simu1_1 2021-11-23 11:46:22 8208 正常|好点 true 浮点型r/R
Simu1_1 2021-11-23 11:46:23 8208 正常|好点 true 浮点型r/R
Simu1_1 2021-11-23 11:46:24 8208 正常|好点 true 浮点型r/R
Simu1_1 2021-11-23 11:46:25 8208 正常|好点 true 浮点型r/R
Simu1_1 2021-11-23 11:46:26 8208 正常|好点 true 浮点型r/R
Simu1_1 2021-11-23 11:46:27 8208 正常|好点 true 浮点型r/R
Simu1_1 2021-11-23 11:46:28 8208 正常|好点 true 浮点型r/R
Simu1_1 2021-11-23 11:46:29 8208 正常|好点 true 浮点型r/R
Simu1_1 2021-11-23 11:46:30 8208 正常|好点 true 浮点型r/R
Simu1_1 2021-11-23 11:46:31 8208 正常|好点 true 浮点型r/R
Simu1_1 2021-11-23 11:46:32 8208 正常|好点 true 浮点型r/R
Simu1_1 2021-11-23 11:46:33 8208 正常|好点 true 浮点型r/R
Simu1_1 2021-11-23 11:46:34 8208 正常|好点 true 浮点型r/R
Simu1_1 2021-11-23 11:46:35 8208 正常|好点 true 浮点型r/R
Simu1_1 2021-11-23 11:46:36 8208 正常|好点 true 浮点型r/R
Simu1_1 2021-11-23 11:46:37 8208 正常|好点 true 浮点型r/R
Simu1_1 2021-11-23 11:46:38 8208 正常|好点 true 浮点型r/R
Simu1_1 2021-11-23 11:46:39 8208 正常|好点 true 浮点型r/R
Simu1_1 2021-11-23 11:46:40 8208 正常|好点 true 浮点型r/R
Simu1_1 2021-11-23 11:46:41 8208 正常|好点 true 浮点型r/R
Simu1_1 2021-11-23 11:46:42 8208 正常|好点 true 浮点型r/R
Simu1_1 2021-11-23 11:46:43 8208 正常|好点 true 浮点型r/R
Simu1_1 2021-11-23 11:46:44 8208 正常|好点 true 浮点型r/R
Simu1_1 2021-11-23 11:46:45 8208 正常|好点 true 浮点型r/R
Simu1_1 2021-11-23 11:46:46 8208 正常|好点 true 浮点型r/R
Simu1_1 2021-11-23 11:46:47 8208 正常|好点 true 浮点型r/R
Simu1_1 2021-11-23 11:46:48 8208 正常|好点 true 浮点型r/R
Simu1_1 2021-11-23 11:46:49 8208 正常|好点 true 浮点型r/R
Simu1_1 2021-11-23 11:46:50 8208 正常|好点 true 浮点型r/R
Simu1_1 2021-11-23 11:46:51 8208 正常|好点 true 浮点型r/R
Simu1_1 2021-11-23 11:46:52 8208 正常|好点 true 浮点型r/R
Simu1_1 2021-11-23 11:46:53 8208 正常|好点 true 浮点型r/R
Simu1_1 2021-11-23 11:46:54 8208 正常|好点 true 浮点型r/R
Simu1_1 2021-11-23 11:46:55 8208 正常|好点 true 浮点型r/R
Simu1_1 2021-11-23 11:46:56 8208 正常|好点 true 浮点型r/R
Simu1_1 2021-11-23 11:46:57 8208 正常|好点 true 浮点型r/R
Simu1_1 2021-11-23 11:46:58 8208 正常|好点 true 浮点型r/R
Simu1_1 2021-11-23 11:46:59 8208 正常|好点 true 浮点型r/R
Simu1_1 2021-11-23 11:47:00 8208 正常|好点 true 浮点型r/R
Simu1_1 2021-11-23 11:47:01 8208 正常|好点 true 浮点型r/R
Simu1_1 2021-11-23 11:47:02 8208 正常|好点 true 浮点型r/R
Simu1_1 2021-11-23 11:47:03 8208 正常|好点 true 浮点型r/R
Simu1_1 2021-11-23 11:47:04 8208 正常|好点 true 浮点型r/R
Simu1_1 2021-11-23 11:47:05 8208 正常|好点 true 浮点型r/R
Simu1_1 2021-11-23 11:47:06 8208 正常|好点 true 浮点型r/R
Simu1_1 2021-11-23 11:47:07 8208 正常|好点 true 浮点型r/R
Simu1_1 2021-11-23 11:47:08 8208 正常|好点 false 浮点型r/R
Simu1_1 2021-11-23 11:47:09 8208 正常|好点 true 浮点型r/R
Simu1_1 2021-11-23 11:47:10 8208 正常|好点 true 浮点型r/R
Simu1_1 2021-11-23 11:47:11 8208 正常|好点 true 浮点型r/R
Simu1_1 2021-11-23 11:47:12 8208 正常|好点 true 浮点型r/R
Simu1_1 2021-11-23 11:47:13 8208 正常|好点 true 浮点型r/R
Simu1_1 2021-11-23 11:47:14 8208 正常|好点 true 浮点型r/R
Simu1_1 2021-11-23 11:47:15 8208 正常|好点 true 浮点型r/R
Simu1_1 2021-11-23 11:47:16 8208 正常|好点 true 浮点型r/R
Simu1_1 2021-11-23 11:47:17 8208 正常|好点 true 浮点型r/R
Simu1_1 2021-11-23 11:47:18 8208 正常|好点 true 浮点型r/R
Simu1_1 2021-11-23 11:47:19 8208 正常|好点 true 浮点型r/R
Simu1_1 2021-11-23 11:47:20 8208 正常|好点 true 浮点型r/R
Simu1_1 2021-11-23 11:47:21 8208 正常|好点 true 浮点型r/R
Simu1_1 2021-11-23 11:47:22 8208 正常|好点 true 浮点型r/R
Simu1_1 2021-11-23 11:47:23 8208 正常|好点 true 浮点型r/R
Simu1_1 2021-11-23 11:47:24 8208 正常|好点 true 浮点型r/R
Simu1_1 2021-11-23 11:47:25 8208 正常|好点 true 浮点型r/R
Simu1_1 2021-11-23 11:47:26 8208 正常|好点 true 浮点型r/R
Simu1_1 2021-11-23 11:47:27 8208 正常|好点 true 浮点型r/R
Simu1_1 2021-11-23 11:47:28 8208 正常|好点 true 浮点型r/R
Simu1_1 2021-11-23 11:47:29 8208 正常|好点 true 浮点型r/R
Simu1_1 2021-11-23 11:47:30 8208 正常|好点 true 浮点型r/R
Simu1_1 2021-11-23 11:47:31 8208 正常|好点 true 浮点型r/R
Simu1_1 2021-11-23 11:47:32 8208 正常|好点 true 浮点型r/R
Simu1_1 2021-11-23 11:47:33 8208 正常|好点 true 浮点型r/R
Simu1_1 2021-11-23 11:47:34 8208 正常|好点 true 浮点型r/R
Simu1_1 2021-11-23 11:47:35 8208 正常|好点 true 浮点型r/R
Simu1_1 2021-11-23 11:47:36 8208 正常|好点 true 浮点型r/R
Simu1_1 2021-11-23 11:47:37 8208 正常|好点 true 浮点型r/R
Simu1_1 2021-11-23 11:47:38 8208 正常|好点 true 浮点型r/R
Simu1_1 2021-11-23 11:47:39 8208 正常|好点 true 浮点型r/R
Simu1_1 2021-11-23 11:47:40 8208 正常|好点 true 浮点型r/R
Simu1_1 2021-11-23 11:47:41 8208 正常|好点 true 浮点型r/R
Simu1_1 2021-11-23 11:47:42 8208 正常|好点 true 浮点型r/R
Simu1_1 2021-11-23 11:47:43 8208 正常|好点 true 浮点型r/R
Simu1_1 2021-11-23 11:47:44 8208 正常|好点 true 浮点型r/R
Simu1_1 2021-11-23 11:47:45 8208 正常|好点 true 浮点型r/R
Simu1_1 2021-11-23 11:47:46 8208 正常|好点 true 浮点型r/R
Simu1_1 2021-11-23 11:47:47 8208 正常|好点 true 浮点型r/R
Simu1_1 2021-11-23 11:47:48 8208 正常|好点 true 浮点型r/R
Simu1_1 2021-11-23 11:47:49 8208 正常|好点 true 浮点型r/R
Simu1_1 2021-11-23 11:47:50 8208 正常|好点 true 浮点型r/R
Simu1_1 2021-11-23 11:47:51 8208 正常|好点 true 浮点型r/R
Simu1_1 2021-11-23 11:47:52 8208 正常|好点 true 浮点型r/R
Simu1_1 2021-11-23 11:47:53 8208 正常|好点 true 浮点型r/R
Simu1_1 2021-11-23 11:47:54 8208 正常|好点 true 浮点型r/R
Simu1_1 2021-11-23 11:47:55 8208 正常|好点 true 浮点型r/R
Simu1_1 2021-11-23 11:47:56 8208 正常|好点 true 浮点型r/R
Simu1_1 2021-11-23 11:47:57 8208 正常|好点 true 浮点型r/R
Simu1_1 2021-11-23 11:47:58 8208 正常|好点 true 浮点型r/R
Simu1_1 2021-11-23 11:47:59 8208 正常|好点 true 浮点型r/R
Simu1_1 2021-11-23 11:48:00 8208 正常|好点 true 浮点型r/R
Simu1_1 2021-11-23 11:48:01 8208 正常|好点 true 浮点型r/R
Simu1_1 2021-11-23 11:48:02 8208 正常|好点 true 浮点型r/R
Simu1_1 2021-11-23 11:48:03 8208 正常|好点 true 浮点型r/R
Simu1_1 2021-11-23 11:48:04 8208 正常|好点 true 浮点型r/R
Simu1_1 2021-11-23 11:48:05 8208 正常|好点 true 浮点型r/R
Simu1_1 2021-11-23 11:48:06 8208 正常|好点 true 浮点型r/R
Simu1_1 2021-11-23 11:48:07 8208 正常|好点 true 浮点型r/R
Simu1_1 2021-11-23 11:48:08 8208 正常|好点 true 浮点型r/R
Simu1_1 2021-11-23 11:48:09 8208 正常|好点 true 浮点型r/R
Simu1_1 2021-11-23 11:48:10 8208 正常|好点 true 浮点型r/R
Simu1_1 2021-11-23 11:48:11 8208 正常|好点 true 浮点型r/R
Simu1_1 2021-11-23 11:48:12 8208 正常|好点 true 浮点型r/R
Simu1_1 2021-11-23 11:48:13 8208 正常|好点 true 浮点型r/R
Simu1_1 2021-11-23 11:48:14 8208 正常|好点 true 浮点型r/R
Simu1_1 2021-11-23 11:48:15 8208 正常|好点 true 浮点型r/R
Simu1_1 2021-11-23 11:48:16 8208 正常|好点 true 浮点型r/R
Simu1_1 2021-11-23 11:48:17 8208 正常|好点 true 浮点型r/R
Simu1_1 2021-11-23 11:48:18 8208 正常|好点 true 浮点型r/R
Simu1_1 2021-11-23 11:48:19 8208 正常|好点 true 浮点型r/R
Simu1_1 2021-11-23 11:48:20 8208 正常|好点 true 浮点型r/R
Simu1_1 2021-11-23 11:48:21 8208 正常|好点 true 浮点型r/R
Simu1_1 2021-11-23 11:48:22 8208 正常|好点 true 浮点型r/R
Simu1_1 2021-11-23 11:48:23 8208 正常|好点 true 浮点型r/R
Simu1_1 2021-11-23 11:48:24 8208 正常|好点 true 浮点型r/R
Simu1_1 2021-11-23 11:48:25 8208 正常|好点 true 浮点型r/R
Simu1_1 2021-11-23 11:48:26 8208 正常|好点 true 浮点型r/R
Simu1_1 2021-11-23 11:48:27 8208 正常|好点 true 浮点型r/R
Simu1_1 2021-11-23 11:48:28 8208 正常|好点 true 浮点型r/R
Simu1_1 2021-11-23 11:48:29 8208 正常|好点 true 浮点型r/R
Simu1_1 2021-11-23 11:48:30 8208 正常|好点 true 浮点型r/R
Simu1_1 2021-11-23 11:48:31 8208 正常|好点 true 浮点型r/R
Simu1_1 2021-11-23 11:48:32 8208 正常|好点 true 浮点型r/R
Simu1_1 2021-11-23 11:48:33 8208 正常|好点 true 浮点型r/R
Simu1_1 2021-11-23 11:48:34 8208 正常|好点 true 浮点型r/R
Simu1_1 2021-11-23 11:48:35 8208 正常|好点 true 浮点型r/R
Simu1_1 2021-11-23 11:48:36 8208 正常|好点 true 浮点型r/R
Simu1_1 2021-11-23 11:48:37 8208 正常|好点 true 浮点型r/R
Simu1_1 2021-11-23 11:48:38 8208 正常|好点 true 浮点型r/R
Simu1_1 2021-11-23 11:48:39 8208 正常|好点 true 浮点型r/R
Simu1_1 2021-11-23 11:48:40 8208 正常|好点 true 浮点型r/R
Simu1_1 2021-11-23 11:48:41 8208 正常|好点 true 浮点型r/R
Simu1_1 2021-11-23 11:48:42 8208 正常|好点 true 浮点型r/R
Simu1_1 2021-11-23 11:48:43 8208 正常|好点 true 浮点型r/R
Simu1_1 2021-11-23 11:48:44 8208 正常|好点 true 浮点型r/R
Simu1_1 2021-11-23 11:48:45 8208 正常|好点 true 浮点型r/R
Simu1_1 2021-11-23 11:48:46 8208 正常|好点 true 浮点型r/R
Simu1_1 2021-11-23 11:48:47 8208 正常|好点 true 浮点型r/R
Simu1_1 2021-11-23 11:48:48 8208 正常|好点 true 浮点型r/R
Simu1_1 2021-11-23 11:48:49 8208 正常|好点 true 浮点型r/R
Simu1_1 2021-11-23 11:48:50 8208 正常|好点 true 浮点型r/R
Simu1_1 2021-11-23 11:48:51 8208 正常|好点 true 浮点型r/R
Simu1_1 2021-11-23 11:48:52 8208 正常|好点 true 浮点型r/R
Simu1_1 2021-11-23 11:48:53 8208 正常|好点 true 浮点型r/R
Simu1_1 2021-11-23 11:48:54 8208 正常|好点 true 浮点型r/R
Simu1_1 2021-11-23 11:48:55 8208 正常|好点 true 浮点型r/R
Simu1_1 2021-11-23 11:48:56 8208 正常|好点 true 浮点型r/R
Simu1_1 2021-11-23 11:48:57 8208 正常|好点 true 浮点型r/R
Simu1_1 2021-11-23 11:48:58 8208 正常|好点 true 浮点型r/R
Simu1_1 2021-11-23 11:48:59 8208 正常|好点 true 浮点型r/R
Simu1_1 2021-11-23 11:49:00 8208 正常|好点 true 浮点型r/R
Simu1_1 2021-11-23 11:49:01 8208 正常|好点 true 浮点型r/R
Simu1_1 2021-11-23 11:49:02 8208 正常|好点 true 浮点型r/R
Simu1_1 2021-11-23 11:49:03 8208 正常|好点 true 浮点型r/R
Simu1_1 2021-11-23 11:49:04 8208 正常|好点 true 浮点型r/R
Simu1_1 2021-11-23 11:49:05 8208 正常|好点 true 浮点型r/R
Simu1_1 2021-11-23 11:49:06 8208 正常|好点 true 浮点型r/R
Simu1_1 2021-11-23 11:49:07 8208 正常|好点 true 浮点型r/R
Simu1_1 2021-11-23 11:49:08 8208 正常|好点 true 浮点型r/R
Simu1_1 2021-11-23 11:49:09 8208 正常|好点 true 浮点型r/R
Simu1_1 2021-11-23 11:49:10 8208 正常|好点 true 浮点型r/R
Simu1_1 2021-11-23 11:49:11 8208 正常|好点 true 浮点型r/R
Simu1_1 2021-11-23 11:49:12 8208 正常|好点 true 浮点型r/R
Simu1_1 2021-11-23 11:49:13 8208 正常|好点 true 浮点型r/R
Simu1_1 2021-11-23 11:49:14 8208 正常|好点 true 浮点型r/R
Simu1_1 2021-11-23 11:49:15 8208 正常|好点 true 浮点型r/R
Simu1_1 2021-11-23 11:49:16 8208 正常|好点 true 浮点型r/R
Simu1_1 2021-11-23 11:49:17 8208 正常|好点 true 浮点型r/R
Simu1_1 2021-11-23 11:49:18 8208 正常|好点 true 浮点型r/R
Simu1_1 2021-11-23 11:49:19 8208 正常|好点 true 浮点型r/R
Simu1_1 2021-11-23 11:49:20 8208 正常|好点 true 浮点型r/R
Simu1_1 2021-11-23 11:49:21 8208 正常|好点 true 浮点型r/R
Simu1_1 2021-11-23 11:49:22 8208 正常|好点 true 浮点型r/R
Simu1_1 2021-11-23 11:49:23 8208 正常|好点 true 浮点型r/R
Simu1_1 2021-11-23 11:49:24 8208 正常|好点 true 浮点型r/R
Simu1_1 2021-11-23 11:49:25 8208 正常|好点 true 浮点型r/R
Simu1_1 2021-11-23 11:49:26 8208 正常|好点 true 浮点型r/R
Simu1_1 2021-11-23 11:49:27 8208 正常|好点 true 浮点型r/R
Simu1_1 2021-11-23 11:49:28 8208 正常|好点 true 浮点型r/R
Simu1_1 2021-11-23 11:49:29 8208 正常|好点 true 浮点型r/R
Simu1_1 2021-11-23 11:49:30 8208 正常|好点 true 浮点型r/R
Simu1_1 2021-11-23 11:49:31 8208 正常|好点 true 浮点型r/R
Simu1_1 2021-11-23 11:49:32 8208 正常|好点 true 浮点型r/R
Simu1_1 2021-11-23 11:49:33 8208 正常|好点 true 浮点型r/R
Simu1_1 2021-11-23 11:49:34 8208 正常|好点 true 浮点型r/R
Simu1_1 2021-11-23 11:49:35 8208 正常|好点 true 浮点型r/R
Simu1_1 2021-11-23 11:49:36 8208 正常|好点 true 浮点型r/R
Simu1_1 2021-11-23 11:49:37 8208 正常|好点 true 浮点型r/R
Simu1_1 2021-11-23 11:49:38 8208 正常|好点 false 浮点型r/R
Simu1_1 2021-11-23 11:49:39 8208 正常|好点 true 浮点型r/R
Simu1_1 2021-11-23 11:49:40 8208 正常|好点 true 浮点型r/R
Simu1_1 2021-11-23 11:49:41 8208 正常|好点 true 浮点型r/R
Simu1_1 2021-11-23 11:49:42 8208 正常|好点 true 浮点型r/R
Simu1_1 2021-11-23 11:49:43 8208 正常|好点 true 浮点型r/R
Simu1_1 2021-11-23 11:49:44 8208 正常|好点 true 浮点型r/R
Simu1_1 2021-11-23 11:49:45 8208 正常|好点 true 浮点型r/R
Simu1_1 2021-11-23 11:49:46 8208 正常|好点 true 浮点型r/R
Simu1_1 2021-11-23 11:49:47 8208 正常|好点 true 浮点型r/R
Simu1_1 2021-11-23 11:49:48 8208 正常|好点 true 浮点型r/R
Simu1_1 2021-11-23 11:49:49 8208 正常|好点 true 浮点型r/R
Simu1_1 2021-11-23 11:49:50 8208 正常|好点 true 浮点型r/R
Simu1_1 2021-11-23 11:49:51 8208 正常|好点 true 浮点型r/R
Simu1_1 2021-11-23 11:49:52 8208 正常|好点 true 浮点型r/R
Simu1_1 2021-11-23 11:49:53 8208 正常|好点 true 浮点型r/R
Simu1_1 2021-11-23 11:49:54 8208 正常|好点 true 浮点型r/R
Simu1_1 2021-11-23 11:49:55 8208 正常|好点 true 浮点型r/R
Simu1_1 2021-11-23 11:49:56 8208 正常|好点 true 浮点型r/R
Simu1_1 2021-11-23 11:49:57 8208 正常|好点 true 浮点型r/R
Simu1_1 2021-11-23 11:49:58 8208 正常|好点 true 浮点型r/R
Simu1_1 2021-11-23 11:49:59 8208 正常|好点 true 浮点型r/R
Simu1_1 2021-11-23 11:50:00 8208 正常|好点 true 浮点型r/R
Simu1_1 2021-11-23 11:50:01 8208 正常|好点 true 浮点型r/R
Simu1_1 2021-11-23 11:50:02 8208 正常|好点 true 浮点型r/R
Simu1_1 2021-11-23 11:50:03 8208 正常|好点 true 浮点型r/R
Simu1_1 2021-11-23 11:50:04 8208 正常|好点 true 浮点型r/R
Simu1_1 2021-11-23 11:50:05 8208 正常|好点 true 浮点型r/R
Simu1_1 2021-11-23 11:50:06 8208 正常|好点 true 浮点型r/R
Simu1_1 2021-11-23 11:50:07 8208 正常|好点 true 浮点型r/R
Simu1_1 2021-11-23 11:50:08 8208 正常|好点 true 浮点型r/R
Simu1_1 2021-11-23 11:50:09 8208 正常|好点 true 浮点型r/R
Simu1_1 2021-11-23 11:50:10 8208 正常|好点 true 浮点型r/R
Simu1_1 2021-11-23 11:50:11 8208 正常|好点 true 浮点型r/R
Simu1_1 2021-11-23 11:50:12 8208 正常|好点 true 浮点型r/R
Simu1_1 2021-11-23 11:50:13 8208 正常|好点 true 浮点型r/R
Simu1_1 2021-11-23 11:50:14 8208 正常|好点 true 浮点型r/R
Simu1_1 2021-11-23 11:50:15 8208 正常|好点 true 浮点型r/R
Simu1_1 2021-11-23 11:50:16 8208 正常|好点 true 浮点型r/R
Simu1_1 2021-11-23 11:50:17 8208 正常|好点 true 浮点型r/R
Simu1_1 2021-11-23 11:50:18 8208 正常|好点 true 浮点型r/R
Simu1_1 2021-11-23 11:50:19 8208 正常|好点 true 浮点型r/R
Simu1_1 2021-11-23 11:50:20 8208 正常|好点 true 浮点型r/R
Simu1_1 2021-11-23 11:50:21 8208 正常|好点 true 浮点型r/R
Simu1_1 2021-11-23 11:50:22 8208 正常|好点 true 浮点型r/R
Simu1_1 2021-11-23 11:50:23 8208 正常|好点 true 浮点型r/R
Simu1_1 2021-11-23 11:50:24 8208 正常|好点 true 浮点型r/R
Simu1_1 2021-11-23 11:50:25 8208 正常|好点 true 浮点型r/R
Simu1_1 2021-11-23 11:50:26 8208 正常|好点 true 浮点型r/R
Simu1_1 2021-11-23 11:50:27 8208 正常|好点 true 浮点型r/R
Simu1_1 2021-11-23 11:50:28 8208 正常|好点 true 浮点型r/R
Simu1_1 2021-11-23 11:50:29 8208 正常|好点 true 浮点型r/R
Simu1_1 2021-11-23 11:50:30 8208 正常|好点 true 浮点型r/R
Simu1_1 2021-11-23 11:50:31 8208 正常|好点 true 浮点型r/R
Simu1_1 2021-11-23 11:50:32 8208 正常|好点 true 浮点型r/R
Simu1_1 2021-11-23 11:50:33 8208 正常|好点 true 浮点型r/R
Simu1_1 2021-11-23 11:50:34 8208 正常|好点 true 浮点型r/R
Simu1_1 2021-11-23 11:50:35 8208 正常|好点 true 浮点型r/R
Simu1_1 2021-11-23 11:50:36 8208 正常|好点 true 浮点型r/R
Simu1_1 2021-11-23 11:50:37 8208 正常|好点 true 浮点型r/R
Simu1_1 2021-11-23 11:50:38 8208 正常|好点 true 浮点型r/R
Simu1_1 2021-11-23 11:50:39 8208 正常|好点 true 浮点型r/R
Simu1_1 2021-11-23 11:50:40 8208 正常|好点 true 浮点型r/R
Simu1_1 2021-11-23 11:50:41 8208 正常|好点 true 浮点型r/R
Simu1_1 2021-11-23 11:50:42 8208 正常|好点 true 浮点型r/R
Simu1_1 2021-11-23 11:50:43 8208 正常|好点 true 浮点型r/R
Simu1_1 2021-11-23 11:50:44 8208 正常|好点 true 浮点型r/R
Simu1_1 2021-11-23 11:50:45 8208 正常|好点 true 浮点型r/R
Simu1_1 2021-11-23 11:50:46 8208 正常|好点 true 浮点型r/R
Simu1_1 2021-11-23 11:50:47 8208 正常|好点 true 浮点型r/R
Simu1_1 2021-11-23 11:50:48 8208 正常|好点 true 浮点型r/R
Simu1_1 2021-11-23 11:50:49 8208 正常|好点 true 浮点型r/R
Simu1_1 2021-11-23 11:50:50 8208 正常|好点 true 浮点型r/R
Simu1_1 2021-11-23 11:50:51 8208 正常|好点 true 浮点型r/R
Simu1_1 2021-11-23 11:50:52 8208 正常|好点 true 浮点型r/R
Simu1_1 2021-11-23 11:50:53 8208 正常|好点 true 浮点型r/R
Simu1_1 2021-11-23 11:50:54 8208 正常|好点 true 浮点型r/R
Simu1_1 2021-11-23 11:50:55 8208 正常|好点 true 浮点型r/R
Simu1_1 2021-11-23 11:50:56 8208 正常|好点 true 浮点型r/R
Simu1_1 2021-11-23 11:50:57 8208 正常|好点 true 浮点型r/R
Simu1_1 2021-11-23 11:50:58 8208 正常|好点 true 浮点型r/R
Simu1_1 2021-11-23 11:50:59 8208 正常|好点 true 浮点型r/R
Simu1_1 2021-11-23 11:51:00 8208 正常|好点 true 浮点型r/R
Simu1_1 2021-11-23 11:51:01 8208 正常|好点 true 浮点型r/R
Simu1_1 2021-11-23 11:51:02 8208 正常|好点 true 浮点型r/R
Simu1_1 2021-11-23 11:51:03 8208 正常|好点 true 浮点型r/R
Simu1_1 2021-11-23 11:51:04 8208 正常|好点 true 浮点型r/R
Simu1_1 2021-11-23 11:51:05 8208 正常|好点 true 浮点型r/R
Simu1_1 2021-11-23 11:51:06 8208 正常|好点 true 浮点型r/R
Simu1_1 2021-11-23 11:51:07 8208 正常|好点 true 浮点型r/R
Simu1_1 2021-11-23 11:51:08 8208 正常|好点 true 浮点型r/R
Simu1_1 2021-11-23 11:51:09 8208 正常|好点 true 浮点型r/R
Simu1_1 2021-11-23 11:51:10 8208 正常|好点 true 浮点型r/R
Simu1_1 2021-11-23 11:51:11 8208 正常|好点 true 浮点型r/R
Simu1_1 2021-11-23 11:51:12 8208 正常|好点 true 浮点型r/R
Simu1_1 2021-11-23 11:51:13 8208 正常|好点 true 浮点型r/R
Simu1_1 2021-11-23 11:51:14 8208 正常|好点 true 浮点型r/R
Simu1_1 2021-11-23 11:51:15 8208 正常|好点 true 浮点型r/R
Simu1_1 2021-11-23 11:51:16 8208 正常|好点 true 浮点型r/R
Simu1_1 2021-11-23 11:51:17 8208 正常|好点 true 浮点型r/R
Simu1_1 2021-11-23 11:51:18 8208 正常|好点 true 浮点型r/R
Simu1_1 2021-11-23 11:51:19 8208 正常|好点 true 浮点型r/R
Simu1_1 2021-11-23 11:51:20 8208 正常|好点 true 浮点型r/R
Simu1_1 2021-11-23 11:51:21 8208 正常|好点 true 浮点型r/R
Simu1_1 2021-11-23 11:51:22 8208 正常|好点 true 浮点型r/R
Simu1_1 2021-11-23 11:51:23 8208 正常|好点 true 浮点型r/R
Simu1_1 2021-11-23 11:51:24 8208 正常|好点 true 浮点型r/R
Simu1_1 2021-11-23 11:51:25 8208 正常|好点 true 浮点型r/R
Simu1_1 2021-11-23 11:51:26 8208 正常|好点 true 浮点型r/R
Simu1_1 2021-11-23 11:51:27 8208 正常|好点 true 浮点型r/R
Simu1_1 2021-11-23 11:51:28 8208 正常|好点 true 浮点型r/R
Simu1_1 2021-11-23 11:51:29 8208 正常|好点 true 浮点型r/R
Simu1_1 2021-11-23 11:51:30 8208 正常|好点 true 浮点型r/R
Simu1_1 2021-11-23 11:51:31 8208 正常|好点 true 浮点型r/R
Simu1_1 2021-11-23 11:51:32 8208 正常|好点 true 浮点型r/R
Simu1_1 2021-11-23 11:51:33 8208 正常|好点 true 浮点型r/R
Simu1_1 2021-11-23 11:51:34 8208 正常|好点 true 浮点型r/R
Simu1_1 2021-11-23 11:51:35 8208 正常|好点 true 浮点型r/R
Simu1_1 2021-11-23 11:51:36 8208 正常|好点 true 浮点型r/R
Simu1_1 2021-11-23 11:51:37 8208 正常|好点 true 浮点型r/R
Simu1_1 2021-11-23 11:51:38 8208 正常|好点 true 浮点型r/R
Simu1_1 2021-11-23 11:51:39 8208 正常|好点 true 浮点型r/R
Simu1_1 2021-11-23 11:51:40 8208 正常|好点 true 浮点型r/R
Simu1_1 2021-11-23 11:51:41 8208 正常|好点 true 浮点型r/R
Simu1_1 2021-11-23 11:51:42 8208 正常|好点 true 浮点型r/R
Simu1_1 2021-11-23 11:51:43 8208 正常|好点 true 浮点型r/R
Simu1_1 2021-11-23 11:51:44 8208 正常|好点 true 浮点型r/R
Simu1_1 2021-11-23 11:51:45 8208 正常|好点 true 浮点型r/R
Simu1_1 2021-11-23 11:51:46 8208 正常|好点 true 浮点型r/R
Simu1_1 2021-11-23 11:51:47 8208 正常|好点 true 浮点型r/R
Simu1_1 2021-11-23 11:51:48 8208 正常|好点 true 浮点型r/R
Simu1_1 2021-11-23 11:51:49 8208 正常|好点 true 浮点型r/R
Simu1_1 2021-11-23 11:51:50 8208 正常|好点 true 浮点型r/R
Simu1_1 2021-11-23 11:51:51 8208 正常|好点 true 浮点型r/R
Simu1_1 2021-11-23 11:51:52 8208 正常|好点 true 浮点型r/R
Simu1_1 2021-11-23 11:51:53 8208 正常|好点 true 浮点型r/R
Simu1_1 2021-11-23 11:51:54 8208 正常|好点 true 浮点型r/R
Simu1_1 2021-11-23 11:51:55 8208 正常|好点 true 浮点型r/R
Simu1_1 2021-11-23 11:51:56 8208 正常|好点 true 浮点型r/R
Simu1_1 2021-11-23 11:51:57 8208 正常|好点 true 浮点型r/R
Simu1_1 2021-11-23 11:51:58 8208 正常|好点 true 浮点型r/R
Simu1_1 2021-11-23 11:51:59 8208 正常|好点 true 浮点型r/R
Simu1_1 2021-11-23 11:52:00 8208 正常|好点 true 浮点型r/R
Simu1_1 2021-11-23 11:52:01 8208 正常|好点 true 浮点型r/R
Simu1_1 2021-11-23 11:52:02 8208 正常|好点 true 浮点型r/R
Simu1_1 2021-11-23 11:52:03 8208 正常|好点 true 浮点型r/R
Simu1_1 2021-11-23 11:52:04 8208 正常|好点 true 浮点型r/R
Simu1_1 2021-11-23 11:52:05 8208 正常|好点 true 浮点型r/R
Simu1_1 2021-11-23 11:52:06 8208 正常|好点 true 浮点型r/R
Simu1_1 2021-11-23 11:52:07 8208 正常|好点 true 浮点型r/R
Simu1_1 2021-11-23 11:52:08 8208 正常|好点 false 浮点型r/R
Simu1_1 2021-11-23 11:52:09 8208 正常|好点 true 浮点型r/R
Simu1_1 2021-11-23 11:52:10 8208 正常|好点 true 浮点型r/R
Simu1_1 2021-11-23 11:52:11 8208 正常|好点 true 浮点型r/R
Simu1_1 2021-11-23 11:52:12 8208 正常|好点 true 浮点型r/R
Simu1_1 2021-11-23 11:52:13 8208 正常|好点 true 浮点型r/R
Simu1_1 2021-11-23 11:52:14 8208 正常|好点 true 浮点型r/R
Simu1_1 2021-11-23 11:52:15 8208 正常|好点 true 浮点型r/R
Simu1_1 2021-11-23 11:52:16 8208 正常|好点 true 浮点型r/R
Simu1_1 2021-11-23 11:52:17 8208 正常|好点 true 浮点型r/R
Simu1_1 2021-11-23 11:52:18 8208 正常|好点 true 浮点型r/R
Simu1_1 2021-11-23 11:52:19 8208 正常|好点 true 浮点型r/R
Simu1_1 2021-11-23 11:52:20 8208 正常|好点 true 浮点型r/R
Simu1_1 2021-11-23 11:52:21 8208 正常|好点 true 浮点型r/R
Simu1_1 2021-11-23 11:52:22 8208 正常|好点 true 浮点型r/R
Simu1_1 2021-11-23 11:52:23 8208 正常|好点 true 浮点型r/R
Simu1_1 2021-11-23 11:52:24 8208 正常|好点 true 浮点型r/R
Simu1_1 2021-11-23 11:52:25 8208 正常|好点 true 浮点型r/R
Simu1_1 2021-11-23 11:52:26 8208 正常|好点 true 浮点型r/R
Simu1_1 2021-11-23 11:52:27 8208 正常|好点 true 浮点型r/R
Simu1_1 2021-11-23 11:52:28 8208 正常|好点 true 浮点型r/R
Simu1_1 2021-11-23 11:52:29 8208 正常|好点 true 浮点型r/R
Simu1_1 2021-11-23 11:52:30 8208 正常|好点 true 浮点型r/R
Simu1_1 2021-11-23 11:52:31 8208 正常|好点 true 浮点型r/R
Simu1_1 2021-11-23 11:52:32 8208 正常|好点 true 浮点型r/R
Simu1_1 2021-11-23 11:52:33 8208 正常|好点 true 浮点型r/R
Simu1_1 2021-11-23 11:52:34 8208 正常|好点 true 浮点型r/R
Simu1_1 2021-11-23 11:52:35 8208 正常|好点 true 浮点型r/R
Simu1_1 2021-11-23 11:52:36 8208 正常|好点 true 浮点型r/R
Simu1_1 2021-11-23 11:52:37 8208 正常|好点 true 浮点型r/R
Simu1_1 2021-11-23 11:52:38 8208 正常|好点 true 浮点型r/R
Simu1_1 2021-11-23 11:52:39 8208 正常|好点 true 浮点型r/R
Simu1_1 2021-11-23 11:52:40 8208 正常|好点 true 浮点型r/R
Simu1_1 2021-11-23 11:52:41 8208 正常|好点 true 浮点型r/R
Simu1_1 2021-11-23 11:52:42 8208 正常|好点 true 浮点型r/R
Simu1_1 2021-11-23 11:52:43 8208 正常|好点 true 浮点型r/R
Simu1_1 2021-11-23 11:52:44 8208 正常|好点 true 浮点型r/R


Simu1_1	2021-11-17 15:55:39	0	正常|好点 8208	布尔型b/B
Simu1_1	2021-11-17 15:55:40	5	正常|好点 8208	布尔型b/B
Simu1_1	2021-11-17 15:55:41	10	正常|好点 8208	布尔型b/B
Simu1_1	2021-11-17 15:55:42	15	正常|好点 8208	布尔型b/B
Simu1_1	2021-11-17 15:55:43	20	正常|好点 8208	布尔型b/B